Archive member included to satisfy reference by file (symbol)

/usr/local/mcuxpressoide-11.7.0_9198/ide/plugins/com.nxp.mcuxpresso.tools.linux_11.7.0.202209140929/tools/bin/../lib/gcc/arm-none-eabi/10.3.1/../../../../arm-none-eabi/lib/thumb/v6-m/nofp/libcr_semihost_nf.a(_cr__main.o)
                              ./startup/startup_mkl25z4.o (__main)
/usr/local/mcuxpressoide-11.7.0_9198/ide/plugins/com.nxp.mcuxpresso.tools.linux_11.7.0.202209140929/tools/bin/../lib/gcc/arm-none-eabi/10.3.1/../../../../arm-none-eabi/lib/thumb/v6-m/nofp/libcr_semihost_nf.a(_cr_assert.o)
                              ./drivers/fsl_clock.o (__assertion_failed)
/usr/local/mcuxpressoide-11.7.0_9198/ide/plugins/com.nxp.mcuxpresso.tools.linux_11.7.0.202209140929/tools/bin/../lib/gcc/arm-none-eabi/10.3.1/../../../../arm-none-eabi/lib/thumb/v6-m/nofp/libcr_semihost_nf.a(__ciob.o)
                              /usr/local/mcuxpressoide-11.7.0_9198/ide/plugins/com.nxp.mcuxpresso.tools.linux_11.7.0.202209140929/tools/bin/../lib/gcc/arm-none-eabi/10.3.1/../../../../arm-none-eabi/lib/thumb/v6-m/nofp/libcr_semihost_nf.a(_cr_assert.o) (__Ciob)
/usr/local/mcuxpressoide-11.7.0_9198/ide/plugins/com.nxp.mcuxpresso.tools.linux_11.7.0.202209140929/tools/bin/../lib/gcc/arm-none-eabi/10.3.1/../../../../arm-none-eabi/lib/thumb/v6-m/nofp/libcr_semihost_nf.a(__sys_appexit.o)
                              /usr/local/mcuxpressoide-11.7.0_9198/ide/plugins/com.nxp.mcuxpresso.tools.linux_11.7.0.202209140929/tools/bin/../lib/gcc/arm-none-eabi/10.3.1/../../../../arm-none-eabi/lib/thumb/v6-m/nofp/libcr_semihost_nf.a(_cr_assert.o) (__sys_appexit)
/usr/local/mcuxpressoide-11.7.0_9198/ide/plugins/com.nxp.mcuxpresso.tools.linux_11.7.0.202209140929/tools/bin/../lib/gcc/arm-none-eabi/10.3.1/../../../../arm-none-eabi/lib/thumb/v6-m/nofp/libcr_c.a(memcpy.o)
                              ./drivers/fsl_flash.o (memcpy)
/usr/local/mcuxpressoide-11.7.0_9198/ide/plugins/com.nxp.mcuxpresso.tools.linux_11.7.0.202209140929/tools/bin/../lib/gcc/arm-none-eabi/10.3.1/../../../../arm-none-eabi/lib/thumb/v6-m/nofp/libcr_c.a(memset.o)
                              ./drivers/fsl_flash.o (memset)
/usr/local/mcuxpressoide-11.7.0_9198/ide/plugins/com.nxp.mcuxpresso.tools.linux_11.7.0.202209140929/tools/bin/../lib/gcc/arm-none-eabi/10.3.1/../../../../arm-none-eabi/lib/thumb/v6-m/nofp/libcr_c.a(_deferredlazyseek.o)
                              /usr/local/mcuxpressoide-11.7.0_9198/ide/plugins/com.nxp.mcuxpresso.tools.linux_11.7.0.202209140929/tools/bin/../lib/gcc/arm-none-eabi/10.3.1/../../../../arm-none-eabi/lib/thumb/v6-m/nofp/libcr_semihost_nf.a(_cr_assert.o) (__flsbuf)
/usr/local/mcuxpressoide-11.7.0_9198/ide/plugins/com.nxp.mcuxpresso.tools.linux_11.7.0.202209140929/tools/bin/../lib/gcc/arm-none-eabi/10.3.1/../../../../arm-none-eabi/lib/thumb/v6-m/nofp/libcr_c.a(_fflush.o)
                              /usr/local/mcuxpressoide-11.7.0_9198/ide/plugins/com.nxp.mcuxpresso.tools.linux_11.7.0.202209140929/tools/bin/../lib/gcc/arm-none-eabi/10.3.1/../../../../arm-none-eabi/lib/thumb/v6-m/nofp/libcr_c.a(_deferredlazyseek.o) (_fflush)
/usr/local/mcuxpressoide-11.7.0_9198/ide/plugins/com.nxp.mcuxpresso.tools.linux_11.7.0.202209140929/tools/bin/../lib/gcc/arm-none-eabi/10.3.1/../../../../arm-none-eabi/lib/thumb/v6-m/nofp/libcr_c.a(_writebuf.o)
                              /usr/local/mcuxpressoide-11.7.0_9198/ide/plugins/com.nxp.mcuxpresso.tools.linux_11.7.0.202209140929/tools/bin/../lib/gcc/arm-none-eabi/10.3.1/../../../../arm-none-eabi/lib/thumb/v6-m/nofp/libcr_c.a(_deferredlazyseek.o) (_Cwritebuf)
/usr/local/mcuxpressoide-11.7.0_9198/ide/plugins/com.nxp.mcuxpresso.tools.linux_11.7.0.202209140929/tools/bin/../lib/gcc/arm-none-eabi/10.3.1/../../../../arm-none-eabi/lib/thumb/v6-m/nofp/libcr_c.a(alloc.o)
                              /usr/local/mcuxpressoide-11.7.0_9198/ide/plugins/com.nxp.mcuxpresso.tools.linux_11.7.0.202209140929/tools/bin/../lib/gcc/arm-none-eabi/10.3.1/../../../../arm-none-eabi/lib/thumb/v6-m/nofp/libcr_c.a(_deferredlazyseek.o) (_Csys_alloc)
/usr/local/mcuxpressoide-11.7.0_9198/ide/plugins/com.nxp.mcuxpresso.tools.linux_11.7.0.202209140929/tools/bin/../lib/gcc/arm-none-eabi/10.3.1/../../../../arm-none-eabi/lib/thumb/v6-m/nofp/libcr_c.a(fputs.o)
                              /usr/local/mcuxpressoide-11.7.0_9198/ide/plugins/com.nxp.mcuxpresso.tools.linux_11.7.0.202209140929/tools/bin/../lib/gcc/arm-none-eabi/10.3.1/../../../../arm-none-eabi/lib/thumb/v6-m/nofp/libcr_semihost_nf.a(_cr_assert.o) (fputs)
/usr/local/mcuxpressoide-11.7.0_9198/ide/plugins/com.nxp.mcuxpresso.tools.linux_11.7.0.202209140929/tools/bin/../lib/gcc/arm-none-eabi/10.3.1/../../../../arm-none-eabi/lib/thumb/v6-m/nofp/libcr_c.a(fseek.o)
                              /usr/local/mcuxpressoide-11.7.0_9198/ide/plugins/com.nxp.mcuxpresso.tools.linux_11.7.0.202209140929/tools/bin/../lib/gcc/arm-none-eabi/10.3.1/../../../../arm-none-eabi/lib/thumb/v6-m/nofp/libcr_c.a(_deferredlazyseek.o) (fseek)
[...]
Memory Configuration

Name             Origin             Length             Attributes
PROGRAM_FLASH    0x0000000000000000 0x0000000000020000 xr
SRAM             0x000000001ffff000 0x0000000000004000 xrw
*default*        0x0000000000000000 0xffffffffffffffff

Linker script and memory map

LOAD ./utilities/fsl_debug_console.o
LOAD ./startup/startup_mkl25z4.o
LOAD ./source/ADC_servo_control.o
LOAD ./source/mtb.o
LOAD ./source/semihost_hardfault.o
LOAD ./drivers/fsl_clock.o
LOAD ./drivers/fsl_common.o
LOAD ./drivers/fsl_flash.o
LOAD ./drivers/fsl_gpio.o
LOAD ./drivers/fsl_lpsci.o
LOAD ./drivers/fsl_smc.o
LOAD ./drivers/fsl_uart.o
LOAD ./board/board.o
LOAD ./board/clock_config.o
LOAD ./board/peripherals.o
LOAD ./board/pin_mux.o
LOAD ./CMSIS/system_MKL25Z4.o
START GROUP
LOAD /usr/local/mcuxpressoide-11.7.0_9198/ide/plugins/com.nxp.mcuxpresso.tools.linux_11.7.0.202209140929/tools/bin/../lib/gcc/arm-none-eabi/10.3.1/../../../../arm-none-eabi/lib/thumb/v6-m/nofp/libcr_semihost_nf.a
LOAD /usr/local/mcuxpressoide-11.7.0_9198/ide/plugins/com.nxp.mcuxpresso.tools.linux_11.7.0.202209140929/tools/bin/../lib/gcc/arm-none-eabi/10.3.1/../../../../arm-none-eabi/lib/thumb/v6-m/nofp/libcr_c.a
LOAD /usr/local/mcuxpressoide-11.7.0_9198/ide/plugins/com.nxp.mcuxpresso.tools.linux_11.7.0.202209140929/tools/bin/../lib/gcc/arm-none-eabi/10.3.1/thumb/v6-m/nofp/libcr_eabihelpers.a
LOAD /usr/local/mcuxpressoide-11.7.0_9198/ide/plugins/com.nxp.mcuxpresso.tools.linux_11.7.0.202209140929/tools/bin/../lib/gcc/arm-none-eabi/10.3.1/thumb/v6-m/nofp/libgcc.a
END GROUP
                0x0000000000000000                __base_PROGRAM_FLASH = 0x0
                0x0000000000000000                __base_Flash = 0x0
                0x0000000000020000                __top_PROGRAM_FLASH = 0x20000
                0x0000000000020000                __top_Flash = 0x20000
                0x000000001ffff000                __base_SRAM = 0x1ffff000
                0x000000001ffff000                __base_RAM = 0x1ffff000
                0x0000000020003000                __top_SRAM = 0x20003000
                0x0000000020003000                __top_RAM = 0x20003000

.text           0x0000000000000000     0x40a0
 FILL mask 0xff
                0x0000000000000000                __vectors_start__ = ABSOLUTE (.)
 *(SORT_BY_ALIGNMENT(.isr_vector))
 .isr_vector    0x0000000000000000       0xc0 ./startup/startup_mkl25z4.o
                0x0000000000000000                __Vectors
                0x0000000000000000                g_pfnVectors
                0x00000000000000c0                . = ALIGN (0x4)
                0x00000000000000c0                __section_table_start = .
                0x00000000000000c0                __data_section_table = .
                0x00000000000000c0        0x4 LONG 0x40a0 LOADADDR (.data)
                0x00000000000000c4        0x4 LONG 0x1ffff080 ADDR (.data)
                0x00000000000000c8        0x4 LONG 0x8 SIZEOF (.data)
                0x00000000000000cc                __data_section_table_end = .
                0x00000000000000cc                __bss_section_table = .
                0x00000000000000cc        0x4 LONG 0x1ffff088 ADDR (.bss)
                0x00000000000000d0        0x4 LONG 0xec SIZEOF (.bss)
                0x00000000000000d4                __bss_section_table_end = .
                0x00000000000000d4                __section_table_end = .
 *(SORT_BY_ALIGNMENT(.after_vectors*))
 .after_vectors.reset
                0x00000000000000d4       0x4c ./startup/startup_mkl25z4.o
                0x00000000000000d4                ResetISR
 .after_vectors.init_data
                0x0000000000000120       0x12 ./startup/startup_mkl25z4.o
                0x0000000000000120                data_init
 .after_vectors.init_bss
                0x0000000000000132       0x10 ./startup/startup_mkl25z4.o
                0x0000000000000132                bss_init
 .after_vectors
                0x0000000000000142      0x10c ./startup/startup_mkl25z4.o
                0x0000000000000142                NMI_Handler
                0x0000000000000146                SVC_Handler
                0x0000000000000148                PendSV_Handler
                0x000000000000014a                SysTick_Handler
                0x000000000000014c                PIT_DriverIRQHandler
                0x000000000000014c                Reserved39_DriverIRQHandler
                0x000000000000014c                DMA0_DriverIRQHandler
                0x000000000000014c                SPI1_DriverIRQHandler
                0x000000000000014c                LPTMR0_DriverIRQHandler
                0x000000000000014c                TPM2_DriverIRQHandler
                0x000000000000014c                TSI0_DriverIRQHandler
                0x000000000000014c                RTC_Seconds_DriverIRQHandler
                0x000000000000014c                LLWU_DriverIRQHandler
                0x000000000000014c                MCG_DriverIRQHandler
                0x000000000000014c                FTFA_DriverIRQHandler
                0x000000000000014c                IntDefaultHandler
                0x000000000000014c                USB0_DriverIRQHandler
                0x000000000000014c                DAC0_DriverIRQHandler
                0x000000000000014c                LVD_LVW_DriverIRQHandler
                0x000000000000014c                TPM0_DriverIRQHandler
                0x000000000000014c                Reserved20_DriverIRQHandler
                0x000000000000014c                DMA3_DriverIRQHandler
                0x000000000000014c                Reserved45_DriverIRQHandler
                0x000000000000014c                PORTA_DriverIRQHandler
                0x000000000000014c                TPM1_DriverIRQHandler
                0x000000000000014c                RTC_DriverIRQHandler
                0x000000000000014c                DMA1_DriverIRQHandler
                0x000000000000014c                I2C1_DriverIRQHandler
                0x000000000000014c                SPI0_DriverIRQHandler
                0x000000000000014c                ADC0_DriverIRQHandler
                0x000000000000014c                CMP0_DriverIRQHandler
                0x000000000000014c                DMA2_DriverIRQHandler
                0x000000000000014c                PORTD_DriverIRQHandler
                0x000000000000014c                I2C0_DriverIRQHandler
                0x000000000000014e                DMA0_IRQHandler
                0x0000000000000156                DMA1_IRQHandler
                0x000000000000015e                DMA2_IRQHandler
                0x0000000000000166                DMA3_IRQHandler
                0x000000000000016e                Reserved20_IRQHandler
                0x0000000000000176                FTFA_IRQHandler
                0x000000000000017e                LVD_LVW_IRQHandler
                0x0000000000000186                LLWU_IRQHandler
                0x000000000000018e                I2C0_IRQHandler
                0x0000000000000196                I2C1_IRQHandler
                0x000000000000019e                SPI0_IRQHandler
                0x00000000000001a6                SPI1_IRQHandler
                0x00000000000001ae                UART0_IRQHandler
                0x00000000000001b6                UART1_IRQHandler
                0x00000000000001be                UART2_IRQHandler
                0x00000000000001c6                ADC0_IRQHandler
                0x00000000000001ce                CMP0_IRQHandler
                0x00000000000001d6                TPM0_IRQHandler
                0x00000000000001de                TPM1_IRQHandler
                0x00000000000001e6                TPM2_IRQHandler
                0x00000000000001ee                RTC_IRQHandler
                0x00000000000001f6                RTC_Seconds_IRQHandler
                0x00000000000001fe                PIT_IRQHandler
                0x0000000000000206                Reserved39_IRQHandler
                0x000000000000020e                USB0_IRQHandler
                0x0000000000000216                DAC0_IRQHandler
                0x000000000000021e                TSI0_IRQHandler
                0x0000000000000226                MCG_IRQHandler
                0x000000000000022e                LPTMR0_IRQHandler
                0x0000000000000236                Reserved45_IRQHandler
                0x000000000000023e                PORTA_IRQHandler
                0x0000000000000246                PORTD_IRQHandler
                0x0000000000000400                . = 0x400
 *fill*         0x000000000000024e      0x1b2 ff
                0x0000000000000400                PROVIDE (__FLASH_CONFIG_START__ = .)
 *(SORT_BY_ALIGNMENT(.FlashConfig))
 .FlashConfig   0x0000000000000400       0x10 ./startup/startup_mkl25z4.o
                0x0000000000000400                Flash_Config
                0x0000000000000410                PROVIDE (__FLASH_CONFIG_END__ = .)
                0x0000000000000001                ASSERT (! ((__FLASH_CONFIG_START__ == __FLASH_CONFIG_END__)), Linker Flash Config Support Enabled, but no .FlashConfig section provided within application)
 *(SORT_BY_ALIGNMENT(.text*))
 .text.DbgConsole_Init
                0x0000000000000410       0xf4 ./utilities/fsl_debug_console.o
                0x0000000000000410                DbgConsole_Init
 .text.pwm_delay_ms
                0x0000000000000504       0x8c ./source/ADC_servo_control.o
                0x0000000000000504                pwm_delay_ms
 .text.ADC0_init
                0x0000000000000590       0x80 ./source/ADC_servo_control.o
                0x0000000000000590                ADC0_init
 .text.clock_geral
                0x0000000000000610       0xa0 ./source/ADC_servo_control.o
                0x0000000000000610                clock_geral
 .text.setAngulo
                0x00000000000006b0      0x104 ./source/ADC_servo_control.o
                0x00000000000006b0                setAngulo
 .text.main     0x00000000000007b4       0xcc ./source/ADC_servo_control.o
                0x00000000000007b4                main
 .text.HardFault_Handler
                0x0000000000000880       0x30 ./source/semihost_hardfault.o
                0x0000000000000880                HardFault_Handler
 .text.CLOCK_SetEr32kClock
                0x00000000000008b0       0x34 ./drivers/fsl_clock.o
 .text.CLOCK_SetPllFllSelClock
                0x00000000000008e4       0x38 ./drivers/fsl_clock.o
 .text.CLOCK_GetMcgExtClkFreq
                0x000000000000091c       0x28 ./drivers/fsl_clock.o
 .text.CLOCK_GetFllExtRefClkFreq
                0x0000000000000944       0xa8 ./drivers/fsl_clock.o
 .text.CLOCK_GetFllRefClkFreq
                0x00000000000009ec       0x2c ./drivers/fsl_clock.o
 .text.CLOCK_GetOscRangeFromFreq
                0x0000000000000a18       0x4c ./drivers/fsl_clock.o
 .text.CLOCK_GetPllFllSelClkFreq
                0x0000000000000a64       0x4c ./drivers/fsl_clock.o
                0x0000000000000a64                CLOCK_GetPllFllSelClkFreq
 .text.CLOCK_SetSimConfig
                0x0000000000000ab0       0x38 ./drivers/fsl_clock.o
                0x0000000000000ab0                CLOCK_SetSimConfig
 .text.CLOCK_GetFllFreq
                0x0000000000000ae8       0x84 ./drivers/fsl_clock.o
                0x0000000000000ae8                CLOCK_GetFllFreq
 .text.CLOCK_GetPll0Freq
                0x0000000000000b6c       0x70 ./drivers/fsl_clock.o
                0x0000000000000b6c                CLOCK_GetPll0Freq
 .text.CLOCK_SetInternalRefClkConfig
                0x0000000000000bdc      0x124 ./drivers/fsl_clock.o
                0x0000000000000bdc                CLOCK_SetInternalRefClkConfig
 .text.CLOCK_EnablePll0
                0x0000000000000d00       0x94 ./drivers/fsl_clock.o
                0x0000000000000d00                CLOCK_EnablePll0
 .text.CLOCK_InitOsc0
                0x0000000000000d94       0x94 ./drivers/fsl_clock.o
                0x0000000000000d94                CLOCK_InitOsc0
 .text.CLOCK_SetPbeMode
                0x0000000000000e28       0xb0 ./drivers/fsl_clock.o
                0x0000000000000e28                CLOCK_SetPbeMode
 .text.CLOCK_BootToPeeMode
                0x0000000000000ed8       0x70 ./drivers/fsl_clock.o
                0x0000000000000ed8                CLOCK_BootToPeeMode
 .text.CLOCK_EnableClock
                0x0000000000000f48       0x34 ./drivers/fsl_lpsci.o
 .text.LPSCI_GetInstance
                0x0000000000000f7c       0x48 ./drivers/fsl_lpsci.o
                0x0000000000000f7c                LPSCI_GetInstance
 .text.LPSCI_Init
                0x0000000000000fc4      0x258 ./drivers/fsl_lpsci.o
                0x0000000000000fc4                LPSCI_Init
 .text.LPSCI_GetDefaultConfig
                0x000000000000121c       0x44 ./drivers/fsl_lpsci.o
                0x000000000000121c                LPSCI_GetDefaultConfig
 .text.LPSCI_ClearStatusFlags
                0x0000000000001260       0x94 ./drivers/fsl_lpsci.o
                0x0000000000001260                LPSCI_ClearStatusFlags
 .text.LPSCI_WriteBlocking
                0x00000000000012f4       0x4c ./drivers/fsl_lpsci.o
                0x00000000000012f4                LPSCI_WriteBlocking
 .text.LPSCI_ReadBlocking
                0x0000000000001340       0xc0 ./drivers/fsl_lpsci.o
                0x0000000000001340                LPSCI_ReadBlocking
 .text.UART0_DriverIRQHandler
                0x0000000000001400       0x24 ./drivers/fsl_lpsci.o
                0x0000000000001400                UART0_DriverIRQHandler
 .text.CLOCK_EnableClock
                0x0000000000001424       0x34 ./drivers/fsl_uart.o
 .text.UART_GetInstance
                0x0000000000001458       0x54 ./drivers/fsl_uart.o
                0x0000000000001458                UART_GetInstance
 .text.UART_Init
                0x00000000000014ac      0x1e0 ./drivers/fsl_uart.o
                0x00000000000014ac                UART_Init
 .text.UART_GetDefaultConfig
                0x000000000000168c       0x44 ./drivers/fsl_uart.o
                0x000000000000168c                UART_GetDefaultConfig
 .text.UART_ReadBlocking
                0x00000000000016d0       0x98 ./drivers/fsl_uart.o
                0x00000000000016d0                UART_ReadBlocking
 .text.UART1_DriverIRQHandler
                0x0000000000001768       0x24 ./drivers/fsl_uart.o
                0x0000000000001768                UART1_DriverIRQHandler
 .text.UART2_DriverIRQHandler
                0x000000000000178c       0x24 ./drivers/fsl_uart.o
                0x000000000000178c                UART2_DriverIRQHandler
 .text.CLOCK_SetLpsci0Clock
                0x00000000000017b0       0x38 ./board/board.o
 .text.BOARD_InitDebugConsole
                0x00000000000017e8       0x30 ./board/board.o
                0x00000000000017e8                BOARD_InitDebugConsole
 .text.CLOCK_SetSimSafeDivs
                0x0000000000001818       0x20 ./board/clock_config.o
 .text.CLOCK_SetXtal0Freq
                0x0000000000001838       0x1c ./board/clock_config.o
 .text.CLOCK_CONFIG_SetFllExtRefDiv
                0x0000000000001854       0x3c ./board/clock_config.o
 .text.BOARD_BootClockRUN
                0x0000000000001890       0x64 ./board/clock_config.o
                0x0000000000001890                BOARD_BootClockRUN
 .text.CLOCK_EnableClock
                0x00000000000018f4       0x34 ./board/pin_mux.o
 .text.PORT_SetPinMux
                0x0000000000001928       0x40 ./board/pin_mux.o
 .text.BOARD_InitPins
                0x0000000000001968       0x4c ./board/pin_mux.o
                0x0000000000001968                BOARD_InitPins
 .text.SystemInit
                0x00000000000019b4       0x18 ./CMSIS/system_MKL25Z4.o
                0x00000000000019b4                SystemInit
 .text.__assertion_failed
                0x00000000000019cc       0x4c /usr/local/mcuxpressoide-11.7.0_9198/ide/plugins/com.nxp.mcuxpresso.tools.linux_11.7.0.202209140929/tools/bin/../lib/gcc/arm-none-eabi/10.3.1/../../../../arm-none-eabi/lib/thumb/v6-m/nofp/libcr_semihost_nf.a(_cr_assert.o)
                0x00000000000019cc                __assertion_failed
 .text.__sys_appexit
                0x0000000000001a18        0xc /usr/local/mcuxpressoide-11.7.0_9198/ide/plugins/com.nxp.mcuxpresso.tools.linux_11.7.0.202209140929/tools/bin/../lib/gcc/arm-none-eabi/10.3.1/../../../../arm-none-eabi/lib/thumb/v6-m/nofp/libcr_semihost_nf.a(__sys_appexit.o)
                0x0000000000001a18                __exit
                0x0000000000001a18                __sys_appexit
 .text._deferredlazyseek
                0x0000000000001a24       0x40 /usr/local/mcuxpressoide-11.7.0_9198/ide/plugins/com.nxp.mcuxpresso.tools.linux_11.7.0.202209140929/tools/bin/../lib/gcc/arm-none-eabi/10.3.1/../../../../arm-none-eabi/lib/thumb/v6-m/nofp/libcr_c.a(_deferredlazyseek.o)
                0x0000000000001a24                _deferredlazyseek
 .text.__flsbuf
                0x0000000000001a64      0x150 /usr/local/mcuxpressoide-11.7.0_9198/ide/plugins/com.nxp.mcuxpresso.tools.linux_11.7.0.202209140929/tools/bin/../lib/gcc/arm-none-eabi/10.3.1/../../../../arm-none-eabi/lib/thumb/v6-m/nofp/libcr_c.a(_deferredlazyseek.o)
                0x0000000000001a64                __flsbuf
 .text._fflush  0x0000000000001bb4       0x60 /usr/local/mcuxpressoide-11.7.0_9198/ide/plugins/com.nxp.mcuxpresso.tools.linux_11.7.0.202209140929/tools/bin/../lib/gcc/arm-none-eabi/10.3.1/../../../../arm-none-eabi/lib/thumb/v6-m/nofp/libcr_c.a(_fflush.o)
                0x0000000000001bb4                _fflush
 .text._Cwritebuf
                0x0000000000001c14       0x68 /usr/local/mcuxpressoide-11.7.0_9198/ide/plugins/com.nxp.mcuxpresso.tools.linux_11.7.0.202209140929/tools/bin/../lib/gcc/arm-none-eabi/10.3.1/../../../../arm-none-eabi/lib/thumb/v6-m/nofp/libcr_c.a(_writebuf.o)
                0x0000000000001c14                _Cwritebuf
 .text.malloc   0x0000000000001c7c       0xcc /usr/local/mcuxpressoide-11.7.0_9198/ide/plugins/com.nxp.mcuxpresso.tools.linux_11.7.0.202209140929/tools/bin/../lib/gcc/arm-none-eabi/10.3.1/../../../../arm-none-eabi/lib/thumb/v6-m/nofp/libcr_c.a(alloc.o)
                0x0000000000001c7c                malloc
 .text._Csys_alloc
                0x0000000000001d48       0x20 /usr/local/mcuxpressoide-11.7.0_9198/ide/plugins/com.nxp.mcuxpresso.tools.linux_11.7.0.202209140929/tools/bin/../lib/gcc/arm-none-eabi/10.3.1/../../../../arm-none-eabi/lib/thumb/v6-m/nofp/libcr_c.a(alloc.o)
                0x0000000000001d48                _Csys_alloc
 .text.fseek    0x0000000000001d68       0xf0 /usr/local/mcuxpressoide-11.7.0_9198/ide/plugins/com.nxp.mcuxpresso.tools.linux_11.7.0.202209140929/tools/bin/../lib/gcc/arm-none-eabi/10.3.1/../../../../arm-none-eabi/lib/thumb/v6-m/nofp/libcr_c.a(fseek.o)
                0x0000000000001d68                fseek
 .text.ftell    0x0000000000001e58       0x48 /usr/local/mcuxpressoide-11.7.0_9198/ide/plugins/com.nxp.mcuxpresso.tools.linux_11.7.0.202209140929/tools/bin/../lib/gcc/arm-none-eabi/10.3.1/../../../../arm-none-eabi/lib/thumb/v6-m/nofp/libcr_c.a(ftell.o)
                0x0000000000001e58                ftell
 .text._initio  0x0000000000001ea0       0x7c /usr/local/mcuxpressoide-11.7.0_9198/ide/plugins/com.nxp.mcuxpresso.tools.linux_11.7.0.202209140929/tools/bin/../lib/gcc/arm-none-eabi/10.3.1/../../../../arm-none-eabi/lib/thumb/v6-m/nofp/libcr_c.a(initio.o)
                0x0000000000001ea0                _initio
 .text.__vfprintf
                0x0000000000001f1c      0xd40 /usr/local/mcuxpressoide-11.7.0_9198/ide/plugins/com.nxp.mcuxpresso.tools.linux_11.7.0.202209140929/tools/bin/../lib/gcc/arm-none-eabi/10.3.1/../../../../arm-none-eabi/lib/thumb/v6-m/nofp/libcr_c.a(printf.o)
                0x0000000000001f1c                __vfprintf
 .text._vsnprintf
                0x0000000000002c5c       0x70 /usr/local/mcuxpressoide-11.7.0_9198/ide/plugins/com.nxp.mcuxpresso.tools.linux_11.7.0.202209140929/tools/bin/../lib/gcc/arm-none-eabi/10.3.1/../../../../arm-none-eabi/lib/thumb/v6-m/nofp/libcr_c.a(printf.o)
                0x0000000000002c5c                _vsnprintf
 .text._printf  0x0000000000002ccc       0x50 /usr/local/mcuxpressoide-11.7.0_9198/ide/plugins/com.nxp.mcuxpresso.tools.linux_11.7.0.202209140929/tools/bin/../lib/gcc/arm-none-eabi/10.3.1/../../../../arm-none-eabi/lib/thumb/v6-m/nofp/libcr_c.a(printf.o)
                0x0000000000002ccc                _printf
 .text.setvbuf  0x0000000000002d1c       0x4c /usr/local/mcuxpressoide-11.7.0_9198/ide/plugins/com.nxp.mcuxpresso.tools.linux_11.7.0.202209140929/tools/bin/../lib/gcc/arm-none-eabi/10.3.1/../../../../arm-none-eabi/lib/thumb/v6-m/nofp/libcr_c.a(setvbuf.o)
                0x0000000000002d1c                setvbuf
 .text.strlen   0x0000000000002d68       0x58 /usr/local/mcuxpressoide-11.7.0_9198/ide/plugins/com.nxp.mcuxpresso.tools.linux_11.7.0.202209140929/tools/bin/../lib/gcc/arm-none-eabi/10.3.1/../../../../arm-none-eabi/lib/thumb/v6-m/nofp/libcr_c.a(strlen.o)
                0x0000000000002d68                strlen
 .text._sbrk    0x0000000000002dc0       0x44 /usr/local/mcuxpressoide-11.7.0_9198/ide/plugins/com.nxp.mcuxpresso.tools.linux_11.7.0.202209140929/tools/bin/../lib/gcc/arm-none-eabi/10.3.1/../../../../arm-none-eabi/lib/thumb/v6-m/nofp/libcr_c.a(_cr_sbrk.o)
                0x0000000000002dc0                _sbrk
 .text._fdopen  0x0000000000002e04       0x74 /usr/local/mcuxpressoide-11.7.0_9198/ide/plugins/com.nxp.mcuxpresso.tools.linux_11.7.0.202209140929/tools/bin/../lib/gcc/arm-none-eabi/10.3.1/../../../../arm-none-eabi/lib/thumb/v6-m/nofp/libcr_c.a(_fdopen.o)
                0x0000000000002e04                _fdopen
 .text.fclose   0x0000000000002e78       0x5c /usr/local/mcuxpressoide-11.7.0_9198/ide/plugins/com.nxp.mcuxpresso.tools.linux_11.7.0.202209140929/tools/bin/../lib/gcc/arm-none-eabi/10.3.1/../../../../arm-none-eabi/lib/thumb/v6-m/nofp/libcr_c.a(fclose.o)
                0x0000000000002e78                fclose
 .text.fflush   0x0000000000002ed4       0x44 /usr/local/mcuxpressoide-11.7.0_9198/ide/plugins/com.nxp.mcuxpresso.tools.linux_11.7.0.202209140929/tools/bin/../lib/gcc/arm-none-eabi/10.3.1/../../../../arm-none-eabi/lib/thumb/v6-m/nofp/libcr_c.a(fflush.o)
                0x0000000000002ed4                fflush
 .text.__check_heap_overflow
                0x0000000000002f18       0x18 /usr/local/mcuxpressoide-11.7.0_9198/ide/plugins/com.nxp.mcuxpresso.tools.linux_11.7.0.202209140929/tools/bin/../lib/gcc/arm-none-eabi/10.3.1/../../../../arm-none-eabi/lib/thumb/v6-m/nofp/libcr_c.a(_cr_check_heap.o)
                0x0000000000002f18                __check_heap_overflow
 .text._do_fflush
                0x0000000000002f30       0x48 /usr/local/mcuxpressoide-11.7.0_9198/ide/plugins/com.nxp.mcuxpresso.tools.linux_11.7.0.202209140929/tools/bin/../lib/gcc/arm-none-eabi/10.3.1/../../../../arm-none-eabi/lib/thumb/v6-m/nofp/libcr_c.a(_do_fflush.o)
                0x0000000000002f30                _do_fflush
 .text.__aeabi_dmul
                0x0000000000002f78      0x184 /usr/local/mcuxpressoide-11.7.0_9198/ide/plugins/com.nxp.mcuxpresso.tools.linux_11.7.0.202209140929/tools/bin/../lib/gcc/arm-none-eabi/10.3.1/thumb/v6-m/nofp/libcr_eabihelpers.a(double.o)
                0x0000000000002f78                __aeabi_dmul
 .text.__aeabi_ddiv
                0x00000000000030fc      0x14c /usr/local/mcuxpressoide-11.7.0_9198/ide/plugins/com.nxp.mcuxpresso.tools.linux_11.7.0.202209140929/tools/bin/../lib/gcc/arm-none-eabi/10.3.1/thumb/v6-m/nofp/libcr_eabihelpers.a(double.o)
                0x00000000000030fc                __aeabi_ddiv
 .text.__aeabi_dsub
                0x0000000000003248      0x1c0 /usr/local/mcuxpressoide-11.7.0_9198/ide/plugins/com.nxp.mcuxpresso.tools.linux_11.7.0.202209140929/tools/bin/../lib/gcc/arm-none-eabi/10.3.1/thumb/v6-m/nofp/libcr_eabihelpers.a(double.o)
                0x0000000000003248                __aeabi_dsub
 .text.__aeabi_dadd
                0x0000000000003408      0x134 /usr/local/mcuxpressoide-11.7.0_9198/ide/plugins/com.nxp.mcuxpresso.tools.linux_11.7.0.202209140929/tools/bin/../lib/gcc/arm-none-eabi/10.3.1/thumb/v6-m/nofp/libcr_eabihelpers.a(double.o)
                0x0000000000003408                __aeabi_dadd
 .text.__aeabi_d2f
                0x000000000000353c       0x60 /usr/local/mcuxpressoide-11.7.0_9198/ide/plugins/com.nxp.mcuxpresso.tools.linux_11.7.0.202209140929/tools/bin/../lib/gcc/arm-none-eabi/10.3.1/thumb/v6-m/nofp/libcr_eabihelpers.a(double.o)
                0x000000000000353c                __aeabi_d2f
 .text.__aeabi_d2iz
                0x000000000000359c       0x50 /usr/local/mcuxpressoide-11.7.0_9198/ide/plugins/com.nxp.mcuxpresso.tools.linux_11.7.0.202209140929/tools/bin/../lib/gcc/arm-none-eabi/10.3.1/thumb/v6-m/nofp/libcr_eabihelpers.a(double.o)
                0x000000000000359c                __aeabi_d2iz
 .text.__aeabi_dcmplt
                0x00000000000035ec       0x60 /usr/local/mcuxpressoide-11.7.0_9198/ide/plugins/com.nxp.mcuxpresso.tools.linux_11.7.0.202209140929/tools/bin/../lib/gcc/arm-none-eabi/10.3.1/thumb/v6-m/nofp/libcr_eabihelpers.a(double.o)
                0x00000000000035ec                __aeabi_dcmplt
 .text.__aeabi_dcmpgt
                0x000000000000364c       0x5c /usr/local/mcuxpressoide-11.7.0_9198/ide/plugins/com.nxp.mcuxpresso.tools.linux_11.7.0.202209140929/tools/bin/../lib/gcc/arm-none-eabi/10.3.1/thumb/v6-m/nofp/libcr_eabihelpers.a(double.o)
                0x000000000000364c                __aeabi_dcmpgt
 .text.__aeabi_fmul
                0x00000000000036a8       0xc0 /usr/local/mcuxpressoide-11.7.0_9198/ide/plugins/com.nxp.mcuxpresso.tools.linux_11.7.0.202209140929/tools/bin/../lib/gcc/arm-none-eabi/10.3.1/thumb/v6-m/nofp/libcr_eabihelpers.a(float.o)
                0x00000000000036a8                __aeabi_fmul
 .text.__aeabi_fdiv
                0x0000000000003768       0xe8 /usr/local/mcuxpressoide-11.7.0_9198/ide/plugins/com.nxp.mcuxpresso.tools.linux_11.7.0.202209140929/tools/bin/../lib/gcc/arm-none-eabi/10.3.1/thumb/v6-m/nofp/libcr_eabihelpers.a(float.o)
                0x0000000000003768                __aeabi_fdiv
 .text.UART_EnableTx
                0x0000000000003850       0x40 ./utilities/fsl_debug_console.o
 .text.UART_EnableRx
                0x0000000000003890       0x40 ./utilities/fsl_debug_console.o
 .text.LPSCI_EnableTx
                0x00000000000038d0       0x40 ./utilities/fsl_debug_console.o
 .text.LPSCI_EnableRx
                0x0000000000003910       0x40 ./utilities/fsl_debug_console.o
 .text.OSC_SetExtRefClkConfig
                0x0000000000003950       0x3e ./drivers/fsl_clock.o
 .text.OSC_SetCapLoad
                0x000000000000398e       0x42 ./drivers/fsl_clock.o
 .text.CLOCK_GetPll0RefFreq
                0x00000000000039d0       0x10 ./drivers/fsl_clock.o
 .text.CLOCK_SetExternalRefClkConfig
                0x00000000000039e0       0x16 ./drivers/fsl_clock.o
                0x00000000000039e0                CLOCK_SetExternalRefClkConfig
 .text.LPSCI_GetStatusFlags
                0x00000000000039f6       0x26 ./drivers/fsl_lpsci.o
                0x00000000000039f6                LPSCI_GetStatusFlags
 .text.UART_GetStatusFlags
                0x0000000000003a1c       0x26 ./drivers/fsl_uart.o
                0x0000000000003a1c                UART_GetStatusFlags
 .text.UART_WriteBlocking
                0x0000000000003a42       0x3c ./drivers/fsl_uart.o
                0x0000000000003a42                UART_WriteBlocking
 .text.BOARD_InitBootClocks
                0x0000000000003a7e        0xe ./board/clock_config.o
                0x0000000000003a7e                BOARD_InitBootClocks
 .text.BOARD_InitBootPeripherals
                0x0000000000003a8c        0xa ./board/peripherals.o
                0x0000000000003a8c                BOARD_InitBootPeripherals
 .text.BOARD_InitBootPins
                0x0000000000003a96        0xe ./board/pin_mux.o
                0x0000000000003a96                BOARD_InitBootPins
 .text.__main   0x0000000000003aa4        0xc /usr/local/mcuxpressoide-11.7.0_9198/ide/plugins/com.nxp.mcuxpresso.tools.linux_11.7.0.202209140929/tools/bin/../lib/gcc/arm-none-eabi/10.3.1/../../../../arm-none-eabi/lib/thumb/v6-m/nofp/libcr_semihost_nf.a(_cr__main.o)
                0x0000000000003aa4                __main
                0x0000000000003aa4                __CR_SEMIHOST
 .text.memset   0x0000000000003ab0        0x8 /usr/local/mcuxpressoide-11.7.0_9198/ide/plugins/com.nxp.mcuxpresso.tools.linux_11.7.0.202209140929/tools/bin/../lib/gcc/arm-none-eabi/10.3.1/../../../../arm-none-eabi/lib/thumb/v6-m/nofp/libcr_c.a(memset.o)
                0x0000000000003ab0                memset
 .text.free     0x0000000000003ab8       0x2c /usr/local/mcuxpressoide-11.7.0_9198/ide/plugins/com.nxp.mcuxpresso.tools.linux_11.7.0.202209140929/tools/bin/../lib/gcc/arm-none-eabi/10.3.1/../../../../arm-none-eabi/lib/thumb/v6-m/nofp/libcr_c.a(alloc.o)
                0x0000000000003ab8                free
 .text.fputs    0x0000000000003ae4       0x2e /usr/local/mcuxpressoide-11.7.0_9198/ide/plugins/com.nxp.mcuxpresso.tools.linux_11.7.0.202209140929/tools/bin/../lib/gcc/arm-none-eabi/10.3.1/../../../../arm-none-eabi/lib/thumb/v6-m/nofp/libcr_c.a(fputs.o)
                0x0000000000003ae4                fputs
 .text.no_fp_display
                0x0000000000003b12        0x4 /usr/local/mcuxpressoide-11.7.0_9198/ide/plugins/com.nxp.mcuxpresso.tools.linux_11.7.0.202209140929/tools/bin/../lib/gcc/arm-none-eabi/10.3.1/../../../../arm-none-eabi/lib/thumb/v6-m/nofp/libcr_c.a(printf.o)
 .text.remove   0x0000000000003b16       0x12 /usr/local/mcuxpressoide-11.7.0_9198/ide/plugins/com.nxp.mcuxpresso.tools.linux_11.7.0.202209140929/tools/bin/../lib/gcc/arm-none-eabi/10.3.1/../../../../arm-none-eabi/lib/thumb/v6-m/nofp/libcr_c.a(remove.o)
                0x0000000000003b16                remove
 .text.__aeabi_division_idivmod
                0x0000000000003b28       0x78 /usr/local/mcuxpressoide-11.7.0_9198/ide/plugins/com.nxp.mcuxpresso.tools.linux_11.7.0.202209140929/tools/bin/../lib/gcc/arm-none-eabi/10.3.1/thumb/v6-m/nofp/libcr_eabihelpers.a(division_32.o)
                0x0000000000003b28                __aeabi_idiv
                0x0000000000003b28                __aeabi_idivmod
                0x0000000000003b2e                __aeabi_uidiv
                0x0000000000003b2e                __aeabi_uidivmod
 .text.__aeabi_division_idiv0
                0x0000000000003ba0        0x2 /usr/local/mcuxpressoide-11.7.0_9198/ide/plugins/com.nxp.mcuxpresso.tools.linux_11.7.0.202209140929/tools/bin/../lib/gcc/arm-none-eabi/10.3.1/thumb/v6-m/nofp/libcr_eabihelpers.a(division_idiv0.o)
                0x0000000000003ba0                __aeabi_idiv0
 .text.__bhs_ui2d
                0x0000000000003ba2       0x5e /usr/local/mcuxpressoide-11.7.0_9198/ide/plugins/com.nxp.mcuxpresso.tools.linux_11.7.0.202209140929/tools/bin/../lib/gcc/arm-none-eabi/10.3.1/thumb/v6-m/nofp/libcr_eabihelpers.a(double.o)
                0x0000000000003ba2                __bhs_ui2d
 .text.__aeabi_i2d
                0x0000000000003c00       0x18 /usr/local/mcuxpressoide-11.7.0_9198/ide/plugins/com.nxp.mcuxpresso.tools.linux_11.7.0.202209140929/tools/bin/../lib/gcc/arm-none-eabi/10.3.1/thumb/v6-m/nofp/libcr_eabihelpers.a(double.o)
                0x0000000000003c00                __aeabi_i2d
 .text.__aeabi_f2uiz
                0x0000000000003c18       0x2a /usr/local/mcuxpressoide-11.7.0_9198/ide/plugins/com.nxp.mcuxpresso.tools.linux_11.7.0.202209140929/tools/bin/../lib/gcc/arm-none-eabi/10.3.1/thumb/v6-m/nofp/libcr_eabihelpers.a(float.o)
                0x0000000000003c18                __aeabi_f2uiz
 .text.__bhs_ui2f
                0x0000000000003c42       0x60 /usr/local/mcuxpressoide-11.7.0_9198/ide/plugins/com.nxp.mcuxpresso.tools.linux_11.7.0.202209140929/tools/bin/../lib/gcc/arm-none-eabi/10.3.1/thumb/v6-m/nofp/libcr_eabihelpers.a(float.o)
                0x0000000000003c42                __bhs_ui2f
 .text.__aeabi_ui2f
                0x0000000000003ca2        0xc /usr/local/mcuxpressoide-11.7.0_9198/ide/plugins/com.nxp.mcuxpresso.tools.linux_11.7.0.202209140929/tools/bin/../lib/gcc/arm-none-eabi/10.3.1/thumb/v6-m/nofp/libcr_eabihelpers.a(float.o)
                0x0000000000003ca2                __aeabi_ui2f
 .text.__aeabi_fcmplt
                0x0000000000003cae       0x42 /usr/local/mcuxpressoide-11.7.0_9198/ide/plugins/com.nxp.mcuxpresso.tools.linux_11.7.0.202209140929/tools/bin/../lib/gcc/arm-none-eabi/10.3.1/thumb/v6-m/nofp/libcr_eabihelpers.a(float.o)
                0x0000000000003cae                __aeabi_fcmplt
 .text.__aeabi_fcmpgt
                0x0000000000003cf0       0x3e /usr/local/mcuxpressoide-11.7.0_9198/ide/plugins/com.nxp.mcuxpresso.tools.linux_11.7.0.202209140929/tools/bin/../lib/gcc/arm-none-eabi/10.3.1/thumb/v6-m/nofp/libcr_eabihelpers.a(float.o)
                0x0000000000003cf0                __aeabi_fcmpgt
 .text.__aeabi_llong_lmul
                0x0000000000003d2e       0x2e /usr/local/mcuxpressoide-11.7.0_9198/ide/plugins/com.nxp.mcuxpresso.tools.linux_11.7.0.202209140929/tools/bin/../lib/gcc/arm-none-eabi/10.3.1/thumb/v6-m/nofp/libcr_eabihelpers.a(llong.o)
                0x0000000000003d2e                __aeabi_lmul
 .text.__aeabi_memset_lowlevel
                0x0000000000003d5c       0x2a /usr/local/mcuxpressoide-11.7.0_9198/ide/plugins/com.nxp.mcuxpresso.tools.linux_11.7.0.202209140929/tools/bin/../lib/gcc/arm-none-eabi/10.3.1/thumb/v6-m/nofp/libcr_eabihelpers.a(memcpy.o)
                0x0000000000003d5c                __aeabi_lowlevel_memset
 .text.__gnu_thumb1_case_shi
                0x0000000000003d86       0x10 /usr/local/mcuxpressoide-11.7.0_9198/ide/plugins/com.nxp.mcuxpresso.tools.linux_11.7.0.202209140929/tools/bin/../lib/gcc/arm-none-eabi/10.3.1/thumb/v6-m/nofp/libcr_eabihelpers.a(thumb1_switch_helpers.o)
                0x0000000000003d86                __gnu_thumb1_case_shi
 .text.__sys_close
                0x0000000000003d96        0xc /usr/local/mcuxpressoide-11.7.0_9198/ide/plugins/com.nxp.mcuxpresso.tools.linux_11.7.0.202209140929/tools/bin/../lib/gcc/arm-none-eabi/10.3.1/../../../../arm-none-eabi/lib/thumb/v6-m/nofp/libcr_semihost_nf.a(__sys_close.o)
                0x0000000000003d96                __sys_close
 .text.__sys_flen
                0x0000000000003da2        0xc /usr/local/mcuxpressoide-11.7.0_9198/ide/plugins/com.nxp.mcuxpresso.tools.linux_11.7.0.202209140929/tools/bin/../lib/gcc/arm-none-eabi/10.3.1/../../../../arm-none-eabi/lib/thumb/v6-m/nofp/libcr_semihost_nf.a(__sys_flen.o)
                0x0000000000003da2                __sys_flen
 .text.__sys_istty
                0x0000000000003dae        0xc /usr/local/mcuxpressoide-11.7.0_9198/ide/plugins/com.nxp.mcuxpresso.tools.linux_11.7.0.202209140929/tools/bin/../lib/gcc/arm-none-eabi/10.3.1/../../../../arm-none-eabi/lib/thumb/v6-m/nofp/libcr_semihost_nf.a(__sys_istty.o)
                0x0000000000003dae                __sys_istty
 .text.__sys_remove
                0x0000000000003dba        0xc /usr/local/mcuxpressoide-11.7.0_9198/ide/plugins/com.nxp.mcuxpresso.tools.linux_11.7.0.202209140929/tools/bin/../lib/gcc/arm-none-eabi/10.3.1/../../../../arm-none-eabi/lib/thumb/v6-m/nofp/libcr_semihost_nf.a(__sys_remove.o)
                0x0000000000003dba                __sys_remove
 .text.__sys_seek
                0x0000000000003dc6        0xc /usr/local/mcuxpressoide-11.7.0_9198/ide/plugins/com.nxp.mcuxpresso.tools.linux_11.7.0.202209140929/tools/bin/../lib/gcc/arm-none-eabi/10.3.1/../../../../arm-none-eabi/lib/thumb/v6-m/nofp/libcr_semihost_nf.a(__sys_seek.o)
                0x0000000000003dc6                __sys_seek
 .text.__sys_tmpnam
                0x0000000000003dd2        0xc /usr/local/mcuxpressoide-11.7.0_9198/ide/plugins/com.nxp.mcuxpresso.tools.linux_11.7.0.202209140929/tools/bin/../lib/gcc/arm-none-eabi/10.3.1/../../../../arm-none-eabi/lib/thumb/v6-m/nofp/libcr_semihost_nf.a(__sys_tmpnam.o)
                0x0000000000003dd2                __sys_tmpnam
 .text.__sys_write
                0x0000000000003dde        0xc /usr/local/mcuxpressoide-11.7.0_9198/ide/plugins/com.nxp.mcuxpresso.tools.linux_11.7.0.202209140929/tools/bin/../lib/gcc/arm-none-eabi/10.3.1/../../../../arm-none-eabi/lib/thumb/v6-m/nofp/libcr_semihost_nf.a(__sys_write.o)
                0x0000000000003dde                __sys_write
 *(SORT_BY_ALIGNMENT(.rodata) SORT_BY_ALIGNMENT(.rodata.*) SORT_BY_ALIGNMENT(.constdata) SORT_BY_ALIGNMENT(.constdata.*))
 *fill*         0x0000000000003dea        0x2 ff
 .rodata.main.str1.4
                0x0000000000003dec        0xc ./source/ADC_servo_control.o
 .rodata.CLOCK_GetMcgExtClkFreq.str1.4
                0x0000000000003df8       0x1e ./drivers/fsl_clock.o
 *fill*         0x0000000000003e16        0x2 ff
 .rodata.CLOCK_GetPll0Freq.str1.4
                0x0000000000003e18       0x1d ./drivers/fsl_clock.o
 *fill*         0x0000000000003e35        0x3 ff
 .rodata.CLOCK_EnablePll0.str1.4
                0x0000000000003e38       0x19 ./drivers/fsl_clock.o
 *fill*         0x0000000000003e51        0x3 ff
 .rodata.CLOCK_SetPbeMode.str1.4
                0x0000000000003e54       0x1a ./drivers/fsl_clock.o
 *fill*         0x0000000000003e6e        0x2 ff
 .rodata.CLOCK_BootToPeeMode.str1.4
                0x0000000000003e70       0x1a ./drivers/fsl_clock.o
 *fill*         0x0000000000003e8a        0x2 ff
 .rodata.fllFactorTable.1
                0x0000000000003e8c       0x10 ./drivers/fsl_clock.o
 .rodata.LPSCI_GetInstance.str1.4
                0x0000000000003e9c       0x36 ./drivers/fsl_lpsci.o
 *fill*         0x0000000000003ed2        0x2 ff
 .rodata.LPSCI_Init.str1.4
                0x0000000000003ed4       0x43 ./drivers/fsl_lpsci.o
 *fill*         0x0000000000003f17        0x1 ff
 .rodata.LPSCI_GetDefaultConfig.str1.4
                0x0000000000003f18       0x19 ./drivers/fsl_lpsci.o
 *fill*         0x0000000000003f31        0x3 ff
 .rodata.LPSCI_WriteBlocking.str1.4
                0x0000000000003f34       0x17 ./drivers/fsl_lpsci.o
 *fill*         0x0000000000003f4b        0x1 ff
 .rodata.LPSCI_ReadBlocking.str1.4
                0x0000000000003f4c       0x17 ./drivers/fsl_lpsci.o
 *fill*         0x0000000000003f63        0x1 ff
 .rodata.s_uartBases
                0x0000000000003f64        0xc ./drivers/fsl_uart.o
 .rodata.s_uartClock
                0x0000000000003f70        0xc ./drivers/fsl_uart.o
 .rodata.UART_GetInstance.str1.4
                0x0000000000003f7c       0x2b ./drivers/fsl_uart.o
 *fill*         0x0000000000003fa7        0x1 ff
 .rodata.UART_Init.str1.4
                0x0000000000003fa8       0x3e ./drivers/fsl_uart.o
 *fill*         0x0000000000003fe6        0x2 ff
 .rodata.UART_GetDefaultConfig.str1.4
                0x0000000000003fe8       0x18 ./drivers/fsl_uart.o
 .rodata.UART_ReadBlocking.str1.4
                0x0000000000004000       0x16 ./drivers/fsl_uart.o
 *fill*         0x0000000000004016        0x2 ff
 .rodata.mcgConfig_BOARD_BootClockRUN
                0x0000000000004018        0xa ./board/clock_config.o
                0x0000000000004018                mcgConfig_BOARD_BootClockRUN
 *fill*         0x0000000000004022        0x2 ff
 .rodata.simConfig_BOARD_BootClockRUN
                0x0000000000004024        0x8 ./board/clock_config.o
                0x0000000000004024                simConfig_BOARD_BootClockRUN
 .rodata.oscConfig_BOARD_BootClockRUN
                0x000000000000402c        0x8 ./board/clock_config.o
                0x000000000000402c                oscConfig_BOARD_BootClockRUN
 .rodata.__num_Ciob_streams
                0x0000000000004034        0x4 /usr/local/mcuxpressoide-11.7.0_9198/ide/plugins/com.nxp.mcuxpresso.tools.linux_11.7.0.202209140929/tools/bin/../lib/gcc/arm-none-eabi/10.3.1/../../../../arm-none-eabi/lib/thumb/v6-m/nofp/libcr_semihost_nf.a(__ciob.o)
                0x0000000000004034                __num_Ciob_streams
 .rodata.__assertion_failed.str1.1
                0x0000000000004038       0x15 /usr/local/mcuxpressoide-11.7.0_9198/ide/plugins/com.nxp.mcuxpresso.tools.linux_11.7.0.202209140929/tools/bin/../lib/gcc/arm-none-eabi/10.3.1/../../../../arm-none-eabi/lib/thumb/v6-m/nofp/libcr_semihost_nf.a(_cr_assert.o)
 .rodata._Csys_alloc.str1.1
                0x000000000000404d       0x18 /usr/local/mcuxpressoide-11.7.0_9198/ide/plugins/com.nxp.mcuxpresso.tools.linux_11.7.0.202209140929/tools/bin/../lib/gcc/arm-none-eabi/10.3.1/../../../../arm-none-eabi/lib/thumb/v6-m/nofp/libcr_c.a(alloc.o)
 .rodata._initio.str1.1
                0x0000000000004065        0x4 /usr/local/mcuxpressoide-11.7.0_9198/ide/plugins/com.nxp.mcuxpresso.tools.linux_11.7.0.202209140929/tools/bin/../lib/gcc/arm-none-eabi/10.3.1/../../../../arm-none-eabi/lib/thumb/v6-m/nofp/libcr_c.a(initio.o)
 .rodata.__vfprintf.str1.1
                0x0000000000004069       0x35 /usr/local/mcuxpressoide-11.7.0_9198/ide/plugins/com.nxp.mcuxpresso.tools.linux_11.7.0.202209140929/tools/bin/../lib/gcc/arm-none-eabi/10.3.1/../../../../arm-none-eabi/lib/thumb/v6-m/nofp/libcr_c.a(printf.o)
                                         0x38 (size before relaxing)
                0x00000000000040a0                . = ALIGN (0x4)
 *fill*         0x000000000000409e        0x2 ff

.glue_7         0x00000000000040a0        0x0
 .glue_7        0x00000000000040a0        0x0 linker stubs

.glue_7t        0x00000000000040a0        0x0
 .glue_7t       0x00000000000040a0        0x0 linker stubs

.vfp11_veneer   0x00000000000040a0        0x0
 .vfp11_veneer  0x00000000000040a0        0x0 linker stubs

.v4_bx          0x00000000000040a0        0x0
 .v4_bx         0x00000000000040a0        0x0 linker stubs

.iplt           0x00000000000040a0        0x0
 .iplt          0x00000000000040a0        0x0 ./utilities/fsl_debug_console.o

.rel.dyn        0x00000000000040a0        0x0
 .rel.iplt      0x00000000000040a0        0x0 ./utilities/fsl_debug_console.o

.ARM.extab
 *(SORT_BY_ALIGNMENT(.ARM.extab*) SORT_BY_ALIGNMENT(.gnu.linkonce.armextab.*))

.ARM.exidx      0x00000000000040a0        0x0
                0x00000000000040a0                __exidx_start = .
 *(SORT_BY_ALIGNMENT(.ARM.exidx*) SORT_BY_ALIGNMENT(.gnu.linkonce.armexidx.*))
                0x00000000000040a0                __exidx_end = .
                0x00000000000040a0                _etext = .

.m_usb_data
 *(SORT_BY_ALIGNMENT(m_usb_bdt))

.mtb_buffer_default
                0x000000001ffff000       0x80
 *(SORT_BY_ALIGNMENT(.mtb*))
 .mtb.$RAM1     0x000000001ffff000       0x80 ./source/mtb.o
                0x000000001ffff000                __mtb_buffer__

.uninit_RESERVED
                0x000000001ffff080        0x0
                0x000000001ffff080                _start_uninit_RESERVED = .
 *(SORT_BY_ALIGNMENT(.bss.$RESERVED*))
                0x000000001ffff080                . = ALIGN (0x4)
                0x000000001ffff080                _end_uninit_RESERVED = .

.data           0x000000001ffff080        0x8 load address 0x00000000000040a0
 FILL mask 0xff
                0x000000001ffff080                _data = .
                [!provide]                        PROVIDE (__start_data_RAM = .)
                [!provide]                        PROVIDE (__start_data_SRAM = .)
 *(SORT_BY_ALIGNMENT(vtable))
 *(SORT_BY_ALIGNMENT(.ramfunc*))
 *(SORT_BY_ALIGNMENT(CodeQuickAccess))
 *(SORT_BY_ALIGNMENT(DataQuickAccess))
 *(SORT_BY_ALIGNMENT(RamFunction))
 *(SORT_BY_ALIGNMENT(.data*))
 .data.s_slowIrcFreq
                0x000000001ffff080        0x4 ./drivers/fsl_clock.o
 .data.SystemCoreClock
                0x000000001ffff084        0x4 ./CMSIS/system_MKL25Z4.o
                0x000000001ffff084                SystemCoreClock
                0x000000001ffff088                . = ALIGN (0x4)
                0x000000001ffff088                _edata = .
                [!provide]                        PROVIDE (__end_data_RAM = .)
                [!provide]                        PROVIDE (__end_data_SRAM = .)

.igot.plt       0x000000001ffff088        0x0 load address 0x00000000000040a8
 .igot.plt      0x000000001ffff088        0x0 ./utilities/fsl_debug_console.o

.bss            0x000000001ffff088       0xec
                0x000000001ffff088                _bss = .
                [!provide]                        PROVIDE (__start_bss_RAM = .)
                [!provide]                        PROVIDE (__start_bss_SRAM = .)
 *(SORT_BY_ALIGNMENT(.bss*))
 .bss.s_debugConsole
                0x000000001ffff088       0x10 ./utilities/fsl_debug_console.o
 .bss.g_xtal0Freq
                0x000000001ffff098        0x4 ./drivers/fsl_clock.o
                0x000000001ffff098                g_xtal0Freq
 .bss.s_lpsciHandle
                0x000000001ffff09c        0x4 ./drivers/fsl_lpsci.o
 .bss.s_lpsciIsr
                0x000000001ffff0a0        0x4 ./drivers/fsl_lpsci.o
 .bss.s_uartHandle
                0x000000001ffff0a4        0xc ./drivers/fsl_uart.o
 .bss.s_uartIsr
                0x000000001ffff0b0        0x4 ./drivers/fsl_uart.o
 .bss.__Ciob    0x000000001ffff0b4       0xb4 /usr/local/mcuxpressoide-11.7.0_9198/ide/plugins/com.nxp.mcuxpresso.tools.linux_11.7.0.202209140929/tools/bin/../lib/gcc/arm-none-eabi/10.3.1/../../../../arm-none-eabi/lib/thumb/v6-m/nofp/libcr_semihost_nf.a(__ciob.o)
                0x000000001ffff0b4                __Ciob
 .bss.__end_of_heap
                0x000000001ffff168        0x4 /usr/local/mcuxpressoide-11.7.0_9198/ide/plugins/com.nxp.mcuxpresso.tools.linux_11.7.0.202209140929/tools/bin/../lib/gcc/arm-none-eabi/10.3.1/../../../../arm-none-eabi/lib/thumb/v6-m/nofp/libcr_c.a(__init_alloc.o)
                0x000000001ffff168                __end_of_heap
 .bss.__heaps   0x000000001ffff16c        0x4 /usr/local/mcuxpressoide-11.7.0_9198/ide/plugins/com.nxp.mcuxpresso.tools.linux_11.7.0.202209140929/tools/bin/../lib/gcc/arm-none-eabi/10.3.1/../../../../arm-none-eabi/lib/thumb/v6-m/nofp/libcr_c.a(__init_alloc.o)
                0x000000001ffff16c                __heaps
 .bss.errno     0x000000001ffff170        0x4 /usr/local/mcuxpressoide-11.7.0_9198/ide/plugins/com.nxp.mcuxpresso.tools.linux_11.7.0.202209140929/tools/bin/../lib/gcc/arm-none-eabi/10.3.1/../../../../arm-none-eabi/lib/thumb/v6-m/nofp/libcr_c.a(errno.o)
                0x000000001ffff170                errno
 *(SORT_BY_ALIGNMENT(COMMON))
                0x000000001ffff174                . = ALIGN (0x4)
                0x000000001ffff174                _ebss = .
                [!provide]                        PROVIDE (__end_bss_RAM = .)
                [!provide]                        PROVIDE (__end_bss_SRAM = .)
                [!provide]                        PROVIDE (end = .)

.noinit         0x000000001ffff174        0x0
                0x000000001ffff174                _noinit = .
                [!provide]                        PROVIDE (__start_noinit_RAM = .)
                [!provide]                        PROVIDE (__start_noinit_SRAM = .)
 *(SORT_BY_ALIGNMENT(.noinit*))
                0x000000001ffff174                . = ALIGN (0x4)
                0x000000001ffff174                _end_noinit = .
                [!provide]                        PROVIDE (__end_noinit_RAM = .)
                [!provide]                        PROVIDE (__end_noinit_SRAM = .)
                0x0000000000000400                _HeapSize = 0x400

.heap           0x000000001ffff174      0x400
                0x000000001ffff174                _pvHeapStart = .
                0x000000001ffff574                . = (. + _HeapSize)
 *fill*         0x000000001ffff174      0x400 
                0x000000001ffff574                . = ALIGN (0x4)
                0x000000001ffff574                _pvHeapLimit = .
                0x0000000000000400                _StackSize = 0x400

.heap2stackfill
                0x000000001ffff574      0x400
                0x000000001ffff974                . = (. + _StackSize)
 *fill*         0x000000001ffff574      0x400 

.stack          0x0000000020002c00        0x0
                0x0000000020002c00                _vStackBase = .
                0x0000000020002c00                . = ALIGN (0x4)
                0x0000000020003000                _vStackTop = (. + _StackSize)
                0x0000000000000000                _image_start = LOADADDR (.text)
                0x00000000000040a8                _image_end = (LOADADDR (.data) + SIZEOF (.data))
                0x00000000000040a8                _image_size = (_image_end - _image_start)
OUTPUT(ADC_servo_control.axf elf32-littlearm)
LOAD linker stubs

.debug_info     0x0000000000000000     0x6ece
 .debug_info    0x0000000000000000      0x84f ./utilities/fsl_debug_console.o
 .debug_info    0x000000000000084f      0x4eb ./startup/startup_mkl25z4.o
 .debug_info    0x0000000000000d3a      0x715 ./source/ADC_servo_control.o
 .debug_info    0x000000000000144f       0x53 ./source/mtb.o
 .debug_info    0x00000000000014a2       0x3c ./source/semihost_hardfault.o
 .debug_info    0x00000000000014de     0x1a5a ./drivers/fsl_clock.o
 .debug_info    0x0000000000002f38     0x140d ./drivers/fsl_lpsci.o
 .debug_info    0x0000000000004345     0x13ae ./drivers/fsl_uart.o
 .debug_info    0x00000000000056f3      0x39b ./board/board.o
 .debug_info    0x0000000000005a8e      0xabc ./board/clock_config.o
 .debug_info    0x000000000000654a       0x3c ./board/peripherals.o
 .debug_info    0x0000000000006586      0x547 ./board/pin_mux.o
 .debug_info    0x0000000000006acd      0x401 ./CMSIS/system_MKL25Z4.o

.debug_abbrev   0x0000000000000000     0x145e
 .debug_abbrev  0x0000000000000000      0x1d7 ./utilities/fsl_debug_console.o
 .debug_abbrev  0x00000000000001d7      0x198 ./startup/startup_mkl25z4.o
 .debug_abbrev  0x000000000000036f      0x155 ./source/ADC_servo_control.o
 .debug_abbrev  0x00000000000004c4       0x46 ./source/mtb.o
 .debug_abbrev  0x000000000000050a       0x31 ./source/semihost_hardfault.o
 .debug_abbrev  0x000000000000053b      0x357 ./drivers/fsl_clock.o
 .debug_abbrev  0x0000000000000892      0x2d7 ./drivers/fsl_lpsci.o
 .debug_abbrev  0x0000000000000b69      0x2f1 ./drivers/fsl_uart.o
 .debug_abbrev  0x0000000000000e5a      0x11b ./board/board.o
 .debug_abbrev  0x0000000000000f75      0x201 ./board/clock_config.o
 .debug_abbrev  0x0000000000001176       0x31 ./board/peripherals.o
 .debug_abbrev  0x00000000000011a7      0x189 ./board/pin_mux.o
 .debug_abbrev  0x0000000000001330      0x12e ./CMSIS/system_MKL25Z4.o

.debug_aranges  0x0000000000000000      0x750
 .debug_aranges
                0x0000000000000000       0x48 ./utilities/fsl_debug_console.o
 .debug_aranges
                0x0000000000000048      0x160 ./startup/startup_mkl25z4.o
 .debug_aranges
                0x00000000000001a8       0x50 ./source/ADC_servo_control.o
 .debug_aranges
                0x00000000000001f8       0x18 ./source/mtb.o
 .debug_aranges
                0x0000000000000210       0x20 ./source/semihost_hardfault.o
 .debug_aranges
                0x0000000000000230      0x1d8 ./drivers/fsl_clock.o
 .debug_aranges
                0x0000000000000408      0x118 ./drivers/fsl_lpsci.o
 .debug_aranges
                0x0000000000000520      0x130 ./drivers/fsl_uart.o
 .debug_aranges
                0x0000000000000650       0x28 ./board/board.o
 .debug_aranges
                0x0000000000000678       0x58 ./board/clock_config.o
 .debug_aranges
                0x00000000000006d0       0x20 ./board/peripherals.o
 .debug_aranges
                0x00000000000006f0       0x38 ./board/pin_mux.o
 .debug_aranges
                0x0000000000000728       0x28 ./CMSIS/system_MKL25Z4.o

.debug_ranges   0x0000000000000000      0x678
 .debug_ranges  0x0000000000000000       0x38 ./utilities/fsl_debug_console.o
 .debug_ranges  0x0000000000000038      0x150 ./startup/startup_mkl25z4.o
 .debug_ranges  0x0000000000000188       0x40 ./source/ADC_servo_control.o
 .debug_ranges  0x00000000000001c8       0x10 ./source/semihost_hardfault.o
 .debug_ranges  0x00000000000001d8      0x1c8 ./drivers/fsl_clock.o
 .debug_ranges  0x00000000000003a0      0x108 ./drivers/fsl_lpsci.o
 .debug_ranges  0x00000000000004a8      0x120 ./drivers/fsl_uart.o
 .debug_ranges  0x00000000000005c8       0x18 ./board/board.o
 .debug_ranges  0x00000000000005e0       0x48 ./board/clock_config.o
 .debug_ranges  0x0000000000000628       0x10 ./board/peripherals.o
 .debug_ranges  0x0000000000000638       0x28 ./board/pin_mux.o
 .debug_ranges  0x0000000000000660       0x18 ./CMSIS/system_MKL25Z4.o

.debug_macro    0x0000000000000000     0x8bee
 .debug_macro   0x0000000000000000      0x13a ./utilities/fsl_debug_console.o
 .debug_macro   0x000000000000013a      0xa84 ./utilities/fsl_debug_console.o
 .debug_macro   0x0000000000000bbe       0x10 ./utilities/fsl_debug_console.o
 .debug_macro   0x0000000000000bce       0x16 ./utilities/fsl_debug_console.o
 .debug_macro   0x0000000000000be4       0x10 ./utilities/fsl_debug_console.o
 .debug_macro   0x0000000000000bf4      0x12e ./utilities/fsl_debug_console.o
 .debug_macro   0x0000000000000d22       0x28 ./utilities/fsl_debug_console.o
 .debug_macro   0x0000000000000d4a       0xc4 ./utilities/fsl_debug_console.o
 .debug_macro   0x0000000000000e0e       0x16 ./utilities/fsl_debug_console.o
 .debug_macro   0x0000000000000e24       0x22 ./utilities/fsl_debug_console.o
 .debug_macro   0x0000000000000e46      0x5b3 ./utilities/fsl_debug_console.o
 .debug_macro   0x00000000000013f9       0x10 ./utilities/fsl_debug_console.o
 .debug_macro   0x0000000000001409       0x3f ./utilities/fsl_debug_console.o
 .debug_macro   0x0000000000001448       0x3a ./utilities/fsl_debug_console.o
 .debug_macro   0x0000000000001482       0x26 ./utilities/fsl_debug_console.o
 .debug_macro   0x00000000000014a8      0x329 ./utilities/fsl_debug_console.o
 .debug_macro   0x00000000000017d1       0x30 ./utilities/fsl_debug_console.o
 .debug_macro   0x0000000000001801     0x51e2 ./utilities/fsl_debug_console.o
 .debug_macro   0x00000000000069e3     0x1352 ./utilities/fsl_debug_console.o
 .debug_macro   0x0000000000007d35       0x3a ./utilities/fsl_debug_console.o
 .debug_macro   0x0000000000007d6f       0xf4 ./utilities/fsl_debug_console.o
 .debug_macro   0x0000000000007e63       0x35 ./utilities/fsl_debug_console.o
 .debug_macro   0x0000000000007e98       0xd2 ./utilities/fsl_debug_console.o
 .debug_macro   0x0000000000007f6a       0x2e ./utilities/fsl_debug_console.o
 .debug_macro   0x0000000000007f98       0x10 ./utilities/fsl_debug_console.o
 .debug_macro   0x0000000000007fa8       0x10 ./utilities/fsl_debug_console.o
 .debug_macro   0x0000000000007fb8       0x29 ./startup/startup_mkl25z4.o
 .debug_macro   0x0000000000007fe1      0x153 ./source/ADC_servo_control.o
 .debug_macro   0x0000000000008134       0xd8 ./source/ADC_servo_control.o
 .debug_macro   0x000000000000820c       0x16 ./source/ADC_servo_control.o
 .debug_macro   0x0000000000008222       0x10 ./source/ADC_servo_control.o
 .debug_macro   0x0000000000008232      0x112 ./source/ADC_servo_control.o
 .debug_macro   0x0000000000008344       0x34 ./source/ADC_servo_control.o
 .debug_macro   0x0000000000008378       0x2f ./source/mtb.o
 .debug_macro   0x00000000000083a7       0x82 ./source/mtb.o
 .debug_macro   0x0000000000008429       0x10 ./source/mtb.o
 .debug_macro   0x0000000000008439       0x11 ./source/semihost_hardfault.o
 .debug_macro   0x000000000000844a      0x196 ./drivers/fsl_clock.o
 .debug_macro   0x00000000000085e0       0x1c ./drivers/fsl_clock.o
 .debug_macro   0x00000000000085fc       0xec ./drivers/fsl_lpsci.o
 .debug_macro   0x00000000000086e8       0xf2 ./drivers/fsl_uart.o
 .debug_macro   0x00000000000087da      0x12b ./board/board.o
 .debug_macro   0x0000000000008905      0x123 ./board/clock_config.o
 .debug_macro   0x0000000000008a28       0x1b ./board/peripherals.o
 .debug_macro   0x0000000000008a43      0x107 ./board/pin_mux.o
 .debug_macro   0x0000000000008b4a       0x10 ./board/pin_mux.o
 .debug_macro   0x0000000000008b5a       0x94 ./CMSIS/system_MKL25Z4.o

.debug_line     0x0000000000000000     0x4a26
 .debug_line    0x0000000000000000      0x496 ./utilities/fsl_debug_console.o
 .debug_line    0x0000000000000496      0x1ed ./startup/startup_mkl25z4.o
 .debug_line    0x0000000000000683      0x5b3 ./source/ADC_servo_control.o
 .debug_line    0x0000000000000c36       0xd5 ./source/mtb.o
 .debug_line    0x0000000000000d0b       0x59 ./source/semihost_hardfault.o
 .debug_line    0x0000000000000d64     0x1303 ./drivers/fsl_clock.o
 .debug_line    0x0000000000002067      0xd7c ./drivers/fsl_lpsci.o
 .debug_line    0x0000000000002de3      0xd6b ./drivers/fsl_uart.o
 .debug_line    0x0000000000003b4e      0x3bc ./board/board.o
 .debug_line    0x0000000000003f0a      0x3ff ./board/clock_config.o
 .debug_line    0x0000000000004309       0x5c ./board/peripherals.o
 .debug_line    0x0000000000004365      0x386 ./board/pin_mux.o
 .debug_line    0x00000000000046eb      0x33b ./CMSIS/system_MKL25Z4.o

.debug_str      0x0000000000000000    0x35b15
 .debug_str     0x0000000000000000    0x313ea ./utilities/fsl_debug_console.o
                                      0x3162d (size before relaxing)
 .debug_str     0x00000000000313ea      0x3cd ./startup/startup_mkl25z4.o
                                       0x30d4 (size before relaxing)
 .debug_str     0x00000000000317b7      0xc6f ./source/ADC_servo_control.o
                                      0x3138f (size before relaxing)
 .debug_str     0x0000000000032426      0x532 ./source/mtb.o
                                       0x31f4 (size before relaxing)
 .debug_str     0x0000000000032958       0x1f ./source/semihost_hardfault.o
                                       0x2ce1 (size before relaxing)
 .debug_str     0x0000000000032977     0x1797 ./drivers/fsl_clock.o
                                      0x321a9 (size before relaxing)
 .debug_str     0x000000000003410e      0xb67 ./drivers/fsl_lpsci.o
                                      0x31798 (size before relaxing)
 .debug_str     0x0000000000034c75      0x832 ./drivers/fsl_uart.o
                                      0x317bb (size before relaxing)
 .debug_str     0x00000000000354a7       0x4c ./board/board.o
                                      0x3120b (size before relaxing)
 .debug_str     0x00000000000354f3      0x3c1 ./board/clock_config.o
                                      0x310da (size before relaxing)
 .debug_str     0x00000000000358b4       0x31 ./board/peripherals.o
                                       0x2cf2 (size before relaxing)
 .debug_str     0x00000000000358e5      0x1e1 ./board/pin_mux.o
                                      0x30821 (size before relaxing)
 .debug_str     0x0000000000035ac6       0x4f ./CMSIS/system_MKL25Z4.o
                                      0x2fb23 (size before relaxing)

.comment        0x0000000000000000       0x49
 .comment       0x0000000000000000       0x49 ./utilities/fsl_debug_console.o
                                         0x4a (size before relaxing)
 .comment       0x0000000000000049       0x4a ./startup/startup_mkl25z4.o
 .comment       0x0000000000000049       0x4a ./source/ADC_servo_control.o
 .comment       0x0000000000000049       0x4a ./source/mtb.o
 .comment       0x0000000000000049       0x4a ./source/semihost_hardfault.o
 .comment       0x0000000000000049       0x4a ./drivers/fsl_clock.o
 .comment       0x0000000000000049       0x4a ./drivers/fsl_lpsci.o
 .comment       0x0000000000000049       0x4a ./drivers/fsl_uart.o
 .comment       0x0000000000000049       0x4a ./board/board.o
 .comment       0x0000000000000049       0x4a ./board/clock_config.o
 .comment       0x0000000000000049       0x4a ./board/peripherals.o
 .comment       0x0000000000000049       0x4a ./board/pin_mux.o
 .comment       0x0000000000000049       0x4a ./CMSIS/system_MKL25Z4.o
 .comment       0x0000000000000049       0x4a /usr/local/mcuxpressoide-11.7.0_9198/ide/plugins/com.nxp.mcuxpresso.tools.linux_11.7.0.202209140929/tools/bin/../lib/gcc/arm-none-eabi/10.3.1/../../../../arm-none-eabi/lib/thumb/v6-m/nofp/libcr_semihost_nf.a(_cr__main.o)
 .comment       0x0000000000000049       0x4a /usr/local/mcuxpressoide-11.7.0_9198/ide/plugins/com.nxp.mcuxpresso.tools.linux_11.7.0.202209140929/tools/bin/../lib/gcc/arm-none-eabi/10.3.1/../../../../arm-none-eabi/lib/thumb/v6-m/nofp/libcr_semihost_nf.a(_cr_assert.o)
 .comment       0x0000000000000049       0x4a /usr/local/mcuxpressoide-11.7.0_9198/ide/plugins/com.nxp.mcuxpresso.tools.linux_11.7.0.202209140929/tools/bin/../lib/gcc/arm-none-eabi/10.3.1/../../../../arm-none-eabi/lib/thumb/v6-m/nofp/libcr_semihost_nf.a(__ciob.o)
 .comment       0x0000000000000049       0x4a /usr/local/mcuxpressoide-11.7.0_9198/ide/plugins/com.nxp.mcuxpresso.tools.linux_11.7.0.202209140929/tools/bin/../lib/gcc/arm-none-eabi/10.3.1/../../../../arm-none-eabi/lib/thumb/v6-m/nofp/libcr_c.a(memset.o)
 .comment       0x0000000000000049       0x4a /usr/local/mcuxpressoide-11.7.0_9198/ide/plugins/com.nxp.mcuxpresso.tools.linux_11.7.0.202209140929/tools/bin/../lib/gcc/arm-none-eabi/10.3.1/../../../../arm-none-eabi/lib/thumb/v6-m/nofp/libcr_c.a(_deferredlazyseek.o)
 .comment       0x0000000000000049       0x4a /usr/local/mcuxpressoide-11.7.0_9198/ide/plugins/com.nxp.mcuxpresso.tools.linux_11.7.0.202209140929/tools/bin/../lib/gcc/arm-none-eabi/10.3.1/../../../../arm-none-eabi/lib/thumb/v6-m/nofp/libcr_c.a(_fflush.o)
 .comment       0x0000000000000049       0x4a /usr/local/mcuxpressoide-11.7.0_9198/ide/plugins/com.nxp.mcuxpresso.tools.linux_11.7.0.202209140929/tools/bin/../lib/gcc/arm-none-eabi/10.3.1/../../../../arm-none-eabi/lib/thumb/v6-m/nofp/libcr_c.a(_writebuf.o)
 .comment       0x0000000000000049       0x4a /usr/local/mcuxpressoide-11.7.0_9198/ide/plugins/com.nxp.mcuxpresso.tools.linux_11.7.0.202209140929/tools/bin/../lib/gcc/arm-none-eabi/10.3.1/../../../../arm-none-eabi/lib/thumb/v6-m/nofp/libcr_c.a(alloc.o)
 .comment       0x0000000000000049       0x4a /usr/local/mcuxpressoide-11.7.0_9198/ide/plugins/com.nxp.mcuxpresso.tools.linux_11.7.0.202209140929/tools/bin/../lib/gcc/arm-none-eabi/10.3.1/../../../../arm-none-eabi/lib/thumb/v6-m/nofp/libcr_c.a(fputs.o)
 .comment       0x0000000000000049       0x4a /usr/local/mcuxpressoide-11.7.0_9198/ide/plugins/com.nxp.mcuxpresso.tools.linux_11.7.0.202209140929/tools/bin/../lib/gcc/arm-none-eabi/10.3.1/../../../../arm-none-eabi/lib/thumb/v6-m/nofp/libcr_c.a(fseek.o)
 .comment       0x0000000000000049       0x4a /usr/local/mcuxpressoide-11.7.0_9198/ide/plugins/com.nxp.mcuxpresso.tools.linux_11.7.0.202209140929/tools/bin/../lib/gcc/arm-none-eabi/10.3.1/../../../../arm-none-eabi/lib/thumb/v6-m/nofp/libcr_c.a(ftell.o)
 .comment       0x0000000000000049       0x4a /usr/local/mcuxpressoide-11.7.0_9198/ide/plugins/com.nxp.mcuxpresso.tools.linux_11.7.0.202209140929/tools/bin/../lib/gcc/arm-none-eabi/10.3.1/../../../../arm-none-eabi/lib/thumb/v6-m/nofp/libcr_c.a(initio.o)
 .comment       0x0000000000000049       0x4a /usr/local/mcuxpressoide-11.7.0_9198/ide/plugins/com.nxp.mcuxpresso.tools.linux_11.7.0.202209140929/tools/bin/../lib/gcc/arm-none-eabi/10.3.1/../../../../arm-none-eabi/lib/thumb/v6-m/nofp/libcr_c.a(printf.o)
 .comment       0x0000000000000049       0x4a /usr/local/mcuxpressoide-11.7.0_9198/ide/plugins/com.nxp.mcuxpresso.tools.linux_11.7.0.202209140929/tools/bin/../lib/gcc/arm-none-eabi/10.3.1/../../../../arm-none-eabi/lib/thumb/v6-m/nofp/libcr_c.a(setvbuf.o)
 .comment       0x0000000000000049       0x4a /usr/local/mcuxpressoide-11.7.0_9198/ide/plugins/com.nxp.mcuxpresso.tools.linux_11.7.0.202209140929/tools/bin/../lib/gcc/arm-none-eabi/10.3.1/../../../../arm-none-eabi/lib/thumb/v6-m/nofp/libcr_c.a(strlen.o)
 .comment       0x0000000000000049       0x4a /usr/local/mcuxpressoide-11.7.0_9198/ide/plugins/com.nxp.mcuxpresso.tools.linux_11.7.0.202209140929/tools/bin/../lib/gcc/arm-none-eabi/10.3.1/../../../../arm-none-eabi/lib/thumb/v6-m/nofp/libcr_c.a(__init_alloc.o)
 .comment       0x0000000000000049       0x4a /usr/local/mcuxpressoide-11.7.0_9198/ide/plugins/com.nxp.mcuxpresso.tools.linux_11.7.0.202209140929/tools/bin/../lib/gcc/arm-none-eabi/10.3.1/../../../../arm-none-eabi/lib/thumb/v6-m/nofp/libcr_c.a(_cr_sbrk.o)
 .comment       0x0000000000000049       0x4a /usr/local/mcuxpressoide-11.7.0_9198/ide/plugins/com.nxp.mcuxpresso.tools.linux_11.7.0.202209140929/tools/bin/../lib/gcc/arm-none-eabi/10.3.1/../../../../arm-none-eabi/lib/thumb/v6-m/nofp/libcr_c.a(_fdopen.o)
 .comment       0x0000000000000049       0x4a /usr/local/mcuxpressoide-11.7.0_9198/ide/plugins/com.nxp.mcuxpresso.tools.linux_11.7.0.202209140929/tools/bin/../lib/gcc/arm-none-eabi/10.3.1/../../../../arm-none-eabi/lib/thumb/v6-m/nofp/libcr_c.a(errno.o)
 .comment       0x0000000000000049       0x4a /usr/local/mcuxpressoide-11.7.0_9198/ide/plugins/com.nxp.mcuxpresso.tools.linux_11.7.0.202209140929/tools/bin/../lib/gcc/arm-none-eabi/10.3.1/../../../../arm-none-eabi/lib/thumb/v6-m/nofp/libcr_c.a(fclose.o)
 .comment       0x0000000000000049       0x4a /usr/local/mcuxpressoide-11.7.0_9198/ide/plugins/com.nxp.mcuxpresso.tools.linux_11.7.0.202209140929/tools/bin/../lib/gcc/arm-none-eabi/10.3.1/../../../../arm-none-eabi/lib/thumb/v6-m/nofp/libcr_c.a(fflush.o)
 .comment       0x0000000000000049       0x4a /usr/local/mcuxpressoide-11.7.0_9198/ide/plugins/com.nxp.mcuxpresso.tools.linux_11.7.0.202209140929/tools/bin/../lib/gcc/arm-none-eabi/10.3.1/../../../../arm-none-eabi/lib/thumb/v6-m/nofp/libcr_c.a(remove.o)
 .comment       0x0000000000000049       0x4a /usr/local/mcuxpressoide-11.7.0_9198/ide/plugins/com.nxp.mcuxpresso.tools.linux_11.7.0.202209140929/tools/bin/../lib/gcc/arm-none-eabi/10.3.1/../../../../arm-none-eabi/lib/thumb/v6-m/nofp/libcr_c.a(_cr_check_heap.o)
 .comment       0x0000000000000049       0x4a /usr/local/mcuxpressoide-11.7.0_9198/ide/plugins/com.nxp.mcuxpresso.tools.linux_11.7.0.202209140929/tools/bin/../lib/gcc/arm-none-eabi/10.3.1/../../../../arm-none-eabi/lib/thumb/v6-m/nofp/libcr_c.a(_do_fflush.o)
 .comment       0x0000000000000049       0x4a /usr/local/mcuxpressoide-11.7.0_9198/ide/plugins/com.nxp.mcuxpresso.tools.linux_11.7.0.202209140929/tools/bin/../lib/gcc/arm-none-eabi/10.3.1/thumb/v6-m/nofp/libcr_eabihelpers.a(double.o)
 .comment       0x0000000000000049       0x4a /usr/local/mcuxpressoide-11.7.0_9198/ide/plugins/com.nxp.mcuxpresso.tools.linux_11.7.0.202209140929/tools/bin/../lib/gcc/arm-none-eabi/10.3.1/thumb/v6-m/nofp/libcr_eabihelpers.a(float.o)

.ARM.attributes
                0x0000000000000000       0x2a
 .ARM.attributes
                0x0000000000000000       0x2c ./utilities/fsl_debug_console.o
 .ARM.attributes
                0x000000000000002c       0x2c ./startup/startup_mkl25z4.o
 .ARM.attributes
                0x0000000000000058       0x2c ./source/ADC_servo_control.o
 .ARM.attributes
                0x0000000000000084       0x2c ./source/mtb.o
 .ARM.attributes
                0x00000000000000b0       0x2c ./source/semihost_hardfault.o
 .ARM.attributes
                0x00000000000000dc       0x2c ./drivers/fsl_clock.o
 .ARM.attributes
                0x0000000000000108       0x2c ./drivers/fsl_lpsci.o
 .ARM.attributes
                0x0000000000000134       0x2c ./drivers/fsl_uart.o
 .ARM.attributes
                0x0000000000000160       0x2c ./board/board.o
 .ARM.attributes
                0x000000000000018c       0x2c ./board/clock_config.o
 .ARM.attributes
                0x00000000000001b8       0x2c ./board/peripherals.o
 .ARM.attributes
                0x00000000000001e4       0x2c ./board/pin_mux.o
 .ARM.attributes
                0x0000000000000210       0x2c ./CMSIS/system_MKL25Z4.o
 .ARM.attributes
                0x000000000000023c       0x2c /usr/local/mcuxpressoide-11.7.0_9198/ide/plugins/com.nxp.mcuxpresso.tools.linux_11.7.0.202209140929/tools/bin/../lib/gcc/arm-none-eabi/10.3.1/../../../../arm-none-eabi/lib/thumb/v6-m/nofp/libcr_semihost_nf.a(_cr__main.o)
 .ARM.attributes
                0x0000000000000268       0x2c /usr/local/mcuxpressoide-11.7.0_9198/ide/plugins/com.nxp.mcuxpresso.tools.linux_11.7.0.202209140929/tools/bin/../lib/gcc/arm-none-eabi/10.3.1/../../../../arm-none-eabi/lib/thumb/v6-m/nofp/libcr_semihost_nf.a(_cr_assert.o)
 .ARM.attributes
                0x0000000000000294       0x2c /usr/local/mcuxpressoide-11.7.0_9198/ide/plugins/com.nxp.mcuxpresso.tools.linux_11.7.0.202209140929/tools/bin/../lib/gcc/arm-none-eabi/10.3.1/../../../../arm-none-eabi/lib/thumb/v6-m/nofp/libcr_semihost_nf.a(__ciob.o)
 .ARM.attributes
                0x00000000000002c0       0x1c /usr/local/mcuxpressoide-11.7.0_9198/ide/plugins/com.nxp.mcuxpresso.tools.linux_11.7.0.202209140929/tools/bin/../lib/gcc/arm-none-eabi/10.3.1/../../../../arm-none-eabi/lib/thumb/v6-m/nofp/libcr_semihost_nf.a(__sys_appexit.o)
 .ARM.attributes
                0x00000000000002dc       0x2c /usr/local/mcuxpressoide-11.7.0_9198/ide/plugins/com.nxp.mcuxpresso.tools.linux_11.7.0.202209140929/tools/bin/../lib/gcc/arm-none-eabi/10.3.1/../../../../arm-none-eabi/lib/thumb/v6-m/nofp/libcr_c.a(memset.o)
 .ARM.attributes
                0x0000000000000308       0x2c /usr/local/mcuxpressoide-11.7.0_9198/ide/plugins/com.nxp.mcuxpresso.tools.linux_11.7.0.202209140929/tools/bin/../lib/gcc/arm-none-eabi/10.3.1/../../../../arm-none-eabi/lib/thumb/v6-m/nofp/libcr_c.a(_deferredlazyseek.o)
 .ARM.attributes
                0x0000000000000334       0x2c /usr/local/mcuxpressoide-11.7.0_9198/ide/plugins/com.nxp.mcuxpresso.tools.linux_11.7.0.202209140929/tools/bin/../lib/gcc/arm-none-eabi/10.3.1/../../../../arm-none-eabi/lib/thumb/v6-m/nofp/libcr_c.a(_fflush.o)
 .ARM.attributes
                0x0000000000000360       0x2c /usr/local/mcuxpressoide-11.7.0_9198/ide/plugins/com.nxp.mcuxpresso.tools.linux_11.7.0.202209140929/tools/bin/../lib/gcc/arm-none-eabi/10.3.1/../../../../arm-none-eabi/lib/thumb/v6-m/nofp/libcr_c.a(_writebuf.o)
 .ARM.attributes
                0x000000000000038c       0x2c /usr/local/mcuxpressoide-11.7.0_9198/ide/plugins/com.nxp.mcuxpresso.tools.linux_11.7.0.202209140929/tools/bin/../lib/gcc/arm-none-eabi/10.3.1/../../../../arm-none-eabi/lib/thumb/v6-m/nofp/libcr_c.a(alloc.o)
 .ARM.attributes
                0x00000000000003b8       0x2c /usr/local/mcuxpressoide-11.7.0_9198/ide/plugins/com.nxp.mcuxpresso.tools.linux_11.7.0.202209140929/tools/bin/../lib/gcc/arm-none-eabi/10.3.1/../../../../arm-none-eabi/lib/thumb/v6-m/nofp/libcr_c.a(fputs.o)
 .ARM.attributes
                0x00000000000003e4       0x2c /usr/local/mcuxpressoide-11.7.0_9198/ide/plugins/com.nxp.mcuxpresso.tools.linux_11.7.0.202209140929/tools/bin/../lib/gcc/arm-none-eabi/10.3.1/../../../../arm-none-eabi/lib/thumb/v6-m/nofp/libcr_c.a(fseek.o)
 .ARM.attributes
                0x0000000000000410       0x2c /usr/local/mcuxpressoide-11.7.0_9198/ide/plugins/com.nxp.mcuxpresso.tools.linux_11.7.0.202209140929/tools/bin/../lib/gcc/arm-none-eabi/10.3.1/../../../../arm-none-eabi/lib/thumb/v6-m/nofp/libcr_c.a(ftell.o)
 .ARM.attributes
                0x000000000000043c       0x2c /usr/local/mcuxpressoide-11.7.0_9198/ide/plugins/com.nxp.mcuxpresso.tools.linux_11.7.0.202209140929/tools/bin/../lib/gcc/arm-none-eabi/10.3.1/../../../../arm-none-eabi/lib/thumb/v6-m/nofp/libcr_c.a(initio.o)
 .ARM.attributes
                0x0000000000000468       0x2c /usr/local/mcuxpressoide-11.7.0_9198/ide/plugins/com.nxp.mcuxpresso.tools.linux_11.7.0.202209140929/tools/bin/../lib/gcc/arm-none-eabi/10.3.1/../../../../arm-none-eabi/lib/thumb/v6-m/nofp/libcr_c.a(printf.o)
 .ARM.attributes
                0x0000000000000494       0x2c /usr/local/mcuxpressoide-11.7.0_9198/ide/plugins/com.nxp.mcuxpresso.tools.linux_11.7.0.202209140929/tools/bin/../lib/gcc/arm-none-eabi/10.3.1/../../../../arm-none-eabi/lib/thumb/v6-m/nofp/libcr_c.a(setvbuf.o)
 .ARM.attributes
                0x00000000000004c0       0x2c /usr/local/mcuxpressoide-11.7.0_9198/ide/plugins/com.nxp.mcuxpresso.tools.linux_11.7.0.202209140929/tools/bin/../lib/gcc/arm-none-eabi/10.3.1/../../../../arm-none-eabi/lib/thumb/v6-m/nofp/libcr_c.a(strlen.o)
 .ARM.attributes
                0x00000000000004ec       0x2c /usr/local/mcuxpressoide-11.7.0_9198/ide/plugins/com.nxp.mcuxpresso.tools.linux_11.7.0.202209140929/tools/bin/../lib/gcc/arm-none-eabi/10.3.1/../../../../arm-none-eabi/lib/thumb/v6-m/nofp/libcr_c.a(__init_alloc.o)
 .ARM.attributes
                0x0000000000000518       0x2c /usr/local/mcuxpressoide-11.7.0_9198/ide/plugins/com.nxp.mcuxpresso.tools.linux_11.7.0.202209140929/tools/bin/../lib/gcc/arm-none-eabi/10.3.1/../../../../arm-none-eabi/lib/thumb/v6-m/nofp/libcr_c.a(_cr_sbrk.o)
 .ARM.attributes
                0x0000000000000544       0x2c /usr/local/mcuxpressoide-11.7.0_9198/ide/plugins/com.nxp.mcuxpresso.tools.linux_11.7.0.202209140929/tools/bin/../lib/gcc/arm-none-eabi/10.3.1/../../../../arm-none-eabi/lib/thumb/v6-m/nofp/libcr_c.a(_fdopen.o)
 .ARM.attributes
                0x0000000000000570       0x2c /usr/local/mcuxpressoide-11.7.0_9198/ide/plugins/com.nxp.mcuxpresso.tools.linux_11.7.0.202209140929/tools/bin/../lib/gcc/arm-none-eabi/10.3.1/../../../../arm-none-eabi/lib/thumb/v6-m/nofp/libcr_c.a(errno.o)
 .ARM.attributes
                0x000000000000059c       0x2c /usr/local/mcuxpressoide-11.7.0_9198/ide/plugins/com.nxp.mcuxpresso.tools.linux_11.7.0.202209140929/tools/bin/../lib/gcc/arm-none-eabi/10.3.1/../../../../arm-none-eabi/lib/thumb/v6-m/nofp/libcr_c.a(fclose.o)
 .ARM.attributes
                0x00000000000005c8       0x2c /usr/local/mcuxpressoide-11.7.0_9198/ide/plugins/com.nxp.mcuxpresso.tools.linux_11.7.0.202209140929/tools/bin/../lib/gcc/arm-none-eabi/10.3.1/../../../../arm-none-eabi/lib/thumb/v6-m/nofp/libcr_c.a(fflush.o)
 .ARM.attributes
                0x00000000000005f4       0x2c /usr/local/mcuxpressoide-11.7.0_9198/ide/plugins/com.nxp.mcuxpresso.tools.linux_11.7.0.202209140929/tools/bin/../lib/gcc/arm-none-eabi/10.3.1/../../../../arm-none-eabi/lib/thumb/v6-m/nofp/libcr_c.a(remove.o)
 .ARM.attributes
                0x0000000000000620       0x2c /usr/local/mcuxpressoide-11.7.0_9198/ide/plugins/com.nxp.mcuxpresso.tools.linux_11.7.0.202209140929/tools/bin/../lib/gcc/arm-none-eabi/10.3.1/../../../../arm-none-eabi/lib/thumb/v6-m/nofp/libcr_c.a(_cr_check_heap.o)
 .ARM.attributes
                0x000000000000064c       0x2c /usr/local/mcuxpressoide-11.7.0_9198/ide/plugins/com.nxp.mcuxpresso.tools.linux_11.7.0.202209140929/tools/bin/../lib/gcc/arm-none-eabi/10.3.1/../../../../arm-none-eabi/lib/thumb/v6-m/nofp/libcr_c.a(_do_fflush.o)
 .ARM.attributes
                0x0000000000000678       0x1c /usr/local/mcuxpressoide-11.7.0_9198/ide/plugins/com.nxp.mcuxpresso.tools.linux_11.7.0.202209140929/tools/bin/../lib/gcc/arm-none-eabi/10.3.1/thumb/v6-m/nofp/libcr_eabihelpers.a(division_32.o)
 .ARM.attributes
                0x0000000000000694       0x1c /usr/local/mcuxpressoide-11.7.0_9198/ide/plugins/com.nxp.mcuxpresso.tools.linux_11.7.0.202209140929/tools/bin/../lib/gcc/arm-none-eabi/10.3.1/thumb/v6-m/nofp/libcr_eabihelpers.a(division_idiv0.o)
 .ARM.attributes
                0x00000000000006b0       0x2c /usr/local/mcuxpressoide-11.7.0_9198/ide/plugins/com.nxp.mcuxpresso.tools.linux_11.7.0.202209140929/tools/bin/../lib/gcc/arm-none-eabi/10.3.1/thumb/v6-m/nofp/libcr_eabihelpers.a(double.o)
 .ARM.attributes
                0x00000000000006dc       0x2c /usr/local/mcuxpressoide-11.7.0_9198/ide/plugins/com.nxp.mcuxpresso.tools.linux_11.7.0.202209140929/tools/bin/../lib/gcc/arm-none-eabi/10.3.1/thumb/v6-m/nofp/libcr_eabihelpers.a(float.o)
 .ARM.attributes
                0x0000000000000708       0x1c /usr/local/mcuxpressoide-11.7.0_9198/ide/plugins/com.nxp.mcuxpresso.tools.linux_11.7.0.202209140929/tools/bin/../lib/gcc/arm-none-eabi/10.3.1/thumb/v6-m/nofp/libcr_eabihelpers.a(llong.o)
 .ARM.attributes
                0x0000000000000724       0x1c /usr/local/mcuxpressoide-11.7.0_9198/ide/plugins/com.nxp.mcuxpresso.tools.linux_11.7.0.202209140929/tools/bin/../lib/gcc/arm-none-eabi/10.3.1/thumb/v6-m/nofp/libcr_eabihelpers.a(memcpy.o)
 .ARM.attributes
                0x0000000000000740       0x1c /usr/local/mcuxpressoide-11.7.0_9198/ide/plugins/com.nxp.mcuxpresso.tools.linux_11.7.0.202209140929/tools/bin/../lib/gcc/arm-none-eabi/10.3.1/thumb/v6-m/nofp/libcr_eabihelpers.a(thumb1_switch_helpers.o)
 .ARM.attributes
                0x000000000000075c       0x1c /usr/local/mcuxpressoide-11.7.0_9198/ide/plugins/com.nxp.mcuxpresso.tools.linux_11.7.0.202209140929/tools/bin/../lib/gcc/arm-none-eabi/10.3.1/../../../../arm-none-eabi/lib/thumb/v6-m/nofp/libcr_semihost_nf.a(__sys_close.o)
 .ARM.attributes
                0x0000000000000778       0x1c /usr/local/mcuxpressoide-11.7.0_9198/ide/plugins/com.nxp.mcuxpresso.tools.linux_11.7.0.202209140929/tools/bin/../lib/gcc/arm-none-eabi/10.3.1/../../../../arm-none-eabi/lib/thumb/v6-m/nofp/libcr_semihost_nf.a(__sys_flen.o)
 .ARM.attributes
                0x0000000000000794       0x1c /usr/local/mcuxpressoide-11.7.0_9198/ide/plugins/com.nxp.mcuxpresso.tools.linux_11.7.0.202209140929/tools/bin/../lib/gcc/arm-none-eabi/10.3.1/../../../../arm-none-eabi/lib/thumb/v6-m/nofp/libcr_semihost_nf.a(__sys_istty.o)
 .ARM.attributes
                0x00000000000007b0       0x1c /usr/local/mcuxpressoide-11.7.0_9198/ide/plugins/com.nxp.mcuxpresso.tools.linux_11.7.0.202209140929/tools/bin/../lib/gcc/arm-none-eabi/10.3.1/../../../../arm-none-eabi/lib/thumb/v6-m/nofp/libcr_semihost_nf.a(__sys_remove.o)
 .ARM.attributes
                0x00000000000007cc       0x1c /usr/local/mcuxpressoide-11.7.0_9198/ide/plugins/com.nxp.mcuxpresso.tools.linux_11.7.0.202209140929/tools/bin/../lib/gcc/arm-none-eabi/10.3.1/../../../../arm-none-eabi/lib/thumb/v6-m/nofp/libcr_semihost_nf.a(__sys_seek.o)
 .ARM.attributes
                0x00000000000007e8       0x1c /usr/local/mcuxpressoide-11.7.0_9198/ide/plugins/com.nxp.mcuxpresso.tools.linux_11.7.0.202209140929/tools/bin/../lib/gcc/arm-none-eabi/10.3.1/../../../../arm-none-eabi/lib/thumb/v6-m/nofp/libcr_semihost_nf.a(__sys_tmpnam.o)
 .ARM.attributes
                0x0000000000000804       0x1c /usr/local/mcuxpressoide-11.7.0_9198/ide/plugins/com.nxp.mcuxpresso.tools.linux_11.7.0.202209140929/tools/bin/../lib/gcc/arm-none-eabi/10.3.1/../../../../arm-none-eabi/lib/thumb/v6-m/nofp/libcr_semihost_nf.a(__sys_write.o)

.debug_frame    0x0000000000000000     0x172c
 .debug_frame   0x0000000000000000       0xcc ./utilities/fsl_debug_console.o
 .debug_frame   0x00000000000000cc      0x3b0 ./startup/startup_mkl25z4.o
 .debug_frame   0x000000000000047c       0xe8 ./source/ADC_servo_control.o
 .debug_frame   0x0000000000000564       0x20 ./source/semihost_hardfault.o
 .debug_frame   0x0000000000000584      0x6e0 ./drivers/fsl_clock.o
 .debug_frame   0x0000000000000c64      0x414 ./drivers/fsl_lpsci.o
 .debug_frame   0x0000000000001078      0x464 ./drivers/fsl_uart.o
 .debug_frame   0x00000000000014dc       0x50 ./board/board.o
 .debug_frame   0x000000000000152c      0x100 ./board/clock_config.o
 .debug_frame   0x000000000000162c       0x2c ./board/peripherals.o
 .debug_frame   0x0000000000001658       0x88 ./board/pin_mux.o
 .debug_frame   0x00000000000016e0       0x4c ./CMSIS/system_MKL25Z4.o

Cross Reference Table

Symbol                                            File
ADC0_DriverIRQHandler                             ./startup/startup_mkl25z4.o
ADC0_IRQHandler                                   ./startup/startup_mkl25z4.o
ADC0_init                                         ./source/ADC_servo_control.o
BOARD_BootClockRUN                                ./board/clock_config.o
BOARD_BootClockVLPR                               ./board/clock_config.o
BOARD_InitBootClocks                              ./board/clock_config.o
                                                  ./source/ADC_servo_control.o
BOARD_InitBootPeripherals                         ./board/peripherals.o
                                                  ./source/ADC_servo_control.o
BOARD_InitBootPins                                ./board/pin_mux.o
                                                  ./source/ADC_servo_control.o
BOARD_InitDebugConsole                            ./board/board.o
                                                  ./source/ADC_servo_control.o
BOARD_InitPins                                    ./board/pin_mux.o
CLOCK_BootToBlpeMode                              ./drivers/fsl_clock.o
CLOCK_BootToBlpiMode                              ./drivers/fsl_clock.o
                                                  ./board/clock_config.o
CLOCK_BootToFeeMode                               ./drivers/fsl_clock.o
CLOCK_BootToFeiMode                               ./drivers/fsl_clock.o
CLOCK_BootToPeeMode                               ./drivers/fsl_clock.o
                                                  ./board/clock_config.o
CLOCK_CalcPllDiv                                  ./drivers/fsl_clock.o
CLOCK_ClearStatusFlags                            ./drivers/fsl_clock.o
CLOCK_DeinitOsc0                                  ./drivers/fsl_clock.o
CLOCK_EnablePll0                                  ./drivers/fsl_clock.o
CLOCK_EnableUsbfs0Clock                           ./drivers/fsl_clock.o
CLOCK_ExternalModeToFbeModeQuick                  ./drivers/fsl_clock.o
CLOCK_FllStableDelay                              ./drivers/fsl_clock.o
CLOCK_GetBusClkFreq                               ./drivers/fsl_clock.o
CLOCK_GetCoreSysClkFreq                           ./drivers/fsl_clock.o
CLOCK_GetEr32kClkFreq                             ./drivers/fsl_clock.o
CLOCK_GetFixedFreqClkFreq                         ./drivers/fsl_clock.o
CLOCK_GetFlashClkFreq                             ./drivers/fsl_clock.o
CLOCK_GetFllFreq                                  ./drivers/fsl_clock.o
CLOCK_GetFreq                                     ./drivers/fsl_clock.o
CLOCK_GetInternalRefClkFreq                       ./drivers/fsl_clock.o
CLOCK_GetMode                                     ./drivers/fsl_clock.o
CLOCK_GetOsc0ErClkFreq                            ./drivers/fsl_clock.o
CLOCK_GetOutClkFreq                               ./drivers/fsl_clock.o
CLOCK_GetPlatClkFreq                              ./drivers/fsl_clock.o
CLOCK_GetPll0Freq                                 ./drivers/fsl_clock.o
CLOCK_GetPllFllSelClkFreq                         ./drivers/fsl_clock.o
                                                  ./board/board.o
CLOCK_GetStatusFlags                              ./drivers/fsl_clock.o
CLOCK_InitOsc0                                    ./drivers/fsl_clock.o
                                                  ./board/clock_config.o
CLOCK_InternalModeToFbiModeQuick                  ./drivers/fsl_clock.o
CLOCK_SetBlpeMode                                 ./drivers/fsl_clock.o
CLOCK_SetBlpiMode                                 ./drivers/fsl_clock.o
CLOCK_SetExternalRefClkConfig                     ./drivers/fsl_clock.o
CLOCK_SetFbeMode                                  ./drivers/fsl_clock.o
CLOCK_SetFbiMode                                  ./drivers/fsl_clock.o
CLOCK_SetFeeMode                                  ./drivers/fsl_clock.o
CLOCK_SetFeiMode                                  ./drivers/fsl_clock.o
CLOCK_SetInternalRefClkConfig                     ./drivers/fsl_clock.o
                                                  ./board/clock_config.o
CLOCK_SetMcgConfig                                ./drivers/fsl_clock.o
CLOCK_SetOsc0MonitorMode                          ./drivers/fsl_clock.o
CLOCK_SetPbeMode                                  ./drivers/fsl_clock.o
CLOCK_SetPeeMode                                  ./drivers/fsl_clock.o
CLOCK_SetPll0MonitorMode                          ./drivers/fsl_clock.o
CLOCK_SetSimConfig                                ./drivers/fsl_clock.o
                                                  ./board/clock_config.o
CLOCK_TrimInternalRefClk                          ./drivers/fsl_clock.o
CMP0_DriverIRQHandler                             ./startup/startup_mkl25z4.o
CMP0_IRQHandler                                   ./startup/startup_mkl25z4.o
DAC0_DriverIRQHandler                             ./startup/startup_mkl25z4.o
DAC0_IRQHandler                                   ./startup/startup_mkl25z4.o
DMA0_DriverIRQHandler                             ./startup/startup_mkl25z4.o
DMA0_IRQHandler                                   ./startup/startup_mkl25z4.o
DMA1_DriverIRQHandler                             ./startup/startup_mkl25z4.o
DMA1_IRQHandler                                   ./startup/startup_mkl25z4.o
DMA2_DriverIRQHandler                             ./startup/startup_mkl25z4.o
DMA2_IRQHandler                                   ./startup/startup_mkl25z4.o
DMA3_DriverIRQHandler                             ./startup/startup_mkl25z4.o
DMA3_IRQHandler                                   ./startup/startup_mkl25z4.o
DbgConsole_Deinit                                 ./utilities/fsl_debug_console.o
DbgConsole_Init                                   ./utilities/fsl_debug_console.o
                                                  ./board/board.o
FLASH_Erase                                       ./drivers/fsl_flash.o
FLASH_EraseAll                                    ./drivers/fsl_flash.o
FLASH_EraseAllExecuteOnlySegments                 ./drivers/fsl_flash.o
FLASH_GetProperty                                 ./drivers/fsl_flash.o
FLASH_GetSecurityState                            ./drivers/fsl_flash.o
FLASH_Init                                        ./drivers/fsl_flash.o
FLASH_IsExecuteOnly                               ./drivers/fsl_flash.o
FLASH_IsProtected                                 ./drivers/fsl_flash.o
FLASH_PflashGetPrefetchSpeculation                ./drivers/fsl_flash.o
FLASH_PflashGetProtection                         ./drivers/fsl_flash.o
FLASH_PflashSetPrefetchSpeculation                ./drivers/fsl_flash.o
                                                  ./drivers/fsl_smc.o
FLASH_PflashSetProtection                         ./drivers/fsl_flash.o
FLASH_PrepareExecuteInRamFunctions                ./drivers/fsl_flash.o
FLASH_Program                                     ./drivers/fsl_flash.o
FLASH_ProgramOnce                                 ./drivers/fsl_flash.o
FLASH_ReadOnce                                    ./drivers/fsl_flash.o
FLASH_ReadResource                                ./drivers/fsl_flash.o
FLASH_SecurityBypass                              ./drivers/fsl_flash.o
FLASH_SetCallback                                 ./drivers/fsl_flash.o
FLASH_SetProperty                                 ./drivers/fsl_flash.o
FLASH_VerifyErase                                 ./drivers/fsl_flash.o
FLASH_VerifyEraseAll                              ./drivers/fsl_flash.o
FLASH_VerifyEraseAllExecuteOnlySegments           ./drivers/fsl_flash.o
FLASH_VerifyProgram                               ./drivers/fsl_flash.o
FTFA_DriverIRQHandler                             ./startup/startup_mkl25z4.o
FTFA_IRQHandler                                   ./startup/startup_mkl25z4.o
Flash_Config                                      ./startup/startup_mkl25z4.o
GPIO_ClearPinsInterruptFlags                      ./drivers/fsl_gpio.o
GPIO_GetPinsInterruptFlags                        ./drivers/fsl_gpio.o
GPIO_PinInit                                      ./drivers/fsl_gpio.o
HardFault_Handler                                 ./source/semihost_hardfault.o
                                                  ./startup/startup_mkl25z4.o
I2C0_DriverIRQHandler                             ./startup/startup_mkl25z4.o
I2C0_IRQHandler                                   ./startup/startup_mkl25z4.o
I2C1_DriverIRQHandler                             ./startup/startup_mkl25z4.o
I2C1_IRQHandler                                   ./startup/startup_mkl25z4.o
InstallIRQHandler                                 ./drivers/fsl_common.o
IntDefaultHandler                                 ./startup/startup_mkl25z4.o
LLWU_DriverIRQHandler                             ./startup/startup_mkl25z4.o
LLWU_IRQHandler                                   ./startup/startup_mkl25z4.o
LPSCI_ClearStatusFlags                            ./drivers/fsl_lpsci.o
LPSCI_Deinit                                      ./drivers/fsl_lpsci.o
                                                  ./utilities/fsl_debug_console.o
LPSCI_DisableInterrupts                           ./drivers/fsl_lpsci.o
LPSCI_EnableInterrupts                            ./drivers/fsl_lpsci.o
LPSCI_GetDefaultConfig                            ./drivers/fsl_lpsci.o
                                                  ./utilities/fsl_debug_console.o
LPSCI_GetEnabledInterrupts                        ./drivers/fsl_lpsci.o
LPSCI_GetInstance                                 ./drivers/fsl_lpsci.o
LPSCI_GetStatusFlags                              ./drivers/fsl_lpsci.o
LPSCI_Init                                        ./drivers/fsl_lpsci.o
                                                  ./utilities/fsl_debug_console.o
LPSCI_ReadBlocking                                ./drivers/fsl_lpsci.o
                                                  ./utilities/fsl_debug_console.o
LPSCI_SetBaudRate                                 ./drivers/fsl_lpsci.o
LPSCI_TransferAbortReceive                        ./drivers/fsl_lpsci.o
LPSCI_TransferAbortSend                           ./drivers/fsl_lpsci.o
LPSCI_TransferCreateHandle                        ./drivers/fsl_lpsci.o
LPSCI_TransferGetReceiveCount                     ./drivers/fsl_lpsci.o
LPSCI_TransferGetSendCount                        ./drivers/fsl_lpsci.o
LPSCI_TransferHandleErrorIRQ                      ./drivers/fsl_lpsci.o
LPSCI_TransferHandleIRQ                           ./drivers/fsl_lpsci.o
LPSCI_TransferReceiveNonBlocking                  ./drivers/fsl_lpsci.o
LPSCI_TransferSendNonBlocking                     ./drivers/fsl_lpsci.o
LPSCI_TransferStartRingBuffer                     ./drivers/fsl_lpsci.o
LPSCI_TransferStopRingBuffer                      ./drivers/fsl_lpsci.o
LPSCI_WriteBlocking                               ./drivers/fsl_lpsci.o
                                                  ./utilities/fsl_debug_console.o
LPTMR0_DriverIRQHandler                           ./startup/startup_mkl25z4.o
LPTMR0_IRQHandler                                 ./startup/startup_mkl25z4.o
LVD_LVW_DriverIRQHandler                          ./startup/startup_mkl25z4.o
LVD_LVW_IRQHandler                                ./startup/startup_mkl25z4.o
MCG_DriverIRQHandler                              ./startup/startup_mkl25z4.o
MCG_IRQHandler                                    ./startup/startup_mkl25z4.o
NMI_Handler                                       ./startup/startup_mkl25z4.o
PIT_DriverIRQHandler                              ./startup/startup_mkl25z4.o
PIT_IRQHandler                                    ./startup/startup_mkl25z4.o
PORTA_DriverIRQHandler                            ./startup/startup_mkl25z4.o
PORTA_IRQHandler                                  ./startup/startup_mkl25z4.o
PORTD_DriverIRQHandler                            ./startup/startup_mkl25z4.o
PORTD_IRQHandler                                  ./startup/startup_mkl25z4.o
PendSV_Handler                                    ./startup/startup_mkl25z4.o
RTC_DriverIRQHandler                              ./startup/startup_mkl25z4.o
RTC_IRQHandler                                    ./startup/startup_mkl25z4.o
RTC_Seconds_DriverIRQHandler                      ./startup/startup_mkl25z4.o
RTC_Seconds_IRQHandler                            ./startup/startup_mkl25z4.o
Reserved20_DriverIRQHandler                       ./startup/startup_mkl25z4.o
Reserved20_IRQHandler                             ./startup/startup_mkl25z4.o
Reserved39_DriverIRQHandler                       ./startup/startup_mkl25z4.o
Reserved39_IRQHandler                             ./startup/startup_mkl25z4.o
Reserved45_DriverIRQHandler                       ./startup/startup_mkl25z4.o
Reserved45_IRQHandler                             ./startup/startup_mkl25z4.o
ResetISR                                          ./startup/startup_mkl25z4.o
SMC_PostExitStopModes                             ./drivers/fsl_smc.o
SMC_PreEnterStopModes                             ./drivers/fsl_smc.o
SMC_SetPowerModeLls                               ./drivers/fsl_smc.o
SMC_SetPowerModeRun                               ./drivers/fsl_smc.o
SMC_SetPowerModeStop                              ./drivers/fsl_smc.o
SMC_SetPowerModeVlls                              ./drivers/fsl_smc.o
SMC_SetPowerModeVlpr                              ./drivers/fsl_smc.o
                                                  ./board/clock_config.o
SMC_SetPowerModeVlps                              ./drivers/fsl_smc.o
SMC_SetPowerModeVlpw                              ./drivers/fsl_smc.o
SMC_SetPowerModeWait                              ./drivers/fsl_smc.o
SPI0_DriverIRQHandler                             ./startup/startup_mkl25z4.o
SPI0_IRQHandler                                   ./startup/startup_mkl25z4.o
SPI1_DriverIRQHandler                             ./startup/startup_mkl25z4.o
SPI1_IRQHandler                                   ./startup/startup_mkl25z4.o
SVC_Handler                                       ./startup/startup_mkl25z4.o
SysTick_Handler                                   ./startup/startup_mkl25z4.o
SystemCoreClock                                   ./CMSIS/system_MKL25Z4.o
                                                  ./board/clock_config.o
SystemCoreClockUpdate                             ./CMSIS/system_MKL25Z4.o
SystemInit                                        ./CMSIS/system_MKL25Z4.o
                                                  ./startup/startup_mkl25z4.o
TPM0_DriverIRQHandler                             ./startup/startup_mkl25z4.o
TPM0_IRQHandler                                   ./startup/startup_mkl25z4.o
TPM1_DriverIRQHandler                             ./startup/startup_mkl25z4.o
TPM1_IRQHandler                                   ./startup/startup_mkl25z4.o
TPM2_DriverIRQHandler                             ./startup/startup_mkl25z4.o
TPM2_IRQHandler                                   ./startup/startup_mkl25z4.o
TSI0_DriverIRQHandler                             ./startup/startup_mkl25z4.o
TSI0_IRQHandler                                   ./startup/startup_mkl25z4.o
UART0_DriverIRQHandler                            ./drivers/fsl_lpsci.o
                                                  ./startup/startup_mkl25z4.o
UART0_IRQHandler                                  ./startup/startup_mkl25z4.o
UART1_DriverIRQHandler                            ./drivers/fsl_uart.o