Archive member included to satisfy reference by file (symbol)

/usr/local/mcuxpressoide-11.7.0_9198/ide/plugins/com.nxp.mcuxpresso.tools.linux_11.7.0.202209140929/tools/bin/../lib/gcc/arm-none-eabi/10.3.1/../../../../arm-none-eabi/lib/thumb/v6-m/nofp/libcr_nohost_nf.a(_cr__main.o)
                              ./startup/startup_mkl25z4.o (__main)
/usr/local/mcuxpressoide-11.7.0_9198/ide/plugins/com.nxp.mcuxpresso.tools.linux_11.7.0.202209140929/tools/bin/../lib/gcc/arm-none-eabi/10.3.1/../../../../arm-none-eabi/lib/thumb/v6-m/nofp/libcr_c.a(memcpy.o)
                              ./source_rtos/FreeRTOS/queue.o (memcpy)
/usr/local/mcuxpressoide-11.7.0_9198/ide/plugins/com.nxp.mcuxpresso.tools.linux_11.7.0.202209140929/tools/bin/../lib/gcc/arm-none-eabi/10.3.1/../../../../arm-none-eabi/lib/thumb/v6-m/nofp/libcr_c.a(memset.o)
                              ./source_rtos/FreeRTOS/stream_buffer.o (memset)
/usr/local/mcuxpressoide-11.7.0_9198/ide/plugins/com.nxp.mcuxpresso.tools.linux_11.7.0.202209140929/tools/bin/../lib/gcc/arm-none-eabi/10.3.1/../../../../arm-none-eabi/lib/thumb/v6-m/nofp/libcr_c.a(initio.o)
                              /usr/local/mcuxpressoide-11.7.0_9198/ide/plugins/com.nxp.mcuxpresso.tools.linux_11.7.0.202209140929/tools/bin/../lib/gcc/arm-none-eabi/10.3.1/../../../../arm-none-eabi/lib/thumb/v6-m/nofp/libcr_nohost_nf.a(_cr__main.o) (_initio)
/usr/local/mcuxpressoide-11.7.0_9198/ide/plugins/com.nxp.mcuxpresso.tools.linux_11.7.0.202209140929/tools/bin/../lib/gcc/arm-none-eabi/10.3.1/../../../../arm-none-eabi/lib/thumb/v6-m/nofp/libcr_c.a(printf.o)
                              ./source_rtos/FreeRTOS/tasks.o (_sprintf)
/usr/local/mcuxpressoide-11.7.0_9198/ide/plugins/com.nxp.mcuxpresso.tools.linux_11.7.0.202209140929/tools/bin/../lib/gcc/arm-none-eabi/10.3.1/../../../../arm-none-eabi/lib/thumb/v6-m/nofp/libcr_c.a(setvbuf.o)
                              /usr/local/mcuxpressoide-11.7.0_9198/ide/plugins/com.nxp.mcuxpresso.tools.linux_11.7.0.202209140929/tools/bin/../lib/gcc/arm-none-eabi/10.3.1/../../../../arm-none-eabi/lib/thumb/v6-m/nofp/libcr_c.a(initio.o) (setvbuf)
/usr/local/mcuxpressoide-11.7.0_9198/ide/plugins/com.nxp.mcuxpresso.tools.linux_11.7.0.202209140929/tools/bin/../lib/gcc/arm-none-eabi/10.3.1/../../../../arm-none-eabi/lib/thumb/v6-m/nofp/libcr_c.a(strcpy.o)
                              ./source_rtos/FreeRTOS/tasks.o (strcpy)
/usr/local/mcuxpressoide-11.7.0_9198/ide/plugins/com.nxp.mcuxpresso.tools.linux_11.7.0.202209140929/tools/bin/../lib/gcc/arm-none-eabi/10.3.1/../../../../arm-none-eabi/lib/thumb/v6-m/nofp/libcr_c.a(strlen.o)
                              ./utilities/fsl_debug_console.o (strlen)
/usr/local/mcuxpressoide-11.7.0_9198/ide/plugins/com.nxp.mcuxpresso.tools.linux_11.7.0.202209140929/tools/bin/../lib/gcc/arm-none-eabi/10.3.1/../../../../arm-none-eabi/lib/thumb/v6-m/nofp/libcr_c.a(_deferredlazyseek.o)
                              /usr/local/mcuxpressoide-11.7.0_9198/ide/plugins/com.nxp.mcuxpresso.tools.linux_11.7.0.202209140929/tools/bin/../lib/gcc/arm-none-eabi/10.3.1/../../../../arm-none-eabi/lib/thumb/v6-m/nofp/libcr_c.a(printf.o) (__flsbuf)
/usr/local/mcuxpressoide-11.7.0_9198/ide/plugins/com.nxp.mcuxpresso.tools.linux_11.7.0.202209140929/tools/bin/../lib/gcc/arm-none-eabi/10.3.1/../../../../arm-none-eabi/lib/thumb/v6-m/nofp/libcr_c.a(_fdopen.o)
                              /usr/local/mcuxpressoide-11.7.0_9198/ide/plugins/com.nxp.mcuxpresso.tools.linux_11.7.0.202209140929/tools/bin/../lib/gcc/arm-none-eabi/10.3.1/../../../../arm-none-eabi/lib/thumb/v6-m/nofp/libcr_c.a(initio.o) (_fdopen)
/usr/local/mcuxpressoide-11.7.0_9198/ide/plugins/com.nxp.mcuxpresso.tools.linux_11.7.0.202209140929/tools/bin/../lib/gcc/arm-none-eabi/10.3.1/../../../../arm-none-eabi/lib/thumb/v6-m/nofp/libcr_c.a(_fflush.o)
                              /usr/local/mcuxpressoide-11.7.0_9198/ide/plugins/com.nxp.mcuxpresso.tools.linux_11.7.0.202209140929/tools/bin/../lib/gcc/arm-none-eabi/10.3.1/../../../../arm-none-eabi/lib/thumb/v6-m/nofp/libcr_c.a(_deferredlazyseek.o) (_fflush)
/usr/local/mcuxpressoide-11.7.0_9198/ide/plugins/com.nxp.mcuxpresso.tools.linux_11.7.0.202209140929/tools/bin/../lib/gcc/arm-none-eabi/10.3.1/../../../../arm-none-eabi/lib/thumb/v6-m/nofp/libcr_c.a(_writebuf.o)
                              /usr/local/mcuxpressoide-11.7.0_9198/ide/plugins/com.nxp.mcuxpresso.tools.linux_11.7.0.202209140929/tools/bin/../lib/gcc/arm-none-eabi/10.3.1/../../../../arm-none-eabi/lib/thumb/v6-m/nofp/libcr_c.a(_deferredlazyseek.o) (_Cwritebuf)
/usr/local/mcuxpressoide-11.7.0_9198/ide/plugins/com.nxp.mcuxpresso.tools.linux_11.7.0.202209140929/tools/bin/../lib/gcc/arm-none-eabi/10.3.1/../../../../arm-none-eabi/lib/thumb/v6-m/nofp/libcr_c.a(alloc.o)
                              /usr/local/mcuxpressoide-11.7.0_9198/ide/plugins/com.nxp.mcuxpresso.tools.linux_11.7.0.202209140929/tools/bin/../lib/gcc/arm-none-eabi/10.3.1/../../../../arm-none-eabi/lib/thumb/v6-m/nofp/libcr_c.a(printf.o) (malloc)
[...]
Memory Configuration

Name             Origin             Length             Attributes
PROGRAM_FLASH    0x0000000000000000 0x0000000000020000 xr
SRAM             0x000000001ffff000 0x0000000000004000 xrw
*default*        0x0000000000000000 0xffffffffffffffff

Linker script and memory map

LOAD ./utilities/fsl_debug_console.o
LOAD ./startup/startup_mkl25z4.o
LOAD ./source_rtos/FreeRTOS/portable/MemMang/heap_4.o
LOAD ./source_rtos/FreeRTOS/portable/GCC/ARM_CM0/port.o
LOAD ./source_rtos/FreeRTOS/croutine.o
LOAD ./source_rtos/FreeRTOS/event_groups.o
LOAD ./source_rtos/FreeRTOS/list.o
LOAD ./source_rtos/FreeRTOS/queue.o
LOAD ./source_rtos/FreeRTOS/stream_buffer.o
LOAD ./source_rtos/FreeRTOS/tasks.o
LOAD ./source_rtos/FreeRTOS/timers.o
LOAD ./source/00-freertos_kl25z.o
LOAD ./source/mtb.o
LOAD ./source/semihost_hardfault.o
LOAD ./drivers/fsl_clock.o
LOAD ./drivers/fsl_common.o
LOAD ./drivers/fsl_flash.o
LOAD ./drivers/fsl_gpio.o
LOAD ./drivers/fsl_lpsci.o
LOAD ./drivers/fsl_smc.o
LOAD ./drivers/fsl_uart.o
LOAD ./board/board.o
LOAD ./board/clock_config.o
LOAD ./board/peripherals.o
LOAD ./board/pin_mux.o
LOAD ./CMSIS/system_MKL25Z4.o
START GROUP
LOAD /usr/local/mcuxpressoide-11.7.0_9198/ide/plugins/com.nxp.mcuxpresso.tools.linux_11.7.0.202209140929/tools/bin/../lib/gcc/arm-none-eabi/10.3.1/../../../../arm-none-eabi/lib/thumb/v6-m/nofp/libcr_nohost_nf.a
LOAD /usr/local/mcuxpressoide-11.7.0_9198/ide/plugins/com.nxp.mcuxpresso.tools.linux_11.7.0.202209140929/tools/bin/../lib/gcc/arm-none-eabi/10.3.1/../../../../arm-none-eabi/lib/thumb/v6-m/nofp/libcr_c.a
LOAD /usr/local/mcuxpressoide-11.7.0_9198/ide/plugins/com.nxp.mcuxpresso.tools.linux_11.7.0.202209140929/tools/bin/../lib/gcc/arm-none-eabi/10.3.1/thumb/v6-m/nofp/libcr_eabihelpers.a
LOAD /usr/local/mcuxpressoide-11.7.0_9198/ide/plugins/com.nxp.mcuxpresso.tools.linux_11.7.0.202209140929/tools/bin/../lib/gcc/arm-none-eabi/10.3.1/thumb/v6-m/nofp/libgcc.a
END GROUP
                0x0000000000000000                __base_PROGRAM_FLASH = 0x0
                0x0000000000000000                __base_Flash = 0x0
                0x0000000000020000                __top_PROGRAM_FLASH = 0x20000
                0x0000000000020000                __top_Flash = 0x20000
                0x000000001ffff000                __base_SRAM = 0x1ffff000
                0x000000001ffff000                __base_RAM = 0x1ffff000
                0x0000000020003000                __top_SRAM = 0x20003000
                0x0000000020003000                __top_RAM = 0x20003000

.text           0x0000000000000000     0x4820
 FILL mask 0xff
                0x0000000000000000                __vectors_start__ = ABSOLUTE (.)
 *(SORT_BY_ALIGNMENT(.isr_vector))
 .isr_vector    0x0000000000000000       0xc0 ./startup/startup_mkl25z4.o
                0x0000000000000000                __Vectors
                0x0000000000000000                g_pfnVectors
                0x00000000000000c0                . = ALIGN (0x4)
                0x00000000000000c0                __section_table_start = .
                0x00000000000000c0                __data_section_table = .
                0x00000000000000c0        0x4 LONG 0x4820 LOADADDR (.data)
                0x00000000000000c4        0x4 LONG 0x1ffff080 ADDR (.data)
                0x00000000000000c8        0x4 LONG 0xc SIZEOF (.data)
                0x00000000000000cc                __data_section_table_end = .
                0x00000000000000cc                __bss_section_table = .
                0x00000000000000cc        0x4 LONG 0x1ffff08c ADDR (.bss)
                0x00000000000000d0        0x4 LONG 0x228c SIZEOF (.bss)
                0x00000000000000d4                __bss_section_table_end = .
                0x00000000000000d4                __section_table_end = .
 *(SORT_BY_ALIGNMENT(.after_vectors*))
 .after_vectors.reset
                0x00000000000000d4       0x4c ./startup/startup_mkl25z4.o
                0x00000000000000d4                ResetISR
 .after_vectors.init_data
                0x0000000000000120       0x12 ./startup/startup_mkl25z4.o
                0x0000000000000120                data_init
 .after_vectors.init_bss
                0x0000000000000132       0x10 ./startup/startup_mkl25z4.o
                0x0000000000000132                bss_init
 .after_vectors
                0x0000000000000142      0x10c ./startup/startup_mkl25z4.o
                0x0000000000000142                NMI_Handler
                0x000000000000014c                PIT_DriverIRQHandler
                0x000000000000014c                Reserved39_DriverIRQHandler
                0x000000000000014c                DMA0_DriverIRQHandler
                0x000000000000014c                SPI1_DriverIRQHandler
                0x000000000000014c                LPTMR0_DriverIRQHandler
                0x000000000000014c                TPM2_DriverIRQHandler
                0x000000000000014c                TSI0_DriverIRQHandler
                0x000000000000014c                RTC_Seconds_DriverIRQHandler
                0x000000000000014c                LLWU_DriverIRQHandler
                0x000000000000014c                MCG_DriverIRQHandler
                0x000000000000014c                FTFA_DriverIRQHandler
                0x000000000000014c                IntDefaultHandler
                0x000000000000014c                USB0_DriverIRQHandler
                0x000000000000014c                DAC0_DriverIRQHandler
                0x000000000000014c                LVD_LVW_DriverIRQHandler
                0x000000000000014c                TPM0_DriverIRQHandler
                0x000000000000014c                Reserved20_DriverIRQHandler
                0x000000000000014c                DMA3_DriverIRQHandler
                0x000000000000014c                Reserved45_DriverIRQHandler
                0x000000000000014c                PORTA_DriverIRQHandler
                0x000000000000014c                TPM1_DriverIRQHandler
                0x000000000000014c                RTC_DriverIRQHandler
                0x000000000000014c                DMA1_DriverIRQHandler
                0x000000000000014c                I2C1_DriverIRQHandler
                0x000000000000014c                SPI0_DriverIRQHandler
                0x000000000000014c                ADC0_DriverIRQHandler
                0x000000000000014c                CMP0_DriverIRQHandler
                0x000000000000014c                DMA2_DriverIRQHandler
                0x000000000000014c                PORTD_DriverIRQHandler
                0x000000000000014c                I2C0_DriverIRQHandler
                0x000000000000014e                DMA0_IRQHandler
                0x0000000000000156                DMA1_IRQHandler
                0x000000000000015e                DMA2_IRQHandler
                0x0000000000000166                DMA3_IRQHandler
                0x000000000000016e                Reserved20_IRQHandler
                0x0000000000000176                FTFA_IRQHandler
                0x000000000000017e                LVD_LVW_IRQHandler
                0x0000000000000186                LLWU_IRQHandler
                0x000000000000018e                I2C0_IRQHandler
                0x0000000000000196                I2C1_IRQHandler
                0x000000000000019e                SPI0_IRQHandler
                0x00000000000001a6                SPI1_IRQHandler
                0x00000000000001ae                UART0_IRQHandler
                0x00000000000001b6                UART1_IRQHandler
                0x00000000000001be                UART2_IRQHandler
                0x00000000000001c6                ADC0_IRQHandler
                0x00000000000001ce                CMP0_IRQHandler
                0x00000000000001d6                TPM0_IRQHandler
                0x00000000000001de                TPM1_IRQHandler
                0x00000000000001e6                TPM2_IRQHandler
                0x00000000000001ee                RTC_IRQHandler
                0x00000000000001f6                RTC_Seconds_IRQHandler
                0x00000000000001fe                PIT_IRQHandler
                0x0000000000000206                Reserved39_IRQHandler
                0x000000000000020e                USB0_IRQHandler
                0x0000000000000216                DAC0_IRQHandler
                0x000000000000021e                TSI0_IRQHandler
                0x0000000000000226                MCG_IRQHandler
                0x000000000000022e                LPTMR0_IRQHandler
                0x0000000000000236                Reserved45_IRQHandler
                0x000000000000023e                PORTA_IRQHandler
                0x0000000000000246                PORTD_IRQHandler
                0x0000000000000400                . = 0x400
 *fill*         0x000000000000024e      0x1b2 ff
                0x0000000000000400                PROVIDE (__FLASH_CONFIG_START__ = .)
 *(SORT_BY_ALIGNMENT(.FlashConfig))
 .FlashConfig   0x0000000000000400       0x10 ./startup/startup_mkl25z4.o
                0x0000000000000400                Flash_Config
                0x0000000000000410                PROVIDE (__FLASH_CONFIG_END__ = .)
                0x0000000000000001                ASSERT (! ((__FLASH_CONFIG_START__ == __FLASH_CONFIG_END__)), Linker Flash Config Support Enabled, but no .FlashConfig section provided within application)
 *(SORT_BY_ALIGNMENT(.text*))
 .text.vPortStartFirstTask
                0x0000000000000410       0x38 ./source_rtos/FreeRTOS/portable/GCC/ARM_CM0/port.o
 *fill*         0x0000000000000448        0x8 ff
 .text.PendSV_Handler
                0x0000000000000450       0x48 ./source_rtos/FreeRTOS/portable/GCC/ARM_CM0/port.o
                0x0000000000000450                PendSV_Handler
 .text.DbgConsole_Init
                0x0000000000000498       0xf4 ./utilities/fsl_debug_console.o
                0x0000000000000498                DbgConsole_Init
 .text.DbgConsole_Printf
                0x000000000000058c       0x44 ./utilities/fsl_debug_console.o
                0x000000000000058c                DbgConsole_Printf
 .text.DbgConsole_Putchar
                0x00000000000005d0       0x34 ./utilities/fsl_debug_console.o
                0x00000000000005d0                DbgConsole_Putchar
 .text.pvPortMalloc
                0x0000000000000604      0x158 ./source_rtos/FreeRTOS/portable/MemMang/heap_4.o
                0x0000000000000604                pvPortMalloc
 .text.vPortFree
                0x000000000000075c       0x9c ./source_rtos/FreeRTOS/portable/MemMang/heap_4.o
                0x000000000000075c                vPortFree
 .text.prvHeapInit
                0x00000000000007f8       0xc0 ./source_rtos/FreeRTOS/portable/MemMang/heap_4.o
 .text.prvInsertBlockIntoFreeList
                0x00000000000008b8       0xb0 ./source_rtos/FreeRTOS/portable/MemMang/heap_4.o
 .text.pxPortInitialiseStack
                0x0000000000000968       0x54 ./source_rtos/FreeRTOS/portable/GCC/ARM_CM0/port.o
                0x0000000000000968                pxPortInitialiseStack
 .text.prvTaskExitError
                0x00000000000009bc       0x30 ./source_rtos/FreeRTOS/portable/GCC/ARM_CM0/port.o
 .text.xPortStartScheduler
                0x00000000000009ec       0x48 ./source_rtos/FreeRTOS/portable/GCC/ARM_CM0/port.o
                0x00000000000009ec                xPortStartScheduler
 .text.vPortYield
                0x0000000000000a34       0x20 ./source_rtos/FreeRTOS/portable/GCC/ARM_CM0/port.o
                0x0000000000000a34                vPortYield
 .text.vPortEnterCritical
                0x0000000000000a54       0x24 ./source_rtos/FreeRTOS/portable/GCC/ARM_CM0/port.o
                0x0000000000000a54                vPortEnterCritical
 .text.vPortExitCritical
                0x0000000000000a78       0x30 ./source_rtos/FreeRTOS/portable/GCC/ARM_CM0/port.o
                0x0000000000000a78                vPortExitCritical
 .text.SysTick_Handler
                0x0000000000000aa8       0x34 ./source_rtos/FreeRTOS/portable/GCC/ARM_CM0/port.o
                0x0000000000000aa8                SysTick_Handler
 .text.vPortSetupTimerInterrupt
                0x0000000000000adc       0x34 ./source_rtos/FreeRTOS/portable/GCC/ARM_CM0/port.o
                0x0000000000000adc                vPortSetupTimerInterrupt
 .text.vQueueAddToRegistry
                0x0000000000000b10       0x50 ./source_rtos/FreeRTOS/queue.o
                0x0000000000000b10                vQueueAddToRegistry
 .text.prvInitialiseNewTask
                0x0000000000000b60      0x114 ./source_rtos/FreeRTOS/tasks.o
 .text.prvAddNewTaskToReadyList
                0x0000000000000c74       0xd0 ./source_rtos/FreeRTOS/tasks.o
 .text.vTaskDelay
                0x0000000000000d44       0x4c ./source_rtos/FreeRTOS/tasks.o
                0x0000000000000d44                vTaskDelay
 .text.vTaskStartScheduler
                0x0000000000000d90       0x78 ./source_rtos/FreeRTOS/tasks.o
                0x0000000000000d90                vTaskStartScheduler
 .text.vTaskSuspendAll
                0x0000000000000e08       0x18 ./source_rtos/FreeRTOS/tasks.o
                0x0000000000000e08                vTaskSuspendAll
 .text.xTaskResumeAll
                0x0000000000000e20      0x118 ./source_rtos/FreeRTOS/tasks.o
                0x0000000000000e20                xTaskResumeAll
 .text.xTaskGetTickCount
                0x0000000000000f38       0x1c ./source_rtos/FreeRTOS/tasks.o
                0x0000000000000f38                xTaskGetTickCount
 .text.xTaskIncrementTick
                0x0000000000000f54      0x160 ./source_rtos/FreeRTOS/tasks.o
                0x0000000000000f54                xTaskIncrementTick
 .text.vTaskSwitchContext
                0x00000000000010b4       0xa4 ./source_rtos/FreeRTOS/tasks.o
                0x00000000000010b4                vTaskSwitchContext
 .text.vTaskPlaceOnEventList
                0x0000000000001158       0x3c ./source_rtos/FreeRTOS/tasks.o
                0x0000000000001158                vTaskPlaceOnEventList
 .text.vTaskPlaceOnEventListRestricted
                0x0000000000001194       0x4c ./source_rtos/FreeRTOS/tasks.o
                0x0000000000001194                vTaskPlaceOnEventListRestricted
 .text.xTaskRemoveFromEventList
                0x00000000000011e0       0xb8 ./source_rtos/FreeRTOS/tasks.o
                0x00000000000011e0                xTaskRemoveFromEventList
 .text.vTaskInternalSetTimeOutState
                0x0000000000001298       0x28 ./source_rtos/FreeRTOS/tasks.o
                0x0000000000001298                vTaskInternalSetTimeOutState
 .text.xTaskCheckForTimeOut
                0x00000000000012c0       0xa0 ./source_rtos/FreeRTOS/tasks.o
                0x00000000000012c0                xTaskCheckForTimeOut
 .text.vTaskMissedYield
                0x0000000000001360       0x14 ./source_rtos/FreeRTOS/tasks.o
                0x0000000000001360                vTaskMissedYield
 .text.prvIdleTask
                0x0000000000001374       0x20 ./source_rtos/FreeRTOS/tasks.o
 .text.prvInitialiseTaskLists
                0x0000000000001394       0x88 ./source_rtos/FreeRTOS/tasks.o
 .text.prvCheckTasksWaitingTermination
                0x000000000000141c       0x5c ./source_rtos/FreeRTOS/tasks.o
 .text.prvResetNextTaskUnblockTime
                0x0000000000001478       0x3c ./source_rtos/FreeRTOS/tasks.o
 .text.xTaskGetSchedulerState
                0x00000000000014b4       0x38 ./source_rtos/FreeRTOS/tasks.o
                0x00000000000014b4                xTaskGetSchedulerState
 .text.xTaskPriorityDisinherit
                0x00000000000014ec       0xb8 ./source_rtos/FreeRTOS/tasks.o
                0x00000000000014ec                xTaskPriorityDisinherit
 .text.prvAddCurrentTaskToDelayedList
                0x00000000000015a4       0xa8 ./source_rtos/FreeRTOS/tasks.o
 .text.xTimerCreateTimerTask
                0x000000000000164c       0x54 ./source_rtos/FreeRTOS/timers.o
                0x000000000000164c                xTimerCreateTimerTask
 .text.xTimerGenericCommand
                0x00000000000016a0       0x94 ./source_rtos/FreeRTOS/timers.o
                0x00000000000016a0                xTimerGenericCommand
 .text.prvProcessExpiredTimer
                0x0000000000001734       0x88 ./source_rtos/FreeRTOS/timers.o
 .text.prvProcessTimerOrBlockTask
                0x00000000000017bc       0x90 ./source_rtos/FreeRTOS/timers.o
 .text.prvGetNextExpireTime
                0x000000000000184c       0x44 ./source_rtos/FreeRTOS/timers.o
 .text.prvSampleTimeNow
                0x0000000000001890       0x40 ./source_rtos/FreeRTOS/timers.o
 .text.prvInsertTimerInActiveList
                0x00000000000018d0       0x84 ./source_rtos/FreeRTOS/timers.o
 .text.prvProcessReceivedCommands
                0x0000000000001954      0x160 ./source_rtos/FreeRTOS/timers.o
 .text.prvSwitchTimerLists
                0x0000000000001ab4       0xbc ./source_rtos/FreeRTOS/timers.o
 .text.prvCheckForValidListAndQueue
                0x0000000000001b70       0x74 ./source_rtos/FreeRTOS/timers.o
 .text.config_led
                0x0000000000001be4       0x58 ./source/00-freertos_kl25z.o
                0x0000000000001be4                config_led
 .text.tarefa1  0x0000000000001c3c       0x38 ./source/00-freertos_kl25z.o
 .text.tarefa2  0x0000000000001c74       0x34 ./source/00-freertos_kl25z.o
 .text.main     0x0000000000001ca8       0x68 ./source/00-freertos_kl25z.o
                0x0000000000001ca8                main
 .text.HardFault_Handler
                0x0000000000001d10       0x30 ./source/semihost_hardfault.o
                0x0000000000001d10                HardFault_Handler
 .text.CLOCK_SetEr32kClock
                0x0000000000001d40       0x34 ./drivers/fsl_clock.o
 .text.CLOCK_SetPllFllSelClock
                0x0000000000001d74       0x38 ./drivers/fsl_clock.o
 .text.CLOCK_GetMcgExtClkFreq
                0x0000000000001dac       0x28 ./drivers/fsl_clock.o
 .text.CLOCK_GetFllExtRefClkFreq
                0x0000000000001dd4       0xa8 ./drivers/fsl_clock.o
 .text.CLOCK_GetFllRefClkFreq
                0x0000000000001e7c       0x2c ./drivers/fsl_clock.o
 .text.CLOCK_GetOscRangeFromFreq
                0x0000000000001ea8       0x4c ./drivers/fsl_clock.o
 .text.CLOCK_GetPllFllSelClkFreq
                0x0000000000001ef4       0x4c ./drivers/fsl_clock.o
                0x0000000000001ef4                CLOCK_GetPllFllSelClkFreq
 .text.CLOCK_SetSimConfig
                0x0000000000001f40       0x38 ./drivers/fsl_clock.o
                0x0000000000001f40                CLOCK_SetSimConfig
 .text.CLOCK_GetFllFreq
                0x0000000000001f78       0x84 ./drivers/fsl_clock.o
                0x0000000000001f78                CLOCK_GetFllFreq
 .text.CLOCK_GetPll0Freq
                0x0000000000001ffc       0x70 ./drivers/fsl_clock.o
                0x0000000000001ffc                CLOCK_GetPll0Freq
 .text.CLOCK_SetInternalRefClkConfig
                0x000000000000206c      0x124 ./drivers/fsl_clock.o
                0x000000000000206c                CLOCK_SetInternalRefClkConfig
 .text.CLOCK_EnablePll0
                0x0000000000002190       0x94 ./drivers/fsl_clock.o
                0x0000000000002190                CLOCK_EnablePll0
 .text.CLOCK_InitOsc0
                0x0000000000002224       0x94 ./drivers/fsl_clock.o
                0x0000000000002224                CLOCK_InitOsc0
 .text.CLOCK_SetPbeMode
                0x00000000000022b8       0xb0 ./drivers/fsl_clock.o
                0x00000000000022b8                CLOCK_SetPbeMode
 .text.CLOCK_BootToPeeMode
                0x0000000000002368       0x70 ./drivers/fsl_clock.o
                0x0000000000002368                CLOCK_BootToPeeMode
 .text.__assertion_failed
                0x00000000000023d8       0x1c ./drivers/fsl_common.o
                0x00000000000023d8                __assertion_failed
 .text.CLOCK_EnableClock
                0x00000000000023f4       0x34 ./drivers/fsl_lpsci.o
 .text.LPSCI_GetInstance
                0x0000000000002428       0x48 ./drivers/fsl_lpsci.o
                0x0000000000002428                LPSCI_GetInstance
 .text.LPSCI_Init
                0x0000000000002470      0x258 ./drivers/fsl_lpsci.o
                0x0000000000002470                LPSCI_Init
 .text.LPSCI_GetDefaultConfig
                0x00000000000026c8       0x44 ./drivers/fsl_lpsci.o
                0x00000000000026c8                LPSCI_GetDefaultConfig
 .text.LPSCI_ClearStatusFlags
                0x000000000000270c       0x94 ./drivers/fsl_lpsci.o
                0x000000000000270c                LPSCI_ClearStatusFlags
 .text.LPSCI_WriteBlocking
                0x00000000000027a0       0x4c ./drivers/fsl_lpsci.o
                0x00000000000027a0                LPSCI_WriteBlocking
 .text.LPSCI_ReadBlocking
                0x00000000000027ec       0xc0 ./drivers/fsl_lpsci.o
                0x00000000000027ec                LPSCI_ReadBlocking
 .text.UART0_DriverIRQHandler
                0x00000000000028ac       0x24 ./drivers/fsl_lpsci.o
                0x00000000000028ac                UART0_DriverIRQHandler
 .text.CLOCK_EnableClock
                0x00000000000028d0       0x34 ./drivers/fsl_uart.o
 .text.UART_GetInstance
                0x0000000000002904       0x54 ./drivers/fsl_uart.o
                0x0000000000002904                UART_GetInstance
 .text.UART_Init
                0x0000000000002958      0x1e0 ./drivers/fsl_uart.o
                0x0000000000002958                UART_Init
 .text.UART_GetDefaultConfig
                0x0000000000002b38       0x44 ./drivers/fsl_uart.o
                0x0000000000002b38                UART_GetDefaultConfig
 .text.UART_ReadBlocking
                0x0000000000002b7c       0x98 ./drivers/fsl_uart.o
                0x0000000000002b7c                UART_ReadBlocking
 .text.UART1_DriverIRQHandler
                0x0000000000002c14       0x24 ./drivers/fsl_uart.o
                0x0000000000002c14                UART1_DriverIRQHandler
 .text.UART2_DriverIRQHandler
                0x0000000000002c38       0x24 ./drivers/fsl_uart.o
                0x0000000000002c38                UART2_DriverIRQHandler
 .text.CLOCK_SetLpsci0Clock
                0x0000000000002c5c       0x38 ./board/board.o
 .text.BOARD_InitDebugConsole
                0x0000000000002c94       0x30 ./board/board.o
                0x0000000000002c94                BOARD_InitDebugConsole
 .text.CLOCK_SetSimSafeDivs
                0x0000000000002cc4       0x20 ./board/clock_config.o
 .text.CLOCK_SetXtal0Freq
                0x0000000000002ce4       0x1c ./board/clock_config.o
 .text.CLOCK_CONFIG_SetFllExtRefDiv
                0x0000000000002d00       0x3c ./board/clock_config.o
 .text.BOARD_BootClockRUN
                0x0000000000002d3c       0x64 ./board/clock_config.o
                0x0000000000002d3c                BOARD_BootClockRUN
 .text.CLOCK_EnableClock
                0x0000000000002da0       0x34 ./board/pin_mux.o
 .text.PORT_SetPinMux
                0x0000000000002dd4       0x40 ./board/pin_mux.o
 .text.BOARD_InitPins
                0x0000000000002e14       0x4c ./board/pin_mux.o
                0x0000000000002e14                BOARD_InitPins
 .text.SystemInit
                0x0000000000002e60       0x18 ./CMSIS/system_MKL25Z4.o
                0x0000000000002e60                SystemInit
 .text._initio  0x0000000000002e78       0x7c /usr/local/mcuxpressoide-11.7.0_9198/ide/plugins/com.nxp.mcuxpresso.tools.linux_11.7.0.202209140929/tools/bin/../lib/gcc/arm-none-eabi/10.3.1/../../../../arm-none-eabi/lib/thumb/v6-m/nofp/libcr_c.a(initio.o)
                0x0000000000002e78                _initio
 .text.setvbuf  0x0000000000002ef4       0x4c /usr/local/mcuxpressoide-11.7.0_9198/ide/plugins/com.nxp.mcuxpresso.tools.linux_11.7.0.202209140929/tools/bin/../lib/gcc/arm-none-eabi/10.3.1/../../../../arm-none-eabi/lib/thumb/v6-m/nofp/libcr_c.a(setvbuf.o)
                0x0000000000002ef4                setvbuf
 .text.strlen   0x0000000000002f40       0x58 /usr/local/mcuxpressoide-11.7.0_9198/ide/plugins/com.nxp.mcuxpresso.tools.linux_11.7.0.202209140929/tools/bin/../lib/gcc/arm-none-eabi/10.3.1/../../../../arm-none-eabi/lib/thumb/v6-m/nofp/libcr_c.a(strlen.o)
                0x0000000000002f40                strlen
 .text._deferredlazyseek
                0x0000000000002f98       0x40 /usr/local/mcuxpressoide-11.7.0_9198/ide/plugins/com.nxp.mcuxpresso.tools.linux_11.7.0.202209140929/tools/bin/../lib/gcc/arm-none-eabi/10.3.1/../../../../arm-none-eabi/lib/thumb/v6-m/nofp/libcr_c.a(_deferredlazyseek.o)
                0x0000000000002f98                _deferredlazyseek
 .text._fdopen  0x0000000000002fd8       0x74 /usr/local/mcuxpressoide-11.7.0_9198/ide/plugins/com.nxp.mcuxpresso.tools.linux_11.7.0.202209140929/tools/bin/../lib/gcc/arm-none-eabi/10.3.1/../../../../arm-none-eabi/lib/thumb/v6-m/nofp/libcr_c.a(_fdopen.o)
                0x0000000000002fd8                _fdopen
 .text._fflush  0x000000000000304c       0x60 /usr/local/mcuxpressoide-11.7.0_9198/ide/plugins/com.nxp.mcuxpresso.tools.linux_11.7.0.202209140929/tools/bin/../lib/gcc/arm-none-eabi/10.3.1/../../../../arm-none-eabi/lib/thumb/v6-m/nofp/libcr_c.a(_fflush.o)
                0x000000000000304c                _fflush
 .text._Cwritebuf
                0x00000000000030ac       0x68 /usr/local/mcuxpressoide-11.7.0_9198/ide/plugins/com.nxp.mcuxpresso.tools.linux_11.7.0.202209140929/tools/bin/../lib/gcc/arm-none-eabi/10.3.1/../../../../arm-none-eabi/lib/thumb/v6-m/nofp/libcr_c.a(_writebuf.o)
                0x00000000000030ac                _Cwritebuf
 .text.fclose   0x0000000000003114       0x5c /usr/local/mcuxpressoide-11.7.0_9198/ide/plugins/com.nxp.mcuxpresso.tools.linux_11.7.0.202209140929/tools/bin/../lib/gcc/arm-none-eabi/10.3.1/../../../../arm-none-eabi/lib/thumb/v6-m/nofp/libcr_c.a(fclose.o)
                0x0000000000003114                fclose
 .text.fflush   0x0000000000003170       0x44 /usr/local/mcuxpressoide-11.7.0_9198/ide/plugins/com.nxp.mcuxpresso.tools.linux_11.7.0.202209140929/tools/bin/../lib/gcc/arm-none-eabi/10.3.1/../../../../arm-none-eabi/lib/thumb/v6-m/nofp/libcr_c.a(fflush.o)
                0x0000000000003170                fflush
 .text.fseek    0x00000000000031b4       0xf0 /usr/local/mcuxpressoide-11.7.0_9198/ide/plugins/com.nxp.mcuxpresso.tools.linux_11.7.0.202209140929/tools/bin/../lib/gcc/arm-none-eabi/10.3.1/../../../../arm-none-eabi/lib/thumb/v6-m/nofp/libcr_c.a(fseek.o)
                0x00000000000031b4                fseek
 .text.ftell    0x00000000000032a4       0x48 /usr/local/mcuxpressoide-11.7.0_9198/ide/plugins/com.nxp.mcuxpresso.tools.linux_11.7.0.202209140929/tools/bin/../lib/gcc/arm-none-eabi/10.3.1/../../../../arm-none-eabi/lib/thumb/v6-m/nofp/libcr_c.a(ftell.o)
                0x00000000000032a4                ftell
 .text._do_fflush
                0x00000000000032ec       0x48 /usr/local/mcuxpressoide-11.7.0_9198/ide/plugins/com.nxp.mcuxpresso.tools.linux_11.7.0.202209140929/tools/bin/../lib/gcc/arm-none-eabi/10.3.1/../../../../arm-none-eabi/lib/thumb/v6-m/nofp/libcr_c.a(_do_fflush.o)
                0x00000000000032ec                _do_fflush
 .text.UART_EnableTx
                0x0000000000003334       0x40 ./utilities/fsl_debug_console.o
 .text.UART_EnableRx
                0x0000000000003374       0x40 ./utilities/fsl_debug_console.o
 .text.LPSCI_EnableTx
                0x00000000000033b4       0x40 ./utilities/fsl_debug_console.o
 .text.LPSCI_EnableRx
                0x00000000000033f4       0x40 ./utilities/fsl_debug_console.o
 .text.DbgConsole_PrintfPaddingCharacter
                0x0000000000003434       0x48 ./utilities/fsl_debug_console.o
 .text.DbgConsole_ConvertRadixNumToString
                0x000000000000347c      0x114 ./utilities/fsl_debug_console.o
 .text.DbgConsole_PrintfFormattedData
                0x0000000000003590      0x33a ./utilities/fsl_debug_console.o
 .text.SVC_Handler
                0x00000000000038ca        0xa ./source_rtos/FreeRTOS/portable/GCC/ARM_CM0/port.o
                0x00000000000038ca                SVC_Handler
 .text.ulSetInterruptMaskFromISR
                0x00000000000038d4        0xc ./source_rtos/FreeRTOS/portable/GCC/ARM_CM0/port.o
                0x00000000000038d4                ulSetInterruptMaskFromISR
 .text.vClearInterruptMaskFromISR
                0x00000000000038e0        0x8 ./source_rtos/FreeRTOS/portable/GCC/ARM_CM0/port.o
                0x00000000000038e0                vClearInterruptMaskFromISR
 .text.vListInitialise
                0x00000000000038e8       0x3c ./source_rtos/FreeRTOS/list.o
                0x00000000000038e8                vListInitialise
 .text.vListInitialiseItem
                0x0000000000003924       0x16 ./source_rtos/FreeRTOS/list.o
                0x0000000000003924                vListInitialiseItem
 .text.vListInsertEnd
                0x000000000000393a       0x44 ./source_rtos/FreeRTOS/list.o
                0x000000000000393a                vListInsertEnd
 .text.vListInsert
                0x000000000000397e       0x6c ./source_rtos/FreeRTOS/list.o
                0x000000000000397e                vListInsert
 .text.uxListRemove
                0x00000000000039ea       0x50 ./source_rtos/FreeRTOS/list.o
                0x00000000000039ea                uxListRemove
 .text.xQueueGenericReset
                0x0000000000003a3a       0xa8 ./source_rtos/FreeRTOS/queue.o
                0x0000000000003a3a                xQueueGenericReset
 .text.xQueueGenericCreate
                0x0000000000003ae2       0x5c ./source_rtos/FreeRTOS/queue.o
                0x0000000000003ae2                xQueueGenericCreate
 .text.prvInitialiseNewQueue
                0x0000000000003b3e       0x4e ./source_rtos/FreeRTOS/queue.o
 .text.xQueueGenericSend
                0x0000000000003b8c      0x188 ./source_rtos/FreeRTOS/queue.o
                0x0000000000003b8c                xQueueGenericSend
 .text.xQueueGenericSendFromISR
                0x0000000000003d14       0xe8 ./source_rtos/FreeRTOS/queue.o
                0x0000000000003d14                xQueueGenericSendFromISR
 .text.xQueueReceive
                0x0000000000003dfc      0x16a ./source_rtos/FreeRTOS/queue.o
                0x0000000000003dfc                xQueueReceive
 .text.prvCopyDataToQueue
                0x0000000000003f66       0xd6 ./source_rtos/FreeRTOS/queue.o
 .text.prvCopyDataFromQueue
                0x000000000000403c       0x4c ./source_rtos/FreeRTOS/queue.o
 .text.prvUnlockQueue
                0x0000000000004088       0xbc ./source_rtos/FreeRTOS/queue.o
 .text.prvIsQueueEmpty
                0x0000000000004144       0x2c ./source_rtos/FreeRTOS/queue.o
 .text.prvIsQueueFull
                0x0000000000004170       0x30 ./source_rtos/FreeRTOS/queue.o
 .text.vQueueWaitForMessageRestricted
                0x00000000000041a0       0x66 ./source_rtos/FreeRTOS/queue.o
                0x00000000000041a0                vQueueWaitForMessageRestricted
 .text.xTaskCreate
                0x0000000000004206       0x90 ./source_rtos/FreeRTOS/tasks.o
                0x0000000000004206                xTaskCreate
 .text.prvDeleteTCB
                0x0000000000004296       0x22 ./source_rtos/FreeRTOS/tasks.o
 .text.prvTimerTask
                0x00000000000042b8       0x28 ./source_rtos/FreeRTOS/timers.o
 .text.OSC_SetExtRefClkConfig
                0x00000000000042e0       0x3e ./drivers/fsl_clock.o
 .text.OSC_SetCapLoad
                0x000000000000431e       0x42 ./drivers/fsl_clock.o
 .text.CLOCK_GetPll0RefFreq
                0x0000000000004360       0x10 ./drivers/fsl_clock.o
 .text.CLOCK_SetExternalRefClkConfig
                0x0000000000004370       0x16 ./drivers/fsl_clock.o
                0x0000000000004370                CLOCK_SetExternalRefClkConfig
 .text.LPSCI_GetStatusFlags
                0x0000000000004386       0x26 ./drivers/fsl_lpsci.o
                0x0000000000004386                LPSCI_GetStatusFlags
 .text.UART_GetStatusFlags
                0x00000000000043ac       0x26 ./drivers/fsl_uart.o
                0x00000000000043ac                UART_GetStatusFlags
 .text.UART_WriteBlocking
                0x00000000000043d2       0x3c ./drivers/fsl_uart.o
                0x00000000000043d2                UART_WriteBlocking
 .text.BOARD_InitBootClocks
                0x000000000000440e        0xe ./board/clock_config.o
                0x000000000000440e                BOARD_InitBootClocks
 .text.BOARD_InitBootPeripherals
                0x000000000000441c        0xa ./board/peripherals.o
                0x000000000000441c                BOARD_InitBootPeripherals
 .text.BOARD_InitBootPins
                0x0000000000004426        0xe ./board/pin_mux.o
                0x0000000000004426                BOARD_InitBootPins
 .text.__main   0x0000000000004434        0xc /usr/local/mcuxpressoide-11.7.0_9198/ide/plugins/com.nxp.mcuxpresso.tools.linux_11.7.0.202209140929/tools/bin/../lib/gcc/arm-none-eabi/10.3.1/../../../../arm-none-eabi/lib/thumb/v6-m/nofp/libcr_nohost_nf.a(_cr__main.o)
                0x0000000000004434                __main
 .text.memcpy   0x0000000000004440        0x8 /usr/local/mcuxpressoide-11.7.0_9198/ide/plugins/com.nxp.mcuxpresso.tools.linux_11.7.0.202209140929/tools/bin/../lib/gcc/arm-none-eabi/10.3.1/../../../../arm-none-eabi/lib/thumb/v6-m/nofp/libcr_c.a(memcpy.o)
                0x0000000000004440                memcpy
 .text.memset   0x0000000000004448        0x8 /usr/local/mcuxpressoide-11.7.0_9198/ide/plugins/com.nxp.mcuxpresso.tools.linux_11.7.0.202209140929/tools/bin/../lib/gcc/arm-none-eabi/10.3.1/../../../../arm-none-eabi/lib/thumb/v6-m/nofp/libcr_c.a(memset.o)
                0x0000000000004448                memset
 .text.free     0x0000000000004450       0x2c /usr/local/mcuxpressoide-11.7.0_9198/ide/plugins/com.nxp.mcuxpresso.tools.linux_11.7.0.202209140929/tools/bin/../lib/gcc/arm-none-eabi/10.3.1/../../../../arm-none-eabi/lib/thumb/v6-m/nofp/libcr_c.a(alloc.o)
                0x0000000000004450                free
 .text.remove   0x000000000000447c       0x12 /usr/local/mcuxpressoide-11.7.0_9198/ide/plugins/com.nxp.mcuxpresso.tools.linux_11.7.0.202209140929/tools/bin/../lib/gcc/arm-none-eabi/10.3.1/../../../../arm-none-eabi/lib/thumb/v6-m/nofp/libcr_c.a(remove.o)
                0x000000000000447c                remove
 .text.__aeabi_division_idivmod
                0x000000000000448e       0x78 /usr/local/mcuxpressoide-11.7.0_9198/ide/plugins/com.nxp.mcuxpresso.tools.linux_11.7.0.202209140929/tools/bin/../lib/gcc/arm-none-eabi/10.3.1/thumb/v6-m/nofp/libcr_eabihelpers.a(division_32.o)
                0x000000000000448e                __aeabi_idiv
                0x000000000000448e                __aeabi_idivmod
                0x0000000000004494                __aeabi_uidiv
                0x0000000000004494                __aeabi_uidivmod
 .text.__aeabi_division_idiv0
                0x0000000000004506        0x2 /usr/local/mcuxpressoide-11.7.0_9198/ide/plugins/com.nxp.mcuxpresso.tools.linux_11.7.0.202209140929/tools/bin/../lib/gcc/arm-none-eabi/10.3.1/thumb/v6-m/nofp/libcr_eabihelpers.a(division_idiv0.o)
                0x0000000000004506                __aeabi_idiv0
 .text.__aeabi_memcpy
                0x0000000000004508       0x2c /usr/local/mcuxpressoide-11.7.0_9198/ide/plugins/com.nxp.mcuxpresso.tools.linux_11.7.0.202209140929/tools/bin/../lib/gcc/arm-none-eabi/10.3.1/thumb/v6-m/nofp/libcr_eabihelpers.a(memcpy.o)
                0x0000000000004508                __aeabi_memcpy
                0x0000000000004508                __aeabi_memcpy4
                0x0000000000004508                __aeabi_memcpy8
 .text.__aeabi_memset_lowlevel
                0x0000000000004534       0x2a /usr/local/mcuxpressoide-11.7.0_9198/ide/plugins/com.nxp.mcuxpresso.tools.linux_11.7.0.202209140929/tools/bin/../lib/gcc/arm-none-eabi/10.3.1/thumb/v6-m/nofp/libcr_eabihelpers.a(memcpy.o)
                0x0000000000004534                __aeabi_lowlevel_memset
 .text.__sys_close
                0x000000000000455e        0x6 /usr/local/mcuxpressoide-11.7.0_9198/ide/plugins/com.nxp.mcuxpresso.tools.linux_11.7.0.202209140929/tools/bin/../lib/gcc/arm-none-eabi/10.3.1/../../../../arm-none-eabi/lib/thumb/v6-m/nofp/libcr_nohost_nf.a(__sys_close.o)
                0x000000000000455e                __sys_close
 .text.__sys_flen
                0x0000000000004564        0x6 /usr/local/mcuxpressoide-11.7.0_9198/ide/plugins/com.nxp.mcuxpresso.tools.linux_11.7.0.202209140929/tools/bin/../lib/gcc/arm-none-eabi/10.3.1/../../../../arm-none-eabi/lib/thumb/v6-m/nofp/libcr_nohost_nf.a(__sys_flen.o)
                0x0000000000004564                __sys_flen
 .text.__sys_istty
                0x000000000000456a        0x6 /usr/local/mcuxpressoide-11.7.0_9198/ide/plugins/com.nxp.mcuxpresso.tools.linux_11.7.0.202209140929/tools/bin/../lib/gcc/arm-none-eabi/10.3.1/../../../../arm-none-eabi/lib/thumb/v6-m/nofp/libcr_nohost_nf.a(__sys_istty.o)
                0x000000000000456a                __sys_istty
 .text.__sys_remove
                0x0000000000004570        0x6 /usr/local/mcuxpressoide-11.7.0_9198/ide/plugins/com.nxp.mcuxpresso.tools.linux_11.7.0.202209140929/tools/bin/../lib/gcc/arm-none-eabi/10.3.1/../../../../arm-none-eabi/lib/thumb/v6-m/nofp/libcr_nohost_nf.a(__sys_remove.o)
                0x0000000000004570                __sys_remove
 .text.__sys_seek
                0x0000000000004576        0x6 /usr/local/mcuxpressoide-11.7.0_9198/ide/plugins/com.nxp.mcuxpresso.tools.linux_11.7.0.202209140929/tools/bin/../lib/gcc/arm-none-eabi/10.3.1/../../../../arm-none-eabi/lib/thumb/v6-m/nofp/libcr_nohost_nf.a(__sys_seek.o)
                0x0000000000004576                __sys_seek
 .text.__sys_tmpnam
                0x000000000000457c        0x6 /usr/local/mcuxpressoide-11.7.0_9198/ide/plugins/com.nxp.mcuxpresso.tools.linux_11.7.0.202209140929/tools/bin/../lib/gcc/arm-none-eabi/10.3.1/../../../../arm-none-eabi/lib/thumb/v6-m/nofp/libcr_nohost_nf.a(__sys_tmpnam.o)
                0x000000000000457c                __sys_tmpnam
 .text.__sys_write
                0x0000000000004582        0x4 /usr/local/mcuxpressoide-11.7.0_9198/ide/plugins/com.nxp.mcuxpresso.tools.linux_11.7.0.202209140929/tools/bin/../lib/gcc/arm-none-eabi/10.3.1/../../../../arm-none-eabi/lib/thumb/v6-m/nofp/libcr_nohost_nf.a(__sys_write.o)
                0x0000000000004582                __sys_write
 *(SORT_BY_ALIGNMENT(.rodata) SORT_BY_ALIGNMENT(.rodata.*) SORT_BY_ALIGNMENT(.constdata) SORT_BY_ALIGNMENT(.constdata.*))
 *fill*         0x0000000000004586        0x2 ff
 .rodata.vTaskStartScheduler.str1.4
                0x0000000000004588        0x5 ./source_rtos/FreeRTOS/tasks.o
 *fill*         0x000000000000458d        0x3 ff
 .rodata.xTimerCreateTimerTask.str1.4
                0x0000000000004590        0x8 ./source_rtos/FreeRTOS/timers.o
 .rodata.prvProcessReceivedCommands
                0x0000000000004598       0x28 ./source_rtos/FreeRTOS/timers.o
 .rodata.prvCheckForValidListAndQueue.str1.4
                0x00000000000045c0        0x5 ./source_rtos/FreeRTOS/timers.o
 *fill*         0x00000000000045c5        0x3 ff
 .rodata.main.str1.4
                0x00000000000045c8        0xe ./source/00-freertos_kl25z.o
 *fill*         0x00000000000045d6        0x2 ff
 .rodata.CLOCK_GetMcgExtClkFreq.str1.4
                0x00000000000045d8       0x1e ./drivers/fsl_clock.o
 *fill*         0x00000000000045f6        0x2 ff
 .rodata.CLOCK_GetPll0Freq.str1.4
                0x00000000000045f8       0x1d ./drivers/fsl_clock.o
 *fill*         0x0000000000004615        0x3 ff
 .rodata.CLOCK_EnablePll0.str1.4
                0x0000000000004618       0x19 ./drivers/fsl_clock.o
 *fill*         0x0000000000004631        0x3 ff
 .rodata.CLOCK_SetPbeMode.str1.4
                0x0000000000004634       0x1a ./drivers/fsl_clock.o
 *fill*         0x000000000000464e        0x2 ff
 .rodata.CLOCK_BootToPeeMode.str1.4
                0x0000000000004650       0x1a ./drivers/fsl_clock.o
 *fill*         0x000000000000466a        0x2 ff
 .rodata.fllFactorTable.1
                0x000000000000466c       0x10 ./drivers/fsl_clock.o
 .rodata.__assertion_failed.str1.4
                0x000000000000467c        0x4 ./drivers/fsl_common.o
 .rodata.LPSCI_GetInstance.str1.4
                0x0000000000004680       0x36 ./drivers/fsl_lpsci.o
 *fill*         0x00000000000046b6        0x2 ff
 .rodata.LPSCI_Init.str1.4
                0x00000000000046b8       0x43 ./drivers/fsl_lpsci.o
 *fill*         0x00000000000046fb        0x1 ff
 .rodata.LPSCI_GetDefaultConfig.str1.4
                0x00000000000046fc       0x19 ./drivers/fsl_lpsci.o
 *fill*         0x0000000000004715        0x3 ff
 .rodata.LPSCI_WriteBlocking.str1.4
                0x0000000000004718       0x17 ./drivers/fsl_lpsci.o
 *fill*         0x000000000000472f        0x1 ff
 .rodata.LPSCI_ReadBlocking.str1.4
                0x0000000000004730       0x17 ./drivers/fsl_lpsci.o
 *fill*         0x0000000000004747        0x1 ff
 .rodata.s_uartBases
                0x0000000000004748        0xc ./drivers/fsl_uart.o
 .rodata.s_uartClock
                0x0000000000004754        0xc ./drivers/fsl_uart.o
 .rodata.UART_GetInstance.str1.4
                0x0000000000004760       0x2b ./drivers/fsl_uart.o
 *fill*         0x000000000000478b        0x1 ff
 .rodata.UART_Init.str1.4
                0x000000000000478c       0x3e ./drivers/fsl_uart.o
 *fill*         0x00000000000047ca        0x2 ff
 .rodata.UART_GetDefaultConfig.str1.4
                0x00000000000047cc       0x18 ./drivers/fsl_uart.o
 .rodata.UART_ReadBlocking.str1.4
                0x00000000000047e4       0x16 ./drivers/fsl_uart.o
 *fill*         0x00000000000047fa        0x2 ff
 .rodata.mcgConfig_BOARD_BootClockRUN
                0x00000000000047fc        0xa ./board/clock_config.o
                0x00000000000047fc                mcgConfig_BOARD_BootClockRUN
 *fill*         0x0000000000004806        0x2 ff
 .rodata.simConfig_BOARD_BootClockRUN
                0x0000000000004808        0x8 ./board/clock_config.o
                0x0000000000004808                simConfig_BOARD_BootClockRUN
 .rodata.oscConfig_BOARD_BootClockRUN
                0x0000000000004810        0x8 ./board/clock_config.o
                0x0000000000004810                oscConfig_BOARD_BootClockRUN
 .rodata.__num_Ciob_streams
                0x0000000000004818        0x4 /usr/local/mcuxpressoide-11.7.0_9198/ide/plugins/com.nxp.mcuxpresso.tools.linux_11.7.0.202209140929/tools/bin/../lib/gcc/arm-none-eabi/10.3.1/../../../../arm-none-eabi/lib/thumb/v6-m/nofp/libcr_nohost_nf.a(__ciob.o)
                0x0000000000004818                __num_Ciob_streams
 .rodata._initio.str1.1
                0x000000000000481c        0x4 /usr/local/mcuxpressoide-11.7.0_9198/ide/plugins/com.nxp.mcuxpresso.tools.linux_11.7.0.202209140929/tools/bin/../lib/gcc/arm-none-eabi/10.3.1/../../../../arm-none-eabi/lib/thumb/v6-m/nofp/libcr_c.a(initio.o)
                0x0000000000004820                . = ALIGN (0x4)

.glue_7         0x0000000000004820        0x0
 .glue_7        0x0000000000004820        0x0 linker stubs

.glue_7t        0x0000000000004820        0x0
 .glue_7t       0x0000000000004820        0x0 linker stubs

.vfp11_veneer   0x0000000000004820        0x0
 .vfp11_veneer  0x0000000000004820        0x0 linker stubs

.v4_bx          0x0000000000004820        0x0
 .v4_bx         0x0000000000004820        0x0 linker stubs

.iplt           0x0000000000004820        0x0
 .iplt          0x0000000000004820        0x0 ./utilities/fsl_debug_console.o

.rel.dyn        0x0000000000004820        0x0
 .rel.iplt      0x0000000000004820        0x0 ./utilities/fsl_debug_console.o

.ARM.extab
 *(SORT_BY_ALIGNMENT(.ARM.extab*) SORT_BY_ALIGNMENT(.gnu.linkonce.armextab.*))

.ARM.exidx      0x0000000000004820        0x0
                0x0000000000004820                __exidx_start = .
 *(SORT_BY_ALIGNMENT(.ARM.exidx*) SORT_BY_ALIGNMENT(.gnu.linkonce.armexidx.*))
                0x0000000000004820                __exidx_end = .
                0x0000000000004820                _etext = .

.m_usb_data
 *(SORT_BY_ALIGNMENT(m_usb_bdt))

.mtb_buffer_default
                0x000000001ffff000       0x80
 *(SORT_BY_ALIGNMENT(.mtb*))
 .mtb.$RAM1     0x000000001ffff000       0x80 ./source/mtb.o
                0x000000001ffff000                __mtb_buffer__

.uninit_RESERVED
                0x000000001ffff080        0x0
                0x000000001ffff080                _start_uninit_RESERVED = .
 *(SORT_BY_ALIGNMENT(.bss.$RESERVED*))
                0x000000001ffff080                . = ALIGN (0x4)
                0x000000001ffff080                _end_uninit_RESERVED = .

.data           0x000000001ffff080        0xc load address 0x0000000000004820
 FILL mask 0xff
                0x000000001ffff080                _data = .
                [!provide]                        PROVIDE (__start_data_RAM = .)
                [!provide]                        PROVIDE (__start_data_SRAM = .)
 *(SORT_BY_ALIGNMENT(vtable))
 *(SORT_BY_ALIGNMENT(.ramfunc*))
 *(SORT_BY_ALIGNMENT(CodeQuickAccess))
 *(SORT_BY_ALIGNMENT(DataQuickAccess))
 *(SORT_BY_ALIGNMENT(RamFunction))
 *(SORT_BY_ALIGNMENT(.data*))
 .data.uxCriticalNesting
                0x000000001ffff080        0x4 ./source_rtos/FreeRTOS/portable/GCC/ARM_CM0/port.o
 .data.s_slowIrcFreq
                0x000000001ffff084        0x4 ./drivers/fsl_clock.o
 .data.SystemCoreClock
                0x000000001ffff088        0x4 ./CMSIS/system_MKL25Z4.o
                0x000000001ffff088                SystemCoreClock
                0x000000001ffff08c                . = ALIGN (0x4)
                0x000000001ffff08c                _edata = .
                [!provide]                        PROVIDE (__end_data_RAM = .)
                [!provide]                        PROVIDE (__end_data_SRAM = .)

.igot.plt       0x000000001ffff08c        0x0 load address 0x000000000000482c
 .igot.plt      0x000000001ffff08c        0x0 ./utilities/fsl_debug_console.o

.bss            0x000000001ffff08c     0x228c
                0x000000001ffff08c                _bss = .
                [!provide]                        PROVIDE (__start_bss_RAM = .)
                [!provide]                        PROVIDE (__start_bss_SRAM = .)
 *(SORT_BY_ALIGNMENT(.bss*))
 .bss.s_debugConsole
                0x000000001ffff08c       0x10 ./utilities/fsl_debug_console.o
 .bss.ucHeap    0x000000001ffff09c     0x2000 ./source_rtos/FreeRTOS/portable/MemMang/heap_4.o
 .bss.xStart    0x000000002000109c        0x8 ./source_rtos/FreeRTOS/portable/MemMang/heap_4.o
 .bss.pxEnd     0x00000000200010a4        0x4 ./source_rtos/FreeRTOS/portable/MemMang/heap_4.o
 .bss.xFreeBytesRemaining
                0x00000000200010a8        0x4 ./source_rtos/FreeRTOS/portable/MemMang/heap_4.o
 .bss.xMinimumEverFreeBytesRemaining
                0x00000000200010ac        0x4 ./source_rtos/FreeRTOS/portable/MemMang/heap_4.o
 .bss.xNumberOfSuccessfulAllocations
                0x00000000200010b0        0x4 ./source_rtos/FreeRTOS/portable/MemMang/heap_4.o
 .bss.xNumberOfSuccessfulFrees
                0x00000000200010b4        0x4 ./source_rtos/FreeRTOS/portable/MemMang/heap_4.o
 .bss.xBlockAllocatedBit
                0x00000000200010b8        0x4 ./source_rtos/FreeRTOS/portable/MemMang/heap_4.o
 .bss.xQueueRegistry
                0x00000000200010bc       0x40 ./source_rtos/FreeRTOS/queue.o
                0x00000000200010bc                xQueueRegistry
 .bss.pxCurrentTCB
                0x00000000200010fc        0x4 ./source_rtos/FreeRTOS/tasks.o
                0x00000000200010fc                pxCurrentTCB
 .bss.pxReadyTasksLists
                0x0000000020001100       0x64 ./source_rtos/FreeRTOS/tasks.o
 .bss.xDelayedTaskList1
                0x0000000020001164       0x14 ./source_rtos/FreeRTOS/tasks.o
 .bss.xDelayedTaskList2
                0x0000000020001178       0x14 ./source_rtos/FreeRTOS/tasks.o
 .bss.pxDelayedTaskList
                0x000000002000118c        0x4 ./source_rtos/FreeRTOS/tasks.o
 .bss.pxOverflowDelayedTaskList
                0x0000000020001190        0x4 ./source_rtos/FreeRTOS/tasks.o
 .bss.xPendingReadyList
                0x0000000020001194       0x14 ./source_rtos/FreeRTOS/tasks.o
 .bss.xTasksWaitingTermination
                0x00000000200011a8       0x14 ./source_rtos/FreeRTOS/tasks.o
 .bss.uxDeletedTasksWaitingCleanUp
                0x00000000200011bc        0x4 ./source_rtos/FreeRTOS/tasks.o
 .bss.xSuspendedTaskList
                0x00000000200011c0       0x14 ./source_rtos/FreeRTOS/tasks.o
 .bss.uxCurrentNumberOfTasks
                0x00000000200011d4        0x4 ./source_rtos/FreeRTOS/tasks.o
 .bss.xTickCount
                0x00000000200011d8        0x4 ./source_rtos/FreeRTOS/tasks.o
 .bss.uxTopReadyPriority
                0x00000000200011dc        0x4 ./source_rtos/FreeRTOS/tasks.o
 .bss.xSchedulerRunning
                0x00000000200011e0        0x4 ./source_rtos/FreeRTOS/tasks.o
 .bss.xPendedTicks
                0x00000000200011e4        0x4 ./source_rtos/FreeRTOS/tasks.o
 .bss.xYieldPending
                0x00000000200011e8        0x4 ./source_rtos/FreeRTOS/tasks.o
 .bss.xNumOfOverflows
                0x00000000200011ec        0x4 ./source_rtos/FreeRTOS/tasks.o
 .bss.uxTaskNumber
                0x00000000200011f0        0x4 ./source_rtos/FreeRTOS/tasks.o
 .bss.xNextTaskUnblockTime
                0x00000000200011f4        0x4 ./source_rtos/FreeRTOS/tasks.o
 .bss.xIdleTaskHandle
                0x00000000200011f8        0x4 ./source_rtos/FreeRTOS/tasks.o
 .bss.uxSchedulerSuspended
                0x00000000200011fc        0x4 ./source_rtos/FreeRTOS/tasks.o
 .bss.xActiveTimerList1
                0x0000000020001200       0x14 ./source_rtos/FreeRTOS/timers.o
 .bss.xActiveTimerList2
                0x0000000020001214       0x14 ./source_rtos/FreeRTOS/timers.o
 .bss.pxCurrentTimerList
                0x0000000020001228        0x4 ./source_rtos/FreeRTOS/timers.o
 .bss.pxOverflowTimerList
                0x000000002000122c        0x4 ./source_rtos/FreeRTOS/timers.o
 .bss.xTimerQueue
                0x0000000020001230        0x4 ./source_rtos/FreeRTOS/timers.o
 .bss.xTimerTaskHandle
                0x0000000020001234        0x4 ./source_rtos/FreeRTOS/timers.o
 .bss.xLastTime.0
                0x0000000020001238        0x4 ./source_rtos/FreeRTOS/timers.o
 .bss.t1        0x000000002000123c        0x4 ./source/00-freertos_kl25z.o
                0x000000002000123c                t1
 .bss.t2        0x0000000020001240        0x4 ./source/00-freertos_kl25z.o
                0x0000000020001240                t2
 .bss.g_xtal0Freq
                0x0000000020001244        0x4 ./drivers/fsl_clock.o
                0x0000000020001244                g_xtal0Freq
 .bss.s_lpsciHandle
                0x0000000020001248        0x4 ./drivers/fsl_lpsci.o
 .bss.s_lpsciIsr
                0x000000002000124c        0x4 ./drivers/fsl_lpsci.o
 .bss.s_uartHandle
                0x0000000020001250        0xc ./drivers/fsl_uart.o
 .bss.s_uartIsr
                0x000000002000125c        0x4 ./drivers/fsl_uart.o
 .bss.errno     0x0000000020001260        0x4 /usr/local/mcuxpressoide-11.7.0_9198/ide/plugins/com.nxp.mcuxpresso.tools.linux_11.7.0.202209140929/tools/bin/../lib/gcc/arm-none-eabi/10.3.1/../../../../arm-none-eabi/lib/thumb/v6-m/nofp/libcr_c.a(errno.o)
                0x0000000020001260                errno
 .bss.__Ciob    0x0000000020001264       0xb4 /usr/local/mcuxpressoide-11.7.0_9198/ide/plugins/com.nxp.mcuxpresso.tools.linux_11.7.0.202209140929/tools/bin/../lib/gcc/arm-none-eabi/10.3.1/../../../../arm-none-eabi/lib/thumb/v6-m/nofp/libcr_nohost_nf.a(__ciob.o)
                0x0000000020001264                __Ciob
 *(SORT_BY_ALIGNMENT(COMMON))
                0x0000000020001318                . = ALIGN (0x4)
                0x0000000020001318                _ebss = .
                [!provide]                        PROVIDE (__end_bss_RAM = .)
                [!provide]                        PROVIDE (__end_bss_SRAM = .)
                [!provide]                        PROVIDE (end = .)

.noinit         0x0000000020001318        0x0
                0x0000000020001318                _noinit = .
                [!provide]                        PROVIDE (__start_noinit_RAM = .)
                [!provide]                        PROVIDE (__start_noinit_SRAM = .)
 *(SORT_BY_ALIGNMENT(.noinit*))
                0x0000000020001318                . = ALIGN (0x4)
                0x0000000020001318                _end_noinit = .
                [!provide]                        PROVIDE (__end_noinit_RAM = .)
                [!provide]                        PROVIDE (__end_noinit_SRAM = .)
                0x0000000000000400                _HeapSize = 0x400

.heap           0x0000000020001318      0x400
                0x0000000020001318                _pvHeapStart = .
                0x0000000020001718                . = (. + _HeapSize)
 *fill*         0x0000000020001318      0x400 
                0x0000000020001718                . = ALIGN (0x4)
                0x0000000020001718                _pvHeapLimit = .
                0x0000000000000400                _StackSize = 0x400

.heap2stackfill
                0x0000000020001718      0x400
                0x0000000020001b18                . = (. + _StackSize)
 *fill*         0x0000000020001718      0x400 

.stack          0x0000000020002c00        0x0
                0x0000000020002c00                _vStackBase = .
                0x0000000020002c00                . = ALIGN (0x4)
                0x0000000020003000                _vStackTop = (. + _StackSize)
                0x0000000000000000                _image_start = LOADADDR (.text)
                0x000000000000482c                _image_end = (LOADADDR (.data) + SIZEOF (.data))
                0x000000000000482c                _image_size = (_image_end - _image_start)
OUTPUT(00-freertos_kl25z.axf elf32-littlearm)
LOAD linker stubs

.debug_info     0x0000000000000000     0xb5c8
 .debug_info    0x0000000000000000      0xe16 ./utilities/fsl_debug_console.o
 .debug_info    0x0000000000000e16      0x4eb ./startup/startup_mkl25z4.o
 .debug_info    0x0000000000001301      0x41b ./source_rtos/FreeRTOS/portable/MemMang/heap_4.o
 .debug_info    0x000000000000171c      0x270 ./source_rtos/FreeRTOS/portable/GCC/ARM_CM0/port.o
 .debug_info    0x000000000000198c      0x2be ./source_rtos/FreeRTOS/list.o
 .debug_info    0x0000000000001c4a     0x10f9 ./source_rtos/FreeRTOS/queue.o
 .debug_info    0x0000000000002d43     0x19a2 ./source_rtos/FreeRTOS/tasks.o
 .debug_info    0x00000000000046e5      0xae6 ./source_rtos/FreeRTOS/timers.o
 .debug_info    0x00000000000051cb      0x59d ./source/00-freertos_kl25z.o
 .debug_info    0x0000000000005768       0x53 ./source/mtb.o
 .debug_info    0x00000000000057bb       0x3c ./source/semihost_hardfault.o
 .debug_info    0x00000000000057f7     0x1a5a ./drivers/fsl_clock.o
 .debug_info    0x0000000000007251      0x3e8 ./drivers/fsl_common.o
 .debug_info    0x0000000000007639     0x140d ./drivers/fsl_lpsci.o
 .debug_info    0x0000000000008a46     0x13ae ./drivers/fsl_uart.o
 .debug_info    0x0000000000009df4      0x394 ./board/board.o
 .debug_info    0x000000000000a188      0xabc ./board/clock_config.o
 .debug_info    0x000000000000ac44       0x3c ./board/peripherals.o
 .debug_info    0x000000000000ac80      0x547 ./board/pin_mux.o
 .debug_info    0x000000000000b1c7      0x401 ./CMSIS/system_MKL25Z4.o

.debug_abbrev   0x0000000000000000     0x2247
 .debug_abbrev  0x0000000000000000      0x2a5 ./utilities/fsl_debug_console.o
 .debug_abbrev  0x00000000000002a5      0x198 ./startup/startup_mkl25z4.o
 .debug_abbrev  0x000000000000043d      0x175 ./source_rtos/FreeRTOS/portable/MemMang/heap_4.o
 .debug_abbrev  0x00000000000005b2      0x199 ./source_rtos/FreeRTOS/portable/GCC/ARM_CM0/port.o
 .debug_abbrev  0x000000000000074b       0xf2 ./source_rtos/FreeRTOS/list.o
 .debug_abbrev  0x000000000000083d      0x218 ./source_rtos/FreeRTOS/queue.o
 .debug_abbrev  0x0000000000000a55      0x280 ./source_rtos/FreeRTOS/tasks.o
 .debug_abbrev  0x0000000000000cd5      0x20d ./source_rtos/FreeRTOS/timers.o
 .debug_abbrev  0x0000000000000ee2      0x170 ./source/00-freertos_kl25z.o
 .debug_abbrev  0x0000000000001052       0x46 ./source/mtb.o
 .debug_abbrev  0x0000000000001098       0x31 ./source/semihost_hardfault.o
 .debug_abbrev  0x00000000000010c9      0x357 ./drivers/fsl_clock.o
 .debug_abbrev  0x0000000000001420      0x25b ./drivers/fsl_common.o
 .debug_abbrev  0x000000000000167b      0x2d7 ./drivers/fsl_lpsci.o
 .debug_abbrev  0x0000000000001952      0x2f1 ./drivers/fsl_uart.o
 .debug_abbrev  0x0000000000001c43      0x11b ./board/board.o
 .debug_abbrev  0x0000000000001d5e      0x201 ./board/clock_config.o
 .debug_abbrev  0x0000000000001f5f       0x31 ./board/peripherals.o
 .debug_abbrev  0x0000000000001f90      0x189 ./board/pin_mux.o
 .debug_abbrev  0x0000000000002119      0x12e ./CMSIS/system_MKL25Z4.o

.debug_aranges  0x0000000000000000      0xce8
 .debug_aranges
                0x0000000000000000       0x90 ./utilities/fsl_debug_console.o
 .debug_aranges
                0x0000000000000090      0x160 ./startup/startup_mkl25z4.o
 .debug_aranges
                0x00000000000001f0       0x58 ./source_rtos/FreeRTOS/portable/MemMang/heap_4.o
 .debug_aranges
                0x0000000000000248       0x88 ./source_rtos/FreeRTOS/portable/GCC/ARM_CM0/port.o
 .debug_aranges
                0x00000000000002d0       0x40 ./source_rtos/FreeRTOS/list.o
 .debug_aranges
                0x0000000000000310      0x130 ./source_rtos/FreeRTOS/queue.o
 .debug_aranges
                0x0000000000000440      0x208 ./source_rtos/FreeRTOS/tasks.o
 .debug_aranges
                0x0000000000000648       0xd8 ./source_rtos/FreeRTOS/timers.o
 .debug_aranges
                0x0000000000000720       0x38 ./source/00-freertos_kl25z.o
 .debug_aranges
                0x0000000000000758       0x18 ./source/mtb.o
 .debug_aranges
                0x0000000000000770       0x20 ./source/semihost_hardfault.o
 .debug_aranges
                0x0000000000000790      0x1d8 ./drivers/fsl_clock.o
 .debug_aranges
                0x0000000000000968       0x38 ./drivers/fsl_common.o
 .debug_aranges
                0x00000000000009a0      0x118 ./drivers/fsl_lpsci.o
 .debug_aranges
                0x0000000000000ab8      0x130 ./drivers/fsl_uart.o
 .debug_aranges
                0x0000000000000be8       0x28 ./board/board.o
 .debug_aranges
                0x0000000000000c10       0x58 ./board/clock_config.o
 .debug_aranges
                0x0000000000000c68       0x20 ./board/peripherals.o
 .debug_aranges
                0x0000000000000c88       0x38 ./board/pin_mux.o
 .debug_aranges
                0x0000000000000cc0       0x28 ./CMSIS/system_MKL25Z4.o

.debug_ranges   0x0000000000000000      0xba0
 .debug_ranges  0x0000000000000000       0x80 ./utilities/fsl_debug_console.o
 .debug_ranges  0x0000000000000080      0x150 ./startup/startup_mkl25z4.o
 .debug_ranges  0x00000000000001d0       0x48 ./source_rtos/FreeRTOS/portable/MemMang/heap_4.o
 .debug_ranges  0x0000000000000218       0x78 ./source_rtos/FreeRTOS/portable/GCC/ARM_CM0/port.o
 .debug_ranges  0x0000000000000290       0x30 ./source_rtos/FreeRTOS/list.o
 .debug_ranges  0x00000000000002c0      0x120 ./source_rtos/FreeRTOS/queue.o
 .debug_ranges  0x00000000000003e0      0x1f8 ./source_rtos/FreeRTOS/tasks.o
 .debug_ranges  0x00000000000005d8       0xc8 ./source_rtos/FreeRTOS/timers.o
 .debug_ranges  0x00000000000006a0       0x28 ./source/00-freertos_kl25z.o
 .debug_ranges  0x00000000000006c8       0x10 ./source/semihost_hardfault.o
 .debug_ranges  0x00000000000006d8      0x1c8 ./drivers/fsl_clock.o
 .debug_ranges  0x00000000000008a0       0x28 ./drivers/fsl_common.o
 .debug_ranges  0x00000000000008c8      0x108 ./drivers/fsl_lpsci.o
 .debug_ranges  0x00000000000009d0      0x120 ./drivers/fsl_uart.o
 .debug_ranges  0x0000000000000af0       0x18 ./board/board.o
 .debug_ranges  0x0000000000000b08       0x48 ./board/clock_config.o
 .debug_ranges  0x0000000000000b50       0x10 ./board/peripherals.o
 .debug_ranges  0x0000000000000b60       0x28 ./board/pin_mux.o
 .debug_ranges  0x0000000000000b88       0x18 ./CMSIS/system_MKL25Z4.o

.debug_macro    0x0000000000000000     0xa072
 .debug_macro   0x0000000000000000      0x127 ./utilities/fsl_debug_console.o
 .debug_macro   0x0000000000000127      0xa84 ./utilities/fsl_debug_console.o
 .debug_macro   0x0000000000000bab       0x10 ./utilities/fsl_debug_console.o
 .debug_macro   0x0000000000000bbb       0x16 ./utilities/fsl_debug_console.o
 .debug_macro   0x0000000000000bd1       0x10 ./utilities/fsl_debug_console.o
 .debug_macro   0x0000000000000be1      0x12e ./utilities/fsl_debug_console.o
 .debug_macro   0x0000000000000d0f       0x28 ./utilities/fsl_debug_console.o
 .debug_macro   0x0000000000000d37       0xc4 ./utilities/fsl_debug_console.o
 .debug_macro   0x0000000000000dfb       0x16 ./utilities/fsl_debug_console.o
 .debug_macro   0x0000000000000e11       0x22 ./utilities/fsl_debug_console.o
 .debug_macro   0x0000000000000e33      0x5b3 ./utilities/fsl_debug_console.o
 .debug_macro   0x00000000000013e6       0x10 ./utilities/fsl_debug_console.o
 .debug_macro   0x00000000000013f6       0x3f ./utilities/fsl_debug_console.o
 .debug_macro   0x0000000000001435       0x3a ./utilities/fsl_debug_console.o
 .debug_macro   0x000000000000146f       0x26 ./utilities/fsl_debug_console.o
 .debug_macro   0x0000000000001495      0x329 ./utilities/fsl_debug_console.o
 .debug_macro   0x00000000000017be       0x30 ./utilities/fsl_debug_console.o
 .debug_macro   0x00000000000017ee     0x51e2 ./utilities/fsl_debug_console.o
 .debug_macro   0x00000000000069d0     0x1352 ./utilities/fsl_debug_console.o
 .debug_macro   0x0000000000007d22       0x3a ./utilities/fsl_debug_console.o
 .debug_macro   0x0000000000007d5c       0xf4 ./utilities/fsl_debug_console.o
 .debug_macro   0x0000000000007e50       0x35 ./utilities/fsl_debug_console.o
 .debug_macro   0x0000000000007e85       0x2e ./utilities/fsl_debug_console.o
 .debug_macro   0x0000000000007eb3       0x10 ./utilities/fsl_debug_console.o
 .debug_macro   0x0000000000007ec3       0x10 ./utilities/fsl_debug_console.o
 .debug_macro   0x0000000000007ed3       0x29 ./startup/startup_mkl25z4.o
 .debug_macro   0x0000000000007efc       0xdf ./source_rtos/FreeRTOS/portable/MemMang/heap_4.o
 .debug_macro   0x0000000000007fdb      0x173 ./source_rtos/FreeRTOS/portable/MemMang/heap_4.o
 .debug_macro   0x000000000000814e      0x15a ./source_rtos/FreeRTOS/portable/MemMang/heap_4.o
 .debug_macro   0x00000000000082a8       0xb2 ./source_rtos/FreeRTOS/portable/MemMang/heap_4.o
 .debug_macro   0x000000000000835a       0x1c ./source_rtos/FreeRTOS/portable/MemMang/heap_4.o
 .debug_macro   0x0000000000008376       0x26 ./source_rtos/FreeRTOS/portable/MemMang/heap_4.o
 .debug_macro   0x000000000000839c      0x4fd ./source_rtos/FreeRTOS/portable/MemMang/heap_4.o
 .debug_macro   0x0000000000008899       0xb5 ./source_rtos/FreeRTOS/portable/MemMang/heap_4.o
 .debug_macro   0x000000000000894e       0xaa ./source_rtos/FreeRTOS/portable/MemMang/heap_4.o
 .debug_macro   0x00000000000089f8      0x119 ./source_rtos/FreeRTOS/portable/GCC/ARM_CM0/port.o
 .debug_macro   0x0000000000008b11       0x16 ./source_rtos/FreeRTOS/portable/GCC/ARM_CM0/port.o
 .debug_macro   0x0000000000008b27       0xb8 ./source_rtos/FreeRTOS/list.o
 .debug_macro   0x0000000000008bdf      0x125 ./source_rtos/FreeRTOS/queue.o
 .debug_macro   0x0000000000008d04       0x80 ./source_rtos/FreeRTOS/queue.o
 .debug_macro   0x0000000000008d84      0x1a1 ./source_rtos/FreeRTOS/tasks.o
 .debug_macro   0x0000000000008f25       0x10 ./source_rtos/FreeRTOS/tasks.o
 .debug_macro   0x0000000000008f35       0xd2 ./source_rtos/FreeRTOS/tasks.o
 .debug_macro   0x0000000000009007      0x10d ./source_rtos/FreeRTOS/timers.o
 .debug_macro   0x0000000000009114       0x97 ./source_rtos/FreeRTOS/timers.o
 .debug_macro   0x00000000000091ab      0x1c4 ./source/00-freertos_kl25z.o
 .debug_macro   0x000000000000936f       0xd8 ./source/00-freertos_kl25z.o
 .debug_macro   0x0000000000009447       0x16 ./source/00-freertos_kl25z.o
 .debug_macro   0x000000000000945d       0x10 ./source/00-freertos_kl25z.o
 .debug_macro   0x000000000000946d      0x112 ./source/00-freertos_kl25z.o
 .debug_macro   0x000000000000957f       0x34 ./source/00-freertos_kl25z.o
 .debug_macro   0x00000000000095b3      0x173 ./source/00-freertos_kl25z.o
 .debug_macro   0x0000000000009726       0x2f ./source/mtb.o
 .debug_macro   0x0000000000009755       0x82 ./source/mtb.o
 .debug_macro   0x00000000000097d7       0x10 ./source/mtb.o
 .debug_macro   0x00000000000097e7       0x11 ./source/semihost_hardfault.o
 .debug_macro   0x00000000000097f8      0x196 ./drivers/fsl_clock.o
 .debug_macro   0x000000000000998e       0x1c ./drivers/fsl_clock.o
 .debug_macro   0x00000000000099aa       0xef ./drivers/fsl_common.o
 .debug_macro   0x0000000000009a99       0xec ./drivers/fsl_lpsci.o
 .debug_macro   0x0000000000009b85       0xf2 ./drivers/fsl_uart.o
 .debug_macro   0x0000000000009c77      0x112 ./board/board.o
 .debug_macro   0x0000000000009d89      0x123 ./board/clock_config.o
 .debug_macro   0x0000000000009eac       0x1b ./board/peripherals.o
 .debug_macro   0x0000000000009ec7      0x107 ./board/pin_mux.o
 .debug_macro   0x0000000000009fce       0x10 ./board/pin_mux.o
 .debug_macro   0x0000000000009fde       0x94 ./CMSIS/system_MKL25Z4.o

.debug_line     0x0000000000000000     0x9799
 .debug_line    0x0000000000000000      0xc95 ./utilities/fsl_debug_console.o
 .debug_line    0x0000000000000c95      0x1ed ./startup/startup_mkl25z4.o
 .debug_line    0x0000000000000e82      0x648 ./source_rtos/FreeRTOS/portable/MemMang/heap_4.o
 .debug_line    0x00000000000014ca      0x543 ./source_rtos/FreeRTOS/portable/GCC/ARM_CM0/port.o
 .debug_line    0x0000000000001a0d      0x456 ./source_rtos/FreeRTOS/list.o
 .debug_line    0x0000000000001e63      0xfef ./source_rtos/FreeRTOS/queue.o
 .debug_line    0x0000000000002e52     0x17f3 ./source_rtos/FreeRTOS/tasks.o
 .debug_line    0x0000000000004645      0x8d4 ./source_rtos/FreeRTOS/timers.o
 .debug_line    0x0000000000004f19      0x65e ./source/00-freertos_kl25z.o
 .debug_line    0x0000000000005577       0xd5 ./source/mtb.o
 .debug_line    0x000000000000564c       0x59 ./source/semihost_hardfault.o
 .debug_line    0x00000000000056a5     0x1303 ./drivers/fsl_clock.o
 .debug_line    0x00000000000069a8      0x43d ./drivers/fsl_common.o
 .debug_line    0x0000000000006de5      0xd7c ./drivers/fsl_lpsci.o
 .debug_line    0x0000000000007b61      0xd6b ./drivers/fsl_uart.o
 .debug_line    0x00000000000088cc      0x3b1 ./board/board.o
 .debug_line    0x0000000000008c7d      0x3ff ./board/clock_config.o
 .debug_line    0x000000000000907c       0x5c ./board/peripherals.o
 .debug_line    0x00000000000090d8      0x386 ./board/pin_mux.o
 .debug_line    0x000000000000945e      0x33b ./CMSIS/system_MKL25Z4.o

.debug_str      0x0000000000000000    0x3d448
 .debug_str     0x0000000000000000    0x31381 ./utilities/fsl_debug_console.o
                                      0x31636 (size before relaxing)
 .debug_str     0x0000000000031381      0x3a2 ./startup/startup_mkl25z4.o
                                       0x30d4 (size before relaxing)
 .debug_str     0x0000000000031723     0x41a6 ./source_rtos/FreeRTOS/portable/MemMang/heap_4.o
                                       0x85ed (size before relaxing)
 .debug_str     0x00000000000358c9      0x462 ./source_rtos/FreeRTOS/portable/GCC/ARM_CM0/port.o
                                       0x8698 (size before relaxing)
 .debug_str     0x0000000000035d2b      0x11e ./source_rtos/FreeRTOS/list.o
                                       0x7d1e (size before relaxing)
 .debug_str     0x0000000000035e49      0xf76 ./source_rtos/FreeRTOS/queue.o
                                       0x9369 (size before relaxing)
 .debug_str     0x0000000000036dbf     0x1db6 ./source_rtos/FreeRTOS/tasks.o
                                       0xa2bc (size before relaxing)
 .debug_str     0x0000000000038b75      0x515 ./source_rtos/FreeRTOS/timers.o
                                       0x981b (size before relaxing)
 .debug_str     0x000000000003908a      0xba0 ./source/00-freertos_kl25z.o
                                      0x3558d (size before relaxing)
 .debug_str     0x0000000000039c2a      0x532 ./source/mtb.o
                                       0x31f4 (size before relaxing)
 .debug_str     0x000000000003a15c       0x1f ./source/semihost_hardfault.o
                                       0x2ce1 (size before relaxing)
 .debug_str     0x000000000003a17b     0x1789 ./drivers/fsl_clock.o
                                      0x321a9 (size before relaxing)
 .debug_str     0x000000000003b904      0x2d6 ./drivers/fsl_common.o
                                      0x30777 (size before relaxing)
 .debug_str     0x000000000003bbda      0x9ce ./drivers/fsl_lpsci.o
                                      0x31798 (size before relaxing)
 .debug_str     0x000000000003c5a8      0x832 ./drivers/fsl_uart.o
                                      0x317bb (size before relaxing)
 .debug_str     0x000000000003cdda       0x4c ./board/board.o
                                      0x30f70 (size before relaxing)
 .debug_str     0x000000000003ce26      0x3c1 ./board/clock_config.o
                                      0x310da (size before relaxing)
 .debug_str     0x000000000003d1e7       0x31 ./board/peripherals.o
                                       0x2cf2 (size before relaxing)
 .debug_str     0x000000000003d218      0x1e1 ./board/pin_mux.o
                                      0x30821 (size before relaxing)
 .debug_str     0x000000000003d3f9       0x4f ./CMSIS/system_MKL25Z4.o
                                      0x2fb23 (size before relaxing)

.comment        0x0000000000000000       0x49
 .comment       0x0000000000000000       0x49 ./utilities/fsl_debug_console.o
                                         0x4a (size before relaxing)
 .comment       0x0000000000000049       0x4a ./startup/startup_mkl25z4.o
 .comment       0x0000000000000049       0x4a ./source_rtos/FreeRTOS/portable/MemMang/heap_4.o
 .comment       0x0000000000000049       0x4a ./source_rtos/FreeRTOS/portable/GCC/ARM_CM0/port.o
 .comment       0x0000000000000049       0x4a ./source_rtos/FreeRTOS/list.o
 .comment       0x0000000000000049       0x4a ./source_rtos/FreeRTOS/queue.o
 .comment       0x0000000000000049       0x4a ./source_rtos/FreeRTOS/tasks.o
 .comment       0x0000000000000049       0x4a ./source_rtos/FreeRTOS/timers.o
 .comment       0x0000000000000049       0x4a ./source/00-freertos_kl25z.o
 .comment       0x0000000000000049       0x4a ./source/mtb.o
 .comment       0x0000000000000049       0x4a ./source/semihost_hardfault.o
 .comment       0x0000000000000049       0x4a ./drivers/fsl_clock.o
 .comment       0x0000000000000049       0x4a ./drivers/fsl_common.o
 .comment       0x0000000000000049       0x4a ./drivers/fsl_lpsci.o
 .comment       0x0000000000000049       0x4a ./drivers/fsl_uart.o
 .comment       0x0000000000000049       0x4a ./board/board.o
 .comment       0x0000000000000049       0x4a ./board/clock_config.o
 .comment       0x0000000000000049       0x4a ./board/peripherals.o
 .comment       0x0000000000000049       0x4a ./board/pin_mux.o
 .comment       0x0000000000000049       0x4a ./CMSIS/system_MKL25Z4.o
 .comment       0x0000000000000049       0x4a /usr/local/mcuxpressoide-11.7.0_9198/ide/plugins/com.nxp.mcuxpresso.tools.linux_11.7.0.202209140929/tools/bin/../lib/gcc/arm-none-eabi/10.3.1/../../../../arm-none-eabi/lib/thumb/v6-m/nofp/libcr_nohost_nf.a(_cr__main.o)
 .comment       0x0000000000000049       0x4a /usr/local/mcuxpressoide-11.7.0_9198/ide/plugins/com.nxp.mcuxpresso.tools.linux_11.7.0.202209140929/tools/bin/../lib/gcc/arm-none-eabi/10.3.1/../../../../arm-none-eabi/lib/thumb/v6-m/nofp/libcr_c.a(memcpy.o)
 .comment       0x0000000000000049       0x4a /usr/local/mcuxpressoide-11.7.0_9198/ide/plugins/com.nxp.mcuxpresso.tools.linux_11.7.0.202209140929/tools/bin/../lib/gcc/arm-none-eabi/10.3.1/../../../../arm-none-eabi/lib/thumb/v6-m/nofp/libcr_c.a(memset.o)
 .comment       0x0000000000000049       0x4a /usr/local/mcuxpressoide-11.7.0_9198/ide/plugins/com.nxp.mcuxpresso.tools.linux_11.7.0.202209140929/tools/bin/../lib/gcc/arm-none-eabi/10.3.1/../../../../arm-none-eabi/lib/thumb/v6-m/nofp/libcr_c.a(initio.o)
 .comment       0x0000000000000049       0x4a /usr/local/mcuxpressoide-11.7.0_9198/ide/plugins/com.nxp.mcuxpresso.tools.linux_11.7.0.202209140929/tools/bin/../lib/gcc/arm-none-eabi/10.3.1/../../../../arm-none-eabi/lib/thumb/v6-m/nofp/libcr_c.a(setvbuf.o)
 .comment       0x0000000000000049       0x4a /usr/local/mcuxpressoide-11.7.0_9198/ide/plugins/com.nxp.mcuxpresso.tools.linux_11.7.0.202209140929/tools/bin/../lib/gcc/arm-none-eabi/10.3.1/../../../../arm-none-eabi/lib/thumb/v6-m/nofp/libcr_c.a(strlen.o)
 .comment       0x0000000000000049       0x4a /usr/local/mcuxpressoide-11.7.0_9198/ide/plugins/com.nxp.mcuxpresso.tools.linux_11.7.0.202209140929/tools/bin/../lib/gcc/arm-none-eabi/10.3.1/../../../../arm-none-eabi/lib/thumb/v6-m/nofp/libcr_c.a(_deferredlazyseek.o)
 .comment       0x0000000000000049       0x4a /usr/local/mcuxpressoide-11.7.0_9198/ide/plugins/com.nxp.mcuxpresso.tools.linux_11.7.0.202209140929/tools/bin/../lib/gcc/arm-none-eabi/10.3.1/../../../../arm-none-eabi/lib/thumb/v6-m/nofp/libcr_c.a(_fdopen.o)
 .comment       0x0000000000000049       0x4a /usr/local/mcuxpressoide-11.7.0_9198/ide/plugins/com.nxp.mcuxpresso.tools.linux_11.7.0.202209140929/tools/bin/../lib/gcc/arm-none-eabi/10.3.1/../../../../arm-none-eabi/lib/thumb/v6-m/nofp/libcr_c.a(_fflush.o)
 .comment       0x0000000000000049       0x4a /usr/local/mcuxpressoide-11.7.0_9198/ide/plugins/com.nxp.mcuxpresso.tools.linux_11.7.0.202209140929/tools/bin/../lib/gcc/arm-none-eabi/10.3.1/../../../../arm-none-eabi/lib/thumb/v6-m/nofp/libcr_c.a(_writebuf.o)
 .comment       0x0000000000000049       0x4a /usr/local/mcuxpressoide-11.7.0_9198/ide/plugins/com.nxp.mcuxpresso.tools.linux_11.7.0.202209140929/tools/bin/../lib/gcc/arm-none-eabi/10.3.1/../../../../arm-none-eabi/lib/thumb/v6-m/nofp/libcr_c.a(alloc.o)
 .comment       0x0000000000000049       0x4a /usr/local/mcuxpressoide-11.7.0_9198/ide/plugins/com.nxp.mcuxpresso.tools.linux_11.7.0.202209140929/tools/bin/../lib/gcc/arm-none-eabi/10.3.1/../../../../arm-none-eabi/lib/thumb/v6-m/nofp/libcr_c.a(fclose.o)
 .comment       0x0000000000000049       0x4a /usr/local/mcuxpressoide-11.7.0_9198/ide/plugins/com.nxp.mcuxpresso.tools.linux_11.7.0.202209140929/tools/bin/../lib/gcc/arm-none-eabi/10.3.1/../../../../arm-none-eabi/lib/thumb/v6-m/nofp/libcr_c.a(fflush.o)
 .comment       0x0000000000000049       0x4a /usr/local/mcuxpressoide-11.7.0_9198/ide/plugins/com.nxp.mcuxpresso.tools.linux_11.7.0.202209140929/tools/bin/../lib/gcc/arm-none-eabi/10.3.1/../../../../arm-none-eabi/lib/thumb/v6-m/nofp/libcr_c.a(fseek.o)
 .comment       0x0000000000000049       0x4a /usr/local/mcuxpressoide-11.7.0_9198/ide/plugins/com.nxp.mcuxpresso.tools.linux_11.7.0.202209140929/tools/bin/../lib/gcc/arm-none-eabi/10.3.1/../../../../arm-none-eabi/lib/thumb/v6-m/nofp/libcr_c.a(ftell.o)
 .comment       0x0000000000000049       0x4a /usr/local/mcuxpressoide-11.7.0_9198/ide/plugins/com.nxp.mcuxpresso.tools.linux_11.7.0.202209140929/tools/bin/../lib/gcc/arm-none-eabi/10.3.1/../../../../arm-none-eabi/lib/thumb/v6-m/nofp/libcr_c.a(remove.o)
 .comment       0x0000000000000049       0x4a /usr/local/mcuxpressoide-11.7.0_9198/ide/plugins/com.nxp.mcuxpresso.tools.linux_11.7.0.202209140929/tools/bin/../lib/gcc/arm-none-eabi/10.3.1/../../../../arm-none-eabi/lib/thumb/v6-m/nofp/libcr_c.a(_do_fflush.o)
 .comment       0x0000000000000049       0x4a /usr/local/mcuxpressoide-11.7.0_9198/ide/plugins/com.nxp.mcuxpresso.tools.linux_11.7.0.202209140929/tools/bin/../lib/gcc/arm-none-eabi/10.3.1/../../../../arm-none-eabi/lib/thumb/v6-m/nofp/libcr_c.a(errno.o)
 .comment       0x0000000000000049       0x4a /usr/local/mcuxpressoide-11.7.0_9198/ide/plugins/com.nxp.mcuxpresso.tools.linux_11.7.0.202209140929/tools/bin/../lib/gcc/arm-none-eabi/10.3.1/../../../../arm-none-eabi/lib/thumb/v6-m/nofp/libcr_nohost_nf.a(__ciob.o)
 .comment       0x0000000000000049       0x4a /usr/local/mcuxpressoide-11.7.0_9198/ide/plugins/com.nxp.mcuxpresso.tools.linux_11.7.0.202209140929/tools/bin/../lib/gcc/arm-none-eabi/10.3.1/../../../../arm-none-eabi/lib/thumb/v6-m/nofp/libcr_nohost_nf.a(__sys_close.o)
 .comment       0x0000000000000049       0x4a /usr/local/mcuxpressoide-11.7.0_9198/ide/plugins/com.nxp.mcuxpresso.tools.linux_11.7.0.202209140929/tools/bin/../lib/gcc/arm-none-eabi/10.3.1/../../../../arm-none-eabi/lib/thumb/v6-m/nofp/libcr_nohost_nf.a(__sys_flen.o)
 .comment       0x0000000000000049       0x4a /usr/local/mcuxpressoide-11.7.0_9198/ide/plugins/com.nxp.mcuxpresso.tools.linux_11.7.0.202209140929/tools/bin/../lib/gcc/arm-none-eabi/10.3.1/../../../../arm-none-eabi/lib/thumb/v6-m/nofp/libcr_nohost_nf.a(__sys_istty.o)
 .comment       0x0000000000000049       0x4a /usr/local/mcuxpressoide-11.7.0_9198/ide/plugins/com.nxp.mcuxpresso.tools.linux_11.7.0.202209140929/tools/bin/../lib/gcc/arm-none-eabi/10.3.1/../../../../arm-none-eabi/lib/thumb/v6-m/nofp/libcr_nohost_nf.a(__sys_remove.o)
 .comment       0x0000000000000049       0x4a /usr/local/mcuxpressoide-11.7.0_9198/ide/plugins/com.nxp.mcuxpresso.tools.linux_11.7.0.202209140929/tools/bin/../lib/gcc/arm-none-eabi/10.3.1/../../../../arm-none-eabi/lib/thumb/v6-m/nofp/libcr_nohost_nf.a(__sys_seek.o)
 .comment       0x0000000000000049       0x4a /usr/local/mcuxpressoide-11.7.0_9198/ide/plugins/com.nxp.mcuxpresso.tools.linux_11.7.0.202209140929/tools/bin/../lib/gcc/arm-none-eabi/10.3.1/../../../../arm-none-eabi/lib/thumb/v6-m/nofp/libcr_nohost_nf.a(__sys_tmpnam.o)
 .comment       0x0000000000000049       0x4a /usr/local/mcuxpressoide-11.7.0_9198/ide/plugins/com.nxp.mcuxpresso.tools.linux_11.7.0.202209140929/tools/bin/../lib/gcc/arm-none-eabi/10.3.1/../../../../arm-none-eabi/lib/thumb/v6-m/nofp/libcr_nohost_nf.a(__sys_write.o)

.ARM.attributes
                0x0000000000000000       0x2a
 .ARM.attributes
                0x0000000000000000       0x2c ./utilities/fsl_debug_console.o
 .ARM.attributes
                0x000000000000002c       0x2c ./startup/startup_mkl25z4.o
 .ARM.attributes
                0x0000000000000058       0x2c ./source_rtos/FreeRTOS/portable/MemMang/heap_4.o
 .ARM.attributes
                0x0000000000000084       0x2c ./source_rtos/FreeRTOS/portable/GCC/ARM_CM0/port.o
 .ARM.attributes
                0x00000000000000b0       0x2c ./source_rtos/FreeRTOS/list.o
 .ARM.attributes
                0x00000000000000dc       0x2c ./source_rtos/FreeRTOS/queue.o
 .ARM.attributes
                0x0000000000000108       0x2c ./source_rtos/FreeRTOS/tasks.o
 .ARM.attributes
                0x0000000000000134       0x2c ./source_rtos/FreeRTOS/timers.o
 .ARM.attributes
                0x0000000000000160       0x2c ./source/00-freertos_kl25z.o
 .ARM.attributes
                0x000000000000018c       0x2c ./source/mtb.o
 .ARM.attributes
                0x00000000000001b8       0x2c ./source/semihost_hardfault.o
 .ARM.attributes
                0x00000000000001e4       0x2c ./drivers/fsl_clock.o
 .ARM.attributes
                0x0000000000000210       0x2c ./drivers/fsl_common.o
 .ARM.attributes
                0x000000000000023c       0x2c ./drivers/fsl_lpsci.o
 .ARM.attributes
                0x0000000000000268       0x2c ./drivers/fsl_uart.o
 .ARM.attributes
                0x0000000000000294       0x2c ./board/board.o
 .ARM.attributes
                0x00000000000002c0       0x2c ./board/clock_config.o
 .ARM.attributes
                0x00000000000002ec       0x2c ./board/peripherals.o
 .ARM.attributes
                0x0000000000000318       0x2c ./board/pin_mux.o
 .ARM.attributes
                0x0000000000000344       0x2c ./CMSIS/system_MKL25Z4.o
 .ARM.attributes
                0x0000000000000370       0x2c /usr/local/mcuxpressoide-11.7.0_9198/ide/plugins/com.nxp.mcuxpresso.tools.linux_11.7.0.202209140929/tools/bin/../lib/gcc/arm-none-eabi/10.3.1/../../../../arm-none-eabi/lib/thumb/v6-m/nofp/libcr_nohost_nf.a(_cr__main.o)
 .ARM.attributes
                0x000000000000039c       0x2c /usr/local/mcuxpressoide-11.7.0_9198/ide/plugins/com.nxp.mcuxpresso.tools.linux_11.7.0.202209140929/tools/bin/../lib/gcc/arm-none-eabi/10.3.1/../../../../arm-none-eabi/lib/thumb/v6-m/nofp/libcr_c.a(memcpy.o)
 .ARM.attributes
                0x00000000000003c8       0x2c /usr/local/mcuxpressoide-11.7.0_9198/ide/plugins/com.nxp.mcuxpresso.tools.linux_11.7.0.202209140929/tools/bin/../lib/gcc/arm-none-eabi/10.3.1/../../../../arm-none-eabi/lib/thumb/v6-m/nofp/libcr_c.a(memset.o)
 .ARM.attributes
                0x00000000000003f4       0x2c /usr/local/mcuxpressoide-11.7.0_9198/ide/plugins/com.nxp.mcuxpresso.tools.linux_11.7.0.202209140929/tools/bin/../lib/gcc/arm-none-eabi/10.3.1/../../../../arm-none-eabi/lib/thumb/v6-m/nofp/libcr_c.a(initio.o)
 .ARM.attributes
                0x0000000000000420       0x2c /usr/local/mcuxpressoide-11.7.0_9198/ide/plugins/com.nxp.mcuxpresso.tools.linux_11.7.0.202209140929/tools/bin/../lib/gcc/arm-none-eabi/10.3.1/../../../../arm-none-eabi/lib/thumb/v6-m/nofp/libcr_c.a(setvbuf.o)
 .ARM.attributes
                0x000000000000044c       0x2c /usr/local/mcuxpressoide-11.7.0_9198/ide/plugins/com.nxp.mcuxpresso.tools.linux_11.7.0.202209140929/tools/bin/../lib/gcc/arm-none-eabi/10.3.1/../../../../arm-none-eabi/lib/thumb/v6-m/nofp/libcr_c.a(strlen.o)
 .ARM.attributes
                0x0000000000000478       0x2c /usr/local/mcuxpressoide-11.7.0_9198/ide/plugins/com.nxp.mcuxpresso.tools.linux_11.7.0.202209140929/tools/bin/../lib/gcc/arm-none-eabi/10.3.1/../../../../arm-none-eabi/lib/thumb/v6-m/nofp/libcr_c.a(_deferredlazyseek.o)
 .ARM.attributes
                0x00000000000004a4       0x2c /usr/local/mcuxpressoide-11.7.0_9198/ide/plugins/com.nxp.mcuxpresso.tools.linux_11.7.0.202209140929/tools/bin/../lib/gcc/arm-none-eabi/10.3.1/../../../../arm-none-eabi/lib/thumb/v6-m/nofp/libcr_c.a(_fdopen.o)
 .ARM.attributes
                0x00000000000004d0       0x2c /usr/local/mcuxpressoide-11.7.0_9198/ide/plugins/com.nxp.mcuxpresso.tools.linux_11.7.0.202209140929/tools/bin/../lib/gcc/arm-none-eabi/10.3.1/../../../../arm-none-eabi/lib/thumb/v6-m/nofp/libcr_c.a(_fflush.o)
 .ARM.attributes
                0x00000000000004fc       0x2c /usr/local/mcuxpressoide-11.7.0_9198/ide/plugins/com.nxp.mcuxpresso.tools.linux_11.7.0.202209140929/tools/bin/../lib/gcc/arm-none-eabi/10.3.1/../../../../arm-none-eabi/lib/thumb/v6-m/nofp/libcr_c.a(_writebuf.o)
 .ARM.attributes
                0x0000000000000528       0x2c /usr/local/mcuxpressoide-11.7.0_9198/ide/plugins/com.nxp.mcuxpresso.tools.linux_11.7.0.202209140929/tools/bin/../lib/gcc/arm-none-eabi/10.3.1/../../../../arm-none-eabi/lib/thumb/v6-m/nofp/libcr_c.a(alloc.o)
 .ARM.attributes
                0x0000000000000554       0x2c /usr/local/mcuxpressoide-11.7.0_9198/ide/plugins/com.nxp.mcuxpresso.tools.linux_11.7.0.202209140929/tools/bin/../lib/gcc/arm-none-eabi/10.3.1/../../../../arm-none-eabi/lib/thumb/v6-m/nofp/libcr_c.a(fclose.o)
 .ARM.attributes
                0x0000000000000580       0x2c /usr/local/mcuxpressoide-11.7.0_9198/ide/plugins/com.nxp.mcuxpresso.tools.linux_11.7.0.202209140929/tools/bin/../lib/gcc/arm-none-eabi/10.3.1/../../../../arm-none-eabi/lib/thumb/v6-m/nofp/libcr_c.a(fflush.o)
 .ARM.attributes
                0x00000000000005ac       0x2c /usr/local/mcuxpressoide-11.7.0_9198/ide/plugins/com.nxp.mcuxpresso.tools.linux_11.7.0.202209140929/tools/bin/../lib/gcc/arm-none-eabi/10.3.1/../../../../arm-none-eabi/lib/thumb/v6-m/nofp/libcr_c.a(fseek.o)
 .ARM.attributes
                0x00000000000005d8       0x2c /usr/local/mcuxpressoide-11.7.0_9198/ide/plugins/com.nxp.mcuxpresso.tools.linux_11.7.0.202209140929/tools/bin/../lib/gcc/arm-none-eabi/10.3.1/../../../../arm-none-eabi/lib/thumb/v6-m/nofp/libcr_c.a(ftell.o)
 .ARM.attributes
                0x0000000000000604       0x2c /usr/local/mcuxpressoide-11.7.0_9198/ide/plugins/com.nxp.mcuxpresso.tools.linux_11.7.0.202209140929/tools/bin/../lib/gcc/arm-none-eabi/10.3.1/../../../../arm-none-eabi/lib/thumb/v6-m/nofp/libcr_c.a(remove.o)
 .ARM.attributes
                0x0000000000000630       0x2c /usr/local/mcuxpressoide-11.7.0_9198/ide/plugins/com.nxp.mcuxpresso.tools.linux_11.7.0.202209140929/tools/bin/../lib/gcc/arm-none-eabi/10.3.1/../../../../arm-none-eabi/lib/thumb/v6-m/nofp/libcr_c.a(_do_fflush.o)
 .ARM.attributes
                0x000000000000065c       0x2c /usr/local/mcuxpressoide-11.7.0_9198/ide/plugins/com.nxp.mcuxpresso.tools.linux_11.7.0.202209140929/tools/bin/../lib/gcc/arm-none-eabi/10.3.1/../../../../arm-none-eabi/lib/thumb/v6-m/nofp/libcr_c.a(errno.o)
 .ARM.attributes
                0x0000000000000688       0x1c /usr/local/mcuxpressoide-11.7.0_9198/ide/plugins/com.nxp.mcuxpresso.tools.linux_11.7.0.202209140929/tools/bin/../lib/gcc/arm-none-eabi/10.3.1/thumb/v6-m/nofp/libcr_eabihelpers.a(division_32.o)
 .ARM.attributes
                0x00000000000006a4       0x1c /usr/local/mcuxpressoide-11.7.0_9198/ide/plugins/com.nxp.mcuxpresso.tools.linux_11.7.0.202209140929/tools/bin/../lib/gcc/arm-none-eabi/10.3.1/thumb/v6-m/nofp/libcr_eabihelpers.a(division_idiv0.o)
 .ARM.attributes
                0x00000000000006c0       0x1c /usr/local/mcuxpressoide-11.7.0_9198/ide/plugins/com.nxp.mcuxpresso.tools.linux_11.7.0.202209140929/tools/bin/../lib/gcc/arm-none-eabi/10.3.1/thumb/v6-m/nofp/libcr_eabihelpers.a(memcpy.o)
 .ARM.attributes
                0x00000000000006dc       0x2c /usr/local/mcuxpressoide-11.7.0_9198/ide/plugins/com.nxp.mcuxpresso.tools.linux_11.7.0.202209140929/tools/bin/../lib/gcc/arm-none-eabi/10.3.1/../../../../arm-none-eabi/lib/thumb/v6-m/nofp/libcr_nohost_nf.a(__ciob.o)
 .ARM.attributes
                0x0000000000000708       0x2c /usr/local/mcuxpressoide-11.7.0_9198/ide/plugins/com.nxp.mcuxpresso.tools.linux_11.7.0.202209140929/tools/bin/../lib/gcc/arm-none-eabi/10.3.1/../../../../arm-none-eabi/lib/thumb/v6-m/nofp/libcr_nohost_nf.a(__sys_close.o)
 .ARM.attributes
                0x0000000000000734       0x2c /usr/local/mcuxpressoide-11.7.0_9198/ide/plugins/com.nxp.mcuxpresso.tools.linux_11.7.0.202209140929/tools/bin/../lib/gcc/arm-none-eabi/10.3.1/../../../../arm-none-eabi/lib/thumb/v6-m/nofp/libcr_nohost_nf.a(__sys_flen.o)
 .ARM.attributes
                0x0000000000000760       0x2c /usr/local/mcuxpressoide-11.7.0_9198/ide/plugins/com.nxp.mcuxpresso.tools.linux_11.7.0.202209140929/tools/bin/../lib/gcc/arm-none-eabi/10.3.1/../../../../arm-none-eabi/lib/thumb/v6-m/nofp/libcr_nohost_nf.a(__sys_istty.o)
 .ARM.attributes
                0x000000000000078c       0x2c /usr/local/mcuxpressoide-11.7.0_9198/ide/plugins/com.nxp.mcuxpresso.tools.linux_11.7.0.202209140929/tools/bin/../lib/gcc/arm-none-eabi/10.3.1/../../../../arm-none-eabi/lib/thumb/v6-m/nofp/libcr_nohost_nf.a(__sys_remove.o)
 .ARM.attributes
                0x00000000000007b8       0x2c /usr/local/mcuxpressoide-11.7.0_9198/ide/plugins/com.nxp.mcuxpresso.tools.linux_11.7.0.202209140929/tools/bin/../lib/gcc/arm-none-eabi/10.3.1/../../../../arm-none-eabi/lib/thumb/v6-m/nofp/libcr_nohost_nf.a(__sys_seek.o)
 .ARM.attributes
                0x00000000000007e4       0x2c /usr/local/mcuxpressoide-11.7.0_9198/ide/plugins/com.nxp.mcuxpresso.tools.linux_11.7.0.202209140929/tools/bin/../lib/gcc/arm-none-eabi/10.3.1/../../../../arm-none-eabi/lib/thumb/v6-m/nofp/libcr_nohost_nf.a(__sys_tmpnam.o)
 .ARM.attributes
                0x0000000000000810       0x2c /usr/local/mcuxpressoide-11.7.0_9198/ide/plugins/com.nxp.mcuxpresso.tools.linux_11.7.0.202209140929/tools/bin/../lib/gcc/arm-none-eabi/10.3.1/../../../../arm-none-eabi/lib/thumb/v6-m/nofp/libcr_nohost_nf.a(__sys_write.o)

.debug_frame    0x0000000000000000     0x2ae4
 .debug_frame   0x0000000000000000      0x1f0 ./utilities/fsl_debug_console.o
 .debug_frame   0x00000000000001f0      0x3b0 ./startup/startup_mkl25z4.o
 .debug_frame   0x00000000000005a0      0x104 ./source_rtos/FreeRTOS/portable/MemMang/heap_4.o
 .debug_frame   0x00000000000006a4      0x174 ./source_rtos/FreeRTOS/portable/GCC/ARM_CM0/port.o
 .debug_frame   0x0000000000000818       0xb0 ./source_rtos/FreeRTOS/list.o
 .debug_frame   0x00000000000008c8      0x470 ./source_rtos/FreeRTOS/queue.o
 .debug_frame   0x0000000000000d38      0x7c0 ./source_rtos/FreeRTOS/tasks.o
 .debug_frame   0x00000000000014f8      0x308 ./source_rtos/FreeRTOS/timers.o
 .debug_frame   0x0000000000001800       0x8c ./source/00-freertos_kl25z.o
 .debug_frame   0x000000000000188c       0x20 ./source/semihost_hardfault.o
 .debug_frame   0x00000000000018ac      0x6e0 ./drivers/fsl_clock.o
 .debug_frame   0x0000000000001f8c       0x90 ./drivers/fsl_common.o
 .debug_frame   0x000000000000201c      0x414 ./drivers/fsl_lpsci.o
 .debug_frame   0x0000000000002430      0x464 ./drivers/fsl_uart.o
 .debug_frame   0x0000000000002894       0x50 ./board/board.o
 .debug_frame   0x00000000000028e4      0x100 ./board/clock_config.o
 .debug_frame   0x00000000000029e4       0x2c ./board/peripherals.o
 .debug_frame   0x0000000000002a10       0x88 ./board/pin_mux.o
 .debug_frame   0x0000000000002a98       0x4c ./CMSIS/system_MKL25Z4.o

Cross Reference Table

Symbol                                            File
ADC0_DriverIRQHandler                             ./startup/startup_mkl25z4.o
ADC0_IRQHandler                                   ./startup/startup_mkl25z4.o
BOARD_BootClockRUN                                ./board/clock_config.o
BOARD_BootClockVLPR                               ./board/clock_config.o
BOARD_InitBootClocks                              ./board/clock_config.o
                                                  ./source/00-freertos_kl25z.o
BOARD_InitBootPeripherals                         ./board/peripherals.o
                                                  ./source/00-freertos_kl25z.o
BOARD_InitBootPins                                ./board/pin_mux.o
                                                  ./source/00-freertos_kl25z.o
BOARD_InitDebugConsole                            ./board/board.o
                                                  ./source/00-freertos_kl25z.o
BOARD_InitPins                                    ./board/pin_mux.o
CLOCK_BootToBlpeMode                              ./drivers/fsl_clock.o
CLOCK_BootToBlpiMode                              ./drivers/fsl_clock.o
                                                  ./board/clock_config.o
CLOCK_BootToFeeMode                               ./drivers/fsl_clock.o
CLOCK_BootToFeiMode                               ./drivers/fsl_clock.o
CLOCK_BootToPeeMode                               ./drivers/fsl_clock.o
                                                  ./board/clock_config.o
CLOCK_CalcPllDiv                                  ./drivers/fsl_clock.o
CLOCK_ClearStatusFlags                            ./drivers/fsl_clock.o
CLOCK_DeinitOsc0                                  ./drivers/fsl_clock.o
CLOCK_EnablePll0                                  ./drivers/fsl_clock.o
CLOCK_EnableUsbfs0Clock                           ./drivers/fsl_clock.o
CLOCK_ExternalModeToFbeModeQuick                  ./drivers/fsl_clock.o
CLOCK_FllStableDelay                              ./drivers/fsl_clock.o
CLOCK_GetBusClkFreq                               ./drivers/fsl_clock.o
CLOCK_GetCoreSysClkFreq                           ./drivers/fsl_clock.o
CLOCK_GetEr32kClkFreq                             ./drivers/fsl_clock.o
CLOCK_GetFixedFreqClkFreq                         ./drivers/fsl_clock.o
CLOCK_GetFlashClkFreq                             ./drivers/fsl_clock.o
CLOCK_GetFllFreq                                  ./drivers/fsl_clock.o
CLOCK_GetFreq                                     ./drivers/fsl_clock.o
CLOCK_GetInternalRefClkFreq                       ./drivers/fsl_clock.o
CLOCK_GetMode                                     ./drivers/fsl_clock.o
CLOCK_GetOsc0ErClkFreq                            ./drivers/fsl_clock.o
CLOCK_GetOutClkFreq                               ./drivers/fsl_clock.o
CLOCK_GetPlatClkFreq                              ./drivers/fsl_clock.o
CLOCK_GetPll0Freq                                 ./drivers/fsl_clock.o
CLOCK_GetPllFllSelClkFreq                         ./drivers/fsl_clock.o
                                                  ./board/board.o
CLOCK_GetStatusFlags                              ./drivers/fsl_clock.o
CLOCK_InitOsc0                                    ./drivers/fsl_clock.o
                                                  ./board/clock_config.o
CLOCK_InternalModeToFbiModeQuick                  ./drivers/fsl_clock.o
CLOCK_SetBlpeMode                                 ./drivers/fsl_clock.o
CLOCK_SetBlpiMode                                 ./drivers/fsl_clock.o
CLOCK_SetExternalRefClkConfig                     ./drivers/fsl_clock.o
CLOCK_SetFbeMode                                  ./drivers/fsl_clock.o
CLOCK_SetFbiMode                                  ./drivers/fsl_clock.o
CLOCK_SetFeeMode                                  ./drivers/fsl_clock.o
CLOCK_SetFeiMode                                  ./drivers/fsl_clock.o
CLOCK_SetInternalRefClkConfig                     ./drivers/fsl_clock.o
                                                  ./board/clock_config.o
CLOCK_SetMcgConfig                                ./drivers/fsl_clock.o
CLOCK_SetOsc0MonitorMode                          ./drivers/fsl_clock.o
CLOCK_SetPbeMode                                  ./drivers/fsl_clock.o
CLOCK_SetPeeMode                                  ./drivers/fsl_clock.o
CLOCK_SetPll0MonitorMode                          ./drivers/fsl_clock.o
CLOCK_SetSimConfig                                ./drivers/fsl_clock.o
                                                  ./board/clock_config.o
CLOCK_TrimInternalRefClk                          ./drivers/fsl_clock.o
CMP0_DriverIRQHandler                             ./startup/startup_mkl25z4.o
CMP0_IRQHandler                                   ./startup/startup_mkl25z4.o
DAC0_DriverIRQHandler                             ./startup/startup_mkl25z4.o
DAC0_IRQHandler                                   ./startup/startup_mkl25z4.o
DMA0_DriverIRQHandler                             ./startup/startup_mkl25z4.o