Archive member included to satisfy reference by file (symbol)

/usr/local/mcuxpressoide-11.7.0_9198/ide/plugins/com.nxp.mcuxpresso.tools.linux_11.7.0.202209140929/tools/bin/../lib/gcc/arm-none-eabi/10.3.1/../../../../arm-none-eabi/lib/thumb/v6-m/nofp/libcr_semihost_nf.a(_cr__main.o)
                              ./startup/startup_mkl25z4.o (__main)
/usr/local/mcuxpressoide-11.7.0_9198/ide/plugins/com.nxp.mcuxpresso.tools.linux_11.7.0.202209140929/tools/bin/../lib/gcc/arm-none-eabi/10.3.1/../../../../arm-none-eabi/lib/thumb/v6-m/nofp/libcr_semihost_nf.a(_cr_assert.o)
                              ./drivers/fsl_clock.o (__assertion_failed)
/usr/local/mcuxpressoide-11.7.0_9198/ide/plugins/com.nxp.mcuxpresso.tools.linux_11.7.0.202209140929/tools/bin/../lib/gcc/arm-none-eabi/10.3.1/../../../../arm-none-eabi/lib/thumb/v6-m/nofp/libcr_semihost_nf.a(__ciob.o)
                              /usr/local/mcuxpressoide-11.7.0_9198/ide/plugins/com.nxp.mcuxpresso.tools.linux_11.7.0.202209140929/tools/bin/../lib/gcc/arm-none-eabi/10.3.1/../../../../arm-none-eabi/lib/thumb/v6-m/nofp/libcr_semihost_nf.a(_cr_assert.o) (__Ciob)
/usr/local/mcuxpressoide-11.7.0_9198/ide/plugins/com.nxp.mcuxpresso.tools.linux_11.7.0.202209140929/tools/bin/../lib/gcc/arm-none-eabi/10.3.1/../../../../arm-none-eabi/lib/thumb/v6-m/nofp/libcr_semihost_nf.a(__sys_appexit.o)
                              /usr/local/mcuxpressoide-11.7.0_9198/ide/plugins/com.nxp.mcuxpresso.tools.linux_11.7.0.202209140929/tools/bin/../lib/gcc/arm-none-eabi/10.3.1/../../../../arm-none-eabi/lib/thumb/v6-m/nofp/libcr_semihost_nf.a(_cr_assert.o) (__sys_appexit)
/usr/local/mcuxpressoide-11.7.0_9198/ide/plugins/com.nxp.mcuxpresso.tools.linux_11.7.0.202209140929/tools/bin/../lib/gcc/arm-none-eabi/10.3.1/../../../../arm-none-eabi/lib/thumb/v6-m/nofp/libcr_c.a(memcpy.o)
                              ./drivers/fsl_flash.o (memcpy)
/usr/local/mcuxpressoide-11.7.0_9198/ide/plugins/com.nxp.mcuxpresso.tools.linux_11.7.0.202209140929/tools/bin/../lib/gcc/arm-none-eabi/10.3.1/../../../../arm-none-eabi/lib/thumb/v6-m/nofp/libcr_c.a(memset.o)
                              ./drivers/fsl_flash.o (memset)
/usr/local/mcuxpressoide-11.7.0_9198/ide/plugins/com.nxp.mcuxpresso.tools.linux_11.7.0.202209140929/tools/bin/../lib/gcc/arm-none-eabi/10.3.1/../../../../arm-none-eabi/lib/thumb/v6-m/nofp/libcr_c.a(_deferredlazyseek.o)
                              /usr/local/mcuxpressoide-11.7.0_9198/ide/plugins/com.nxp.mcuxpresso.tools.linux_11.7.0.202209140929/tools/bin/../lib/gcc/arm-none-eabi/10.3.1/../../../../arm-none-eabi/lib/thumb/v6-m/nofp/libcr_semihost_nf.a(_cr_assert.o) (__flsbuf)
/usr/local/mcuxpressoide-11.7.0_9198/ide/plugins/com.nxp.mcuxpresso.tools.linux_11.7.0.202209140929/tools/bin/../lib/gcc/arm-none-eabi/10.3.1/../../../../arm-none-eabi/lib/thumb/v6-m/nofp/libcr_c.a(_fflush.o)
                              /usr/local/mcuxpressoide-11.7.0_9198/ide/plugins/com.nxp.mcuxpresso.tools.linux_11.7.0.202209140929/tools/bin/../lib/gcc/arm-none-eabi/10.3.1/../../../../arm-none-eabi/lib/thumb/v6-m/nofp/libcr_c.a(_deferredlazyseek.o) (_fflush)
/usr/local/mcuxpressoide-11.7.0_9198/ide/plugins/com.nxp.mcuxpresso.tools.linux_11.7.0.202209140929/tools/bin/../lib/gcc/arm-none-eabi/10.3.1/../../../../arm-none-eabi/lib/thumb/v6-m/nofp/libcr_c.a(_writebuf.o)
                              /usr/local/mcuxpressoide-11.7.0_9198/ide/plugins/com.nxp.mcuxpresso.tools.linux_11.7.0.202209140929/tools/bin/../lib/gcc/arm-none-eabi/10.3.1/../../../../arm-none-eabi/lib/thumb/v6-m/nofp/libcr_c.a(_deferredlazyseek.o) (_Cwritebuf)
/usr/local/mcuxpressoide-11.7.0_9198/ide/plugins/com.nxp.mcuxpresso.tools.linux_11.7.0.202209140929/tools/bin/../lib/gcc/arm-none-eabi/10.3.1/../../../../arm-none-eabi/lib/thumb/v6-m/nofp/libcr_c.a(alloc.o)
                              /usr/local/mcuxpressoide-11.7.0_9198/ide/plugins/com.nxp.mcuxpresso.tools.linux_11.7.0.202209140929/tools/bin/../lib/gcc/arm-none-eabi/10.3.1/../../../../arm-none-eabi/lib/thumb/v6-m/nofp/libcr_c.a(_deferredlazyseek.o) (_Csys_alloc)
/usr/local/mcuxpressoide-11.7.0_9198/ide/plugins/com.nxp.mcuxpresso.tools.linux_11.7.0.202209140929/tools/bin/../lib/gcc/arm-none-eabi/10.3.1/../../../../arm-none-eabi/lib/thumb/v6-m/nofp/libcr_c.a(fputs.o)
                              /usr/local/mcuxpressoide-11.7.0_9198/ide/plugins/com.nxp.mcuxpresso.tools.linux_11.7.0.202209140929/tools/bin/../lib/gcc/arm-none-eabi/10.3.1/../../../../arm-none-eabi/lib/thumb/v6-m/nofp/libcr_semihost_nf.a(_cr_assert.o) (fputs)
/usr/local/mcuxpressoide-11.7.0_9198/ide/plugins/com.nxp.mcuxpresso.tools.linux_11.7.0.202209140929/tools/bin/../lib/gcc/arm-none-eabi/10.3.1/../../../../arm-none-eabi/lib/thumb/v6-m/nofp/libcr_c.a(fseek.o)
                              /usr/local/mcuxpressoide-11.7.0_9198/ide/plugins/com.nxp.mcuxpresso.tools.linux_11.7.0.202209140929/tools/bin/../lib/gcc/arm-none-eabi/10.3.1/../../../../arm-none-eabi/lib/thumb/v6-m/nofp/libcr_c.a(_deferredlazyseek.o) (fseek)
[...]
Memory Configuration

Name             Origin             Length             Attributes
PROGRAM_FLASH    0x0000000000000000 0x0000000000020000 xr
SRAM             0x000000001ffff000 0x0000000000004000 xrw
*default*        0x0000000000000000 0xffffffffffffffff

Linker script and memory map

LOAD ./utilities/fsl_debug_console.o
LOAD ./startup/startup_mkl25z4.o
LOAD ./source/01-pratica-pwm.o
LOAD ./source/mtb.o
LOAD ./source/semihost_hardfault.o
LOAD ./drivers/fsl_clock.o
LOAD ./drivers/fsl_common.o
LOAD ./drivers/fsl_flash.o
LOAD ./drivers/fsl_gpio.o
LOAD ./drivers/fsl_lpsci.o
LOAD ./drivers/fsl_smc.o
LOAD ./drivers/fsl_uart.o
LOAD ./board/board.o
LOAD ./board/clock_config.o
LOAD ./board/peripherals.o
LOAD ./board/pin_mux.o
LOAD ./CMSIS/system_MKL25Z4.o
START GROUP
LOAD /usr/local/mcuxpressoide-11.7.0_9198/ide/plugins/com.nxp.mcuxpresso.tools.linux_11.7.0.202209140929/tools/bin/../lib/gcc/arm-none-eabi/10.3.1/../../../../arm-none-eabi/lib/thumb/v6-m/nofp/libcr_semihost_nf.a
LOAD /usr/local/mcuxpressoide-11.7.0_9198/ide/plugins/com.nxp.mcuxpresso.tools.linux_11.7.0.202209140929/tools/bin/../lib/gcc/arm-none-eabi/10.3.1/../../../../arm-none-eabi/lib/thumb/v6-m/nofp/libcr_c.a
LOAD /usr/local/mcuxpressoide-11.7.0_9198/ide/plugins/com.nxp.mcuxpresso.tools.linux_11.7.0.202209140929/tools/bin/../lib/gcc/arm-none-eabi/10.3.1/thumb/v6-m/nofp/libcr_eabihelpers.a
LOAD /usr/local/mcuxpressoide-11.7.0_9198/ide/plugins/com.nxp.mcuxpresso.tools.linux_11.7.0.202209140929/tools/bin/../lib/gcc/arm-none-eabi/10.3.1/thumb/v6-m/nofp/libgcc.a
END GROUP
                0x0000000000000000                __base_PROGRAM_FLASH = 0x0
                0x0000000000000000                __base_Flash = 0x0
                0x0000000000020000                __top_PROGRAM_FLASH = 0x20000
                0x0000000000020000                __top_Flash = 0x20000
                0x000000001ffff000                __base_SRAM = 0x1ffff000
                0x000000001ffff000                __base_RAM = 0x1ffff000
                0x0000000020003000                __top_SRAM = 0x20003000
                0x0000000020003000                __top_RAM = 0x20003000

.text           0x0000000000000000     0x2da0
 FILL mask 0xff
                0x0000000000000000                __vectors_start__ = ABSOLUTE (.)
 *(SORT_BY_ALIGNMENT(.isr_vector))
 .isr_vector    0x0000000000000000       0xc0 ./startup/startup_mkl25z4.o
                0x0000000000000000                __Vectors
                0x0000000000000000                g_pfnVectors
                0x00000000000000c0                . = ALIGN (0x4)
                0x00000000000000c0                __section_table_start = .
                0x00000000000000c0                __data_section_table = .
                0x00000000000000c0        0x4 LONG 0x2da0 LOADADDR (.data)
                0x00000000000000c4        0x4 LONG 0x1ffff080 ADDR (.data)
                0x00000000000000c8        0x4 LONG 0x8 SIZEOF (.data)
                0x00000000000000cc                __data_section_table_end = .
                0x00000000000000cc                __bss_section_table = .
                0x00000000000000cc        0x4 LONG 0x1ffff088 ADDR (.bss)
                0x00000000000000d0        0x4 LONG 0xec SIZEOF (.bss)
                0x00000000000000d4                __bss_section_table_end = .
                0x00000000000000d4                __section_table_end = .
 *(SORT_BY_ALIGNMENT(.after_vectors*))
 .after_vectors.reset
                0x00000000000000d4       0x4c ./startup/startup_mkl25z4.o
                0x00000000000000d4                ResetISR
 .after_vectors.init_data
                0x0000000000000120       0x12 ./startup/startup_mkl25z4.o
                0x0000000000000120                data_init
 .after_vectors.init_bss
                0x0000000000000132       0x10 ./startup/startup_mkl25z4.o
                0x0000000000000132                bss_init
 .after_vectors
                0x0000000000000142      0x10c ./startup/startup_mkl25z4.o
                0x0000000000000142                NMI_Handler
                0x0000000000000146                SVC_Handler
                0x0000000000000148                PendSV_Handler
                0x000000000000014a                SysTick_Handler
                0x000000000000014c                PIT_DriverIRQHandler
                0x000000000000014c                Reserved39_DriverIRQHandler
                0x000000000000014c                DMA0_DriverIRQHandler
                0x000000000000014c                SPI1_DriverIRQHandler
                0x000000000000014c                LPTMR0_DriverIRQHandler
                0x000000000000014c                TPM2_DriverIRQHandler
                0x000000000000014c                TSI0_DriverIRQHandler
                0x000000000000014c                RTC_Seconds_DriverIRQHandler
                0x000000000000014c                LLWU_DriverIRQHandler
                0x000000000000014c                MCG_DriverIRQHandler
                0x000000000000014c                FTFA_DriverIRQHandler
                0x000000000000014c                IntDefaultHandler
                0x000000000000014c                USB0_DriverIRQHandler
                0x000000000000014c                DAC0_DriverIRQHandler
                0x000000000000014c                LVD_LVW_DriverIRQHandler
                0x000000000000014c                TPM0_DriverIRQHandler
                0x000000000000014c                Reserved20_DriverIRQHandler
                0x000000000000014c                DMA3_DriverIRQHandler
                0x000000000000014c                Reserved45_DriverIRQHandler
                0x000000000000014c                PORTA_DriverIRQHandler
                0x000000000000014c                TPM1_DriverIRQHandler
                0x000000000000014c                RTC_DriverIRQHandler
                0x000000000000014c                DMA1_DriverIRQHandler
                0x000000000000014c                I2C1_DriverIRQHandler
                0x000000000000014c                SPI0_DriverIRQHandler
                0x000000000000014c                ADC0_DriverIRQHandler
                0x000000000000014c                CMP0_DriverIRQHandler
                0x000000000000014c                DMA2_DriverIRQHandler
                0x000000000000014c                PORTD_DriverIRQHandler
                0x000000000000014c                I2C0_DriverIRQHandler
                0x000000000000014e                DMA0_IRQHandler
                0x0000000000000156                DMA1_IRQHandler
                0x000000000000015e                DMA2_IRQHandler
                0x0000000000000166                DMA3_IRQHandler
                0x000000000000016e                Reserved20_IRQHandler
                0x0000000000000176                FTFA_IRQHandler
                0x000000000000017e                LVD_LVW_IRQHandler
                0x0000000000000186                LLWU_IRQHandler
                0x000000000000018e                I2C0_IRQHandler
                0x0000000000000196                I2C1_IRQHandler
                0x000000000000019e                SPI0_IRQHandler
                0x00000000000001a6                SPI1_IRQHandler
                0x00000000000001ae                UART0_IRQHandler
                0x00000000000001b6                UART1_IRQHandler
                0x00000000000001be                UART2_IRQHandler
                0x00000000000001c6                ADC0_IRQHandler
                0x00000000000001ce                CMP0_IRQHandler
                0x00000000000001d6                TPM0_IRQHandler
                0x00000000000001de                TPM1_IRQHandler
                0x00000000000001e6                TPM2_IRQHandler
                0x00000000000001ee                RTC_IRQHandler
                0x00000000000001f6                RTC_Seconds_IRQHandler
                0x00000000000001fe                PIT_IRQHandler
                0x0000000000000206                Reserved39_IRQHandler
                0x000000000000020e                USB0_IRQHandler
                0x0000000000000216                DAC0_IRQHandler
                0x000000000000021e                TSI0_IRQHandler
                0x0000000000000226                MCG_IRQHandler
                0x000000000000022e                LPTMR0_IRQHandler
                0x0000000000000236                Reserved45_IRQHandler
                0x000000000000023e                PORTA_IRQHandler
                0x0000000000000246                PORTD_IRQHandler
                0x0000000000000400                . = 0x400
 *fill*         0x000000000000024e      0x1b2 ff
                0x0000000000000400                PROVIDE (__FLASH_CONFIG_START__ = .)
 *(SORT_BY_ALIGNMENT(.FlashConfig))
 .FlashConfig   0x0000000000000400       0x10 ./startup/startup_mkl25z4.o
                0x0000000000000400                Flash_Config
                0x0000000000000410                PROVIDE (__FLASH_CONFIG_END__ = .)
                0x0000000000000001                ASSERT (! ((__FLASH_CONFIG_START__ == __FLASH_CONFIG_END__)), Linker Flash Config Support Enabled, but no .FlashConfig section provided within application)
 *(SORT_BY_ALIGNMENT(.text*))
 .text.DbgConsole_Init
                0x0000000000000410       0xf4 ./utilities/fsl_debug_console.o
                0x0000000000000410                DbgConsole_Init
 .text.delay_ms
                0x0000000000000504       0x7c ./source/01-pratica-pwm.o
                0x0000000000000504                delay_ms
 .text.pwm_delay_ms
                0x0000000000000580       0xc4 ./source/01-pratica-pwm.o
                0x0000000000000580                pwm_delay_ms
 .text.clock_geral
                0x0000000000000644       0xa0 ./source/01-pratica-pwm.o
                0x0000000000000644                clock_geral
 .text.main     0x00000000000006e4       0x98 ./source/01-pratica-pwm.o
                0x00000000000006e4                main
 .text.HardFault_Handler
                0x000000000000077c       0x30 ./source/semihost_hardfault.o
                0x000000000000077c                HardFault_Handler
 .text.CLOCK_SetEr32kClock
                0x00000000000007ac       0x34 ./drivers/fsl_clock.o
 .text.CLOCK_SetPllFllSelClock
                0x00000000000007e0       0x38 ./drivers/fsl_clock.o
 .text.CLOCK_GetMcgExtClkFreq
                0x0000000000000818       0x28 ./drivers/fsl_clock.o
 .text.CLOCK_GetFllExtRefClkFreq
                0x0000000000000840       0xa8 ./drivers/fsl_clock.o
 .text.CLOCK_GetFllRefClkFreq
                0x00000000000008e8       0x2c ./drivers/fsl_clock.o
 .text.CLOCK_GetOscRangeFromFreq
                0x0000000000000914       0x4c ./drivers/fsl_clock.o
 .text.CLOCK_GetPllFllSelClkFreq
                0x0000000000000960       0x4c ./drivers/fsl_clock.o
                0x0000000000000960                CLOCK_GetPllFllSelClkFreq
 .text.CLOCK_SetSimConfig
                0x00000000000009ac       0x38 ./drivers/fsl_clock.o
                0x00000000000009ac                CLOCK_SetSimConfig
 .text.CLOCK_GetFllFreq
                0x00000000000009e4       0x84 ./drivers/fsl_clock.o
                0x00000000000009e4                CLOCK_GetFllFreq
 .text.CLOCK_GetPll0Freq
                0x0000000000000a68       0x70 ./drivers/fsl_clock.o
                0x0000000000000a68                CLOCK_GetPll0Freq
 .text.CLOCK_SetInternalRefClkConfig
                0x0000000000000ad8      0x124 ./drivers/fsl_clock.o
                0x0000000000000ad8                CLOCK_SetInternalRefClkConfig
 .text.CLOCK_EnablePll0
                0x0000000000000bfc       0x94 ./drivers/fsl_clock.o
                0x0000000000000bfc                CLOCK_EnablePll0
 .text.CLOCK_InitOsc0
                0x0000000000000c90       0x94 ./drivers/fsl_clock.o
                0x0000000000000c90                CLOCK_InitOsc0
 .text.CLOCK_SetPbeMode
                0x0000000000000d24       0xb0 ./drivers/fsl_clock.o
                0x0000000000000d24                CLOCK_SetPbeMode
 .text.CLOCK_BootToPeeMode
                0x0000000000000dd4       0x70 ./drivers/fsl_clock.o
                0x0000000000000dd4                CLOCK_BootToPeeMode
 .text.CLOCK_EnableClock
                0x0000000000000e44       0x34 ./drivers/fsl_lpsci.o
 .text.LPSCI_GetInstance
                0x0000000000000e78       0x48 ./drivers/fsl_lpsci.o
                0x0000000000000e78                LPSCI_GetInstance
 .text.LPSCI_Init
                0x0000000000000ec0      0x258 ./drivers/fsl_lpsci.o
                0x0000000000000ec0                LPSCI_Init
 .text.LPSCI_GetDefaultConfig
                0x0000000000001118       0x44 ./drivers/fsl_lpsci.o
                0x0000000000001118                LPSCI_GetDefaultConfig
 .text.LPSCI_ClearStatusFlags
                0x000000000000115c       0x94 ./drivers/fsl_lpsci.o
                0x000000000000115c                LPSCI_ClearStatusFlags
 .text.LPSCI_WriteBlocking
                0x00000000000011f0       0x4c ./drivers/fsl_lpsci.o
                0x00000000000011f0                LPSCI_WriteBlocking
 .text.LPSCI_ReadBlocking
                0x000000000000123c       0xc0 ./drivers/fsl_lpsci.o
                0x000000000000123c                LPSCI_ReadBlocking
 .text.UART0_DriverIRQHandler
                0x00000000000012fc       0x24 ./drivers/fsl_lpsci.o
                0x00000000000012fc                UART0_DriverIRQHandler
 .text.CLOCK_EnableClock
                0x0000000000001320       0x34 ./drivers/fsl_uart.o
 .text.UART_GetInstance
                0x0000000000001354       0x54 ./drivers/fsl_uart.o
                0x0000000000001354                UART_GetInstance
 .text.UART_Init
                0x00000000000013a8      0x1e0 ./drivers/fsl_uart.o
                0x00000000000013a8                UART_Init
 .text.UART_GetDefaultConfig
                0x0000000000001588       0x44 ./drivers/fsl_uart.o
                0x0000000000001588                UART_GetDefaultConfig
 .text.UART_ReadBlocking
                0x00000000000015cc       0x98 ./drivers/fsl_uart.o
                0x00000000000015cc                UART_ReadBlocking
 .text.UART1_DriverIRQHandler
                0x0000000000001664       0x24 ./drivers/fsl_uart.o
                0x0000000000001664                UART1_DriverIRQHandler
 .text.UART2_DriverIRQHandler
                0x0000000000001688       0x24 ./drivers/fsl_uart.o
                0x0000000000001688                UART2_DriverIRQHandler
 .text.CLOCK_SetLpsci0Clock
                0x00000000000016ac       0x38 ./board/board.o
 .text.BOARD_InitDebugConsole
                0x00000000000016e4       0x30 ./board/board.o
                0x00000000000016e4                BOARD_InitDebugConsole
 .text.CLOCK_SetSimSafeDivs
                0x0000000000001714       0x20 ./board/clock_config.o
 .text.CLOCK_SetXtal0Freq
                0x0000000000001734       0x1c ./board/clock_config.o
 .text.CLOCK_CONFIG_SetFllExtRefDiv
                0x0000000000001750       0x3c ./board/clock_config.o
 .text.BOARD_BootClockRUN
                0x000000000000178c       0x64 ./board/clock_config.o
                0x000000000000178c                BOARD_BootClockRUN
 .text.CLOCK_EnableClock
                0x00000000000017f0       0x34 ./board/pin_mux.o
 .text.PORT_SetPinMux
                0x0000000000001824       0x40 ./board/pin_mux.o
 .text.BOARD_InitPins
                0x0000000000001864       0x4c ./board/pin_mux.o
                0x0000000000001864                BOARD_InitPins
 .text.SystemInit
                0x00000000000018b0       0x18 ./CMSIS/system_MKL25Z4.o
                0x00000000000018b0                SystemInit
 .text.__assertion_failed
                0x00000000000018c8       0x4c /usr/local/mcuxpressoide-11.7.0_9198/ide/plugins/com.nxp.mcuxpresso.tools.linux_11.7.0.202209140929/tools/bin/../lib/gcc/arm-none-eabi/10.3.1/../../../../arm-none-eabi/lib/thumb/v6-m/nofp/libcr_semihost_nf.a(_cr_assert.o)
                0x00000000000018c8                __assertion_failed
 .text.__sys_appexit
                0x0000000000001914        0xc /usr/local/mcuxpressoide-11.7.0_9198/ide/plugins/com.nxp.mcuxpresso.tools.linux_11.7.0.202209140929/tools/bin/../lib/gcc/arm-none-eabi/10.3.1/../../../../arm-none-eabi/lib/thumb/v6-m/nofp/libcr_semihost_nf.a(__sys_appexit.o)
                0x0000000000001914                __exit
                0x0000000000001914                __sys_appexit
 .text._deferredlazyseek
                0x0000000000001920       0x40 /usr/local/mcuxpressoide-11.7.0_9198/ide/plugins/com.nxp.mcuxpresso.tools.linux_11.7.0.202209140929/tools/bin/../lib/gcc/arm-none-eabi/10.3.1/../../../../arm-none-eabi/lib/thumb/v6-m/nofp/libcr_c.a(_deferredlazyseek.o)
                0x0000000000001920                _deferredlazyseek
 .text.__flsbuf
                0x0000000000001960      0x150 /usr/local/mcuxpressoide-11.7.0_9198/ide/plugins/com.nxp.mcuxpresso.tools.linux_11.7.0.202209140929/tools/bin/../lib/gcc/arm-none-eabi/10.3.1/../../../../arm-none-eabi/lib/thumb/v6-m/nofp/libcr_c.a(_deferredlazyseek.o)
                0x0000000000001960                __flsbuf
 .text._fflush  0x0000000000001ab0       0x60 /usr/local/mcuxpressoide-11.7.0_9198/ide/plugins/com.nxp.mcuxpresso.tools.linux_11.7.0.202209140929/tools/bin/../lib/gcc/arm-none-eabi/10.3.1/../../../../arm-none-eabi/lib/thumb/v6-m/nofp/libcr_c.a(_fflush.o)
                0x0000000000001ab0                _fflush
 .text._Cwritebuf
                0x0000000000001b10       0x68 /usr/local/mcuxpressoide-11.7.0_9198/ide/plugins/com.nxp.mcuxpresso.tools.linux_11.7.0.202209140929/tools/bin/../lib/gcc/arm-none-eabi/10.3.1/../../../../arm-none-eabi/lib/thumb/v6-m/nofp/libcr_c.a(_writebuf.o)
                0x0000000000001b10                _Cwritebuf
 .text.malloc   0x0000000000001b78       0xcc /usr/local/mcuxpressoide-11.7.0_9198/ide/plugins/com.nxp.mcuxpresso.tools.linux_11.7.0.202209140929/tools/bin/../lib/gcc/arm-none-eabi/10.3.1/../../../../arm-none-eabi/lib/thumb/v6-m/nofp/libcr_c.a(alloc.o)
                0x0000000000001b78                malloc
 .text._Csys_alloc
                0x0000000000001c44       0x20 /usr/local/mcuxpressoide-11.7.0_9198/ide/plugins/com.nxp.mcuxpresso.tools.linux_11.7.0.202209140929/tools/bin/../lib/gcc/arm-none-eabi/10.3.1/../../../../arm-none-eabi/lib/thumb/v6-m/nofp/libcr_c.a(alloc.o)
                0x0000000000001c44                _Csys_alloc
 .text.fseek    0x0000000000001c64       0xf0 /usr/local/mcuxpressoide-11.7.0_9198/ide/plugins/com.nxp.mcuxpresso.tools.linux_11.7.0.202209140929/tools/bin/../lib/gcc/arm-none-eabi/10.3.1/../../../../arm-none-eabi/lib/thumb/v6-m/nofp/libcr_c.a(fseek.o)
                0x0000000000001c64                fseek
 .text.ftell    0x0000000000001d54       0x48 /usr/local/mcuxpressoide-11.7.0_9198/ide/plugins/com.nxp.mcuxpresso.tools.linux_11.7.0.202209140929/tools/bin/../lib/gcc/arm-none-eabi/10.3.1/../../../../arm-none-eabi/lib/thumb/v6-m/nofp/libcr_c.a(ftell.o)
                0x0000000000001d54                ftell
 .text._initio  0x0000000000001d9c       0x7c /usr/local/mcuxpressoide-11.7.0_9198/ide/plugins/com.nxp.mcuxpresso.tools.linux_11.7.0.202209140929/tools/bin/../lib/gcc/arm-none-eabi/10.3.1/../../../../arm-none-eabi/lib/thumb/v6-m/nofp/libcr_c.a(initio.o)
                0x0000000000001d9c                _initio
 .text.setvbuf  0x0000000000001e18       0x4c /usr/local/mcuxpressoide-11.7.0_9198/ide/plugins/com.nxp.mcuxpresso.tools.linux_11.7.0.202209140929/tools/bin/../lib/gcc/arm-none-eabi/10.3.1/../../../../arm-none-eabi/lib/thumb/v6-m/nofp/libcr_c.a(setvbuf.o)
                0x0000000000001e18                setvbuf
 .text._sbrk    0x0000000000001e64       0x44 /usr/local/mcuxpressoide-11.7.0_9198/ide/plugins/com.nxp.mcuxpresso.tools.linux_11.7.0.202209140929/tools/bin/../lib/gcc/arm-none-eabi/10.3.1/../../../../arm-none-eabi/lib/thumb/v6-m/nofp/libcr_c.a(_cr_sbrk.o)
                0x0000000000001e64                _sbrk
 .text._fdopen  0x0000000000001ea8       0x74 /usr/local/mcuxpressoide-11.7.0_9198/ide/plugins/com.nxp.mcuxpresso.tools.linux_11.7.0.202209140929/tools/bin/../lib/gcc/arm-none-eabi/10.3.1/../../../../arm-none-eabi/lib/thumb/v6-m/nofp/libcr_c.a(_fdopen.o)
                0x0000000000001ea8                _fdopen
 .text.fclose   0x0000000000001f1c       0x5c /usr/local/mcuxpressoide-11.7.0_9198/ide/plugins/com.nxp.mcuxpresso.tools.linux_11.7.0.202209140929/tools/bin/../lib/gcc/arm-none-eabi/10.3.1/../../../../arm-none-eabi/lib/thumb/v6-m/nofp/libcr_c.a(fclose.o)
                0x0000000000001f1c                fclose
 .text.fflush   0x0000000000001f78       0x44 /usr/local/mcuxpressoide-11.7.0_9198/ide/plugins/com.nxp.mcuxpresso.tools.linux_11.7.0.202209140929/tools/bin/../lib/gcc/arm-none-eabi/10.3.1/../../../../arm-none-eabi/lib/thumb/v6-m/nofp/libcr_c.a(fflush.o)
                0x0000000000001f78                fflush
 .text.strlen   0x0000000000001fbc       0x58 /usr/local/mcuxpressoide-11.7.0_9198/ide/plugins/com.nxp.mcuxpresso.tools.linux_11.7.0.202209140929/tools/bin/../lib/gcc/arm-none-eabi/10.3.1/../../../../arm-none-eabi/lib/thumb/v6-m/nofp/libcr_c.a(strlen.o)
                0x0000000000001fbc                strlen
 .text.__check_heap_overflow
                0x0000000000002014       0x18 /usr/local/mcuxpressoide-11.7.0_9198/ide/plugins/com.nxp.mcuxpresso.tools.linux_11.7.0.202209140929/tools/bin/../lib/gcc/arm-none-eabi/10.3.1/../../../../arm-none-eabi/lib/thumb/v6-m/nofp/libcr_c.a(_cr_check_heap.o)
                0x0000000000002014                __check_heap_overflow
 .text._do_fflush
                0x000000000000202c       0x48 /usr/local/mcuxpressoide-11.7.0_9198/ide/plugins/com.nxp.mcuxpresso.tools.linux_11.7.0.202209140929/tools/bin/../lib/gcc/arm-none-eabi/10.3.1/../../../../arm-none-eabi/lib/thumb/v6-m/nofp/libcr_c.a(_do_fflush.o)
                0x000000000000202c                _do_fflush
 .text.__aeabi_dmul
                0x0000000000002074      0x184 /usr/local/mcuxpressoide-11.7.0_9198/ide/plugins/com.nxp.mcuxpresso.tools.linux_11.7.0.202209140929/tools/bin/../lib/gcc/arm-none-eabi/10.3.1/thumb/v6-m/nofp/libcr_eabihelpers.a(double.o)
                0x0000000000002074                __aeabi_dmul
 .text.__aeabi_ddiv
                0x00000000000021f8      0x14c /usr/local/mcuxpressoide-11.7.0_9198/ide/plugins/com.nxp.mcuxpresso.tools.linux_11.7.0.202209140929/tools/bin/../lib/gcc/arm-none-eabi/10.3.1/thumb/v6-m/nofp/libcr_eabihelpers.a(double.o)
                0x00000000000021f8                __aeabi_ddiv
 .text.__aeabi_dsub
                0x0000000000002344      0x1c0 /usr/local/mcuxpressoide-11.7.0_9198/ide/plugins/com.nxp.mcuxpresso.tools.linux_11.7.0.202209140929/tools/bin/../lib/gcc/arm-none-eabi/10.3.1/thumb/v6-m/nofp/libcr_eabihelpers.a(double.o)
                0x0000000000002344                __aeabi_dsub
 .text.__aeabi_dadd
                0x0000000000002504      0x134 /usr/local/mcuxpressoide-11.7.0_9198/ide/plugins/com.nxp.mcuxpresso.tools.linux_11.7.0.202209140929/tools/bin/../lib/gcc/arm-none-eabi/10.3.1/thumb/v6-m/nofp/libcr_eabihelpers.a(double.o)
                0x0000000000002504                __aeabi_dadd
 .text.__aeabi_d2uiz
                0x0000000000002638       0x38 /usr/local/mcuxpressoide-11.7.0_9198/ide/plugins/com.nxp.mcuxpresso.tools.linux_11.7.0.202209140929/tools/bin/../lib/gcc/arm-none-eabi/10.3.1/thumb/v6-m/nofp/libcr_eabihelpers.a(double.o)
                0x0000000000002638                __aeabi_d2uiz
 .text.__aeabi_f2d
                0x0000000000002670       0x40 /usr/local/mcuxpressoide-11.7.0_9198/ide/plugins/com.nxp.mcuxpresso.tools.linux_11.7.0.202209140929/tools/bin/../lib/gcc/arm-none-eabi/10.3.1/thumb/v6-m/nofp/libcr_eabihelpers.a(float.o)
                0x0000000000002670                __aeabi_f2d
 .text.UART_EnableTx
                0x00000000000026b0       0x40 ./utilities/fsl_debug_console.o
 .text.UART_EnableRx
                0x00000000000026f0       0x40 ./utilities/fsl_debug_console.o
 .text.LPSCI_EnableTx
                0x0000000000002730       0x40 ./utilities/fsl_debug_console.o
 .text.LPSCI_EnableRx
                0x0000000000002770       0x40 ./utilities/fsl_debug_console.o
 .text.OSC_SetExtRefClkConfig
                0x00000000000027b0       0x3e ./drivers/fsl_clock.o
 .text.OSC_SetCapLoad
                0x00000000000027ee       0x42 ./drivers/fsl_clock.o
 .text.CLOCK_GetPll0RefFreq
                0x0000000000002830       0x10 ./drivers/fsl_clock.o
 .text.CLOCK_SetExternalRefClkConfig
                0x0000000000002840       0x16 ./drivers/fsl_clock.o
                0x0000000000002840                CLOCK_SetExternalRefClkConfig
 .text.LPSCI_GetStatusFlags
                0x0000000000002856       0x26 ./drivers/fsl_lpsci.o
                0x0000000000002856                LPSCI_GetStatusFlags
 .text.UART_GetStatusFlags
                0x000000000000287c       0x26 ./drivers/fsl_uart.o
                0x000000000000287c                UART_GetStatusFlags
 .text.UART_WriteBlocking
                0x00000000000028a2       0x3c ./drivers/fsl_uart.o
                0x00000000000028a2                UART_WriteBlocking
 .text.BOARD_InitBootClocks
                0x00000000000028de        0xe ./board/clock_config.o
                0x00000000000028de                BOARD_InitBootClocks
 .text.BOARD_InitBootPeripherals
                0x00000000000028ec        0xa ./board/peripherals.o
                0x00000000000028ec                BOARD_InitBootPeripherals
 .text.BOARD_InitBootPins
                0x00000000000028f6        0xe ./board/pin_mux.o
                0x00000000000028f6                BOARD_InitBootPins
 .text.__main   0x0000000000002904        0xc /usr/local/mcuxpressoide-11.7.0_9198/ide/plugins/com.nxp.mcuxpresso.tools.linux_11.7.0.202209140929/tools/bin/../lib/gcc/arm-none-eabi/10.3.1/../../../../arm-none-eabi/lib/thumb/v6-m/nofp/libcr_semihost_nf.a(_cr__main.o)
                0x0000000000002904                __main
                0x0000000000002904                __CR_SEMIHOST
 .text.memset   0x0000000000002910        0x8 /usr/local/mcuxpressoide-11.7.0_9198/ide/plugins/com.nxp.mcuxpresso.tools.linux_11.7.0.202209140929/tools/bin/../lib/gcc/arm-none-eabi/10.3.1/../../../../arm-none-eabi/lib/thumb/v6-m/nofp/libcr_c.a(memset.o)
                0x0000000000002910                memset
 .text.free     0x0000000000002918       0x2c /usr/local/mcuxpressoide-11.7.0_9198/ide/plugins/com.nxp.mcuxpresso.tools.linux_11.7.0.202209140929/tools/bin/../lib/gcc/arm-none-eabi/10.3.1/../../../../arm-none-eabi/lib/thumb/v6-m/nofp/libcr_c.a(alloc.o)
                0x0000000000002918                free
 .text.fputs    0x0000000000002944       0x2e /usr/local/mcuxpressoide-11.7.0_9198/ide/plugins/com.nxp.mcuxpresso.tools.linux_11.7.0.202209140929/tools/bin/../lib/gcc/arm-none-eabi/10.3.1/../../../../arm-none-eabi/lib/thumb/v6-m/nofp/libcr_c.a(fputs.o)
                0x0000000000002944                fputs
 .text.remove   0x0000000000002972       0x12 /usr/local/mcuxpressoide-11.7.0_9198/ide/plugins/com.nxp.mcuxpresso.tools.linux_11.7.0.202209140929/tools/bin/../lib/gcc/arm-none-eabi/10.3.1/../../../../arm-none-eabi/lib/thumb/v6-m/nofp/libcr_c.a(remove.o)
                0x0000000000002972                remove
 .text.__aeabi_division_idivmod
                0x0000000000002984       0x78 /usr/local/mcuxpressoide-11.7.0_9198/ide/plugins/com.nxp.mcuxpresso.tools.linux_11.7.0.202209140929/tools/bin/../lib/gcc/arm-none-eabi/10.3.1/thumb/v6-m/nofp/libcr_eabihelpers.a(division_32.o)
                0x0000000000002984                __aeabi_idiv
                0x0000000000002984                __aeabi_idivmod
                0x000000000000298a                __aeabi_uidiv
                0x000000000000298a                __aeabi_uidivmod
 .text.__aeabi_division_idiv0
                0x00000000000029fc        0x2 /usr/local/mcuxpressoide-11.7.0_9198/ide/plugins/com.nxp.mcuxpresso.tools.linux_11.7.0.202209140929/tools/bin/../lib/gcc/arm-none-eabi/10.3.1/thumb/v6-m/nofp/libcr_eabihelpers.a(division_idiv0.o)
                0x00000000000029fc                __aeabi_idiv0
 .text.__aeabi_fcmplt
                0x00000000000029fe       0x42 /usr/local/mcuxpressoide-11.7.0_9198/ide/plugins/com.nxp.mcuxpresso.tools.linux_11.7.0.202209140929/tools/bin/../lib/gcc/arm-none-eabi/10.3.1/thumb/v6-m/nofp/libcr_eabihelpers.a(float.o)
                0x00000000000029fe                __aeabi_fcmplt
 .text.__aeabi_fcmpgt
                0x0000000000002a40       0x3e /usr/local/mcuxpressoide-11.7.0_9198/ide/plugins/com.nxp.mcuxpresso.tools.linux_11.7.0.202209140929/tools/bin/../lib/gcc/arm-none-eabi/10.3.1/thumb/v6-m/nofp/libcr_eabihelpers.a(float.o)
                0x0000000000002a40                __aeabi_fcmpgt
 .text.__aeabi_llong_lmul
                0x0000000000002a7e       0x2e /usr/local/mcuxpressoide-11.7.0_9198/ide/plugins/com.nxp.mcuxpresso.tools.linux_11.7.0.202209140929/tools/bin/../lib/gcc/arm-none-eabi/10.3.1/thumb/v6-m/nofp/libcr_eabihelpers.a(llong.o)
                0x0000000000002a7e                __aeabi_lmul
 .text.__aeabi_memset_lowlevel
                0x0000000000002aac       0x2a /usr/local/mcuxpressoide-11.7.0_9198/ide/plugins/com.nxp.mcuxpresso.tools.linux_11.7.0.202209140929/tools/bin/../lib/gcc/arm-none-eabi/10.3.1/thumb/v6-m/nofp/libcr_eabihelpers.a(memcpy.o)
                0x0000000000002aac                __aeabi_lowlevel_memset
 .text.__sys_close
                0x0000000000002ad6        0xc /usr/local/mcuxpressoide-11.7.0_9198/ide/plugins/com.nxp.mcuxpresso.tools.linux_11.7.0.202209140929/tools/bin/../lib/gcc/arm-none-eabi/10.3.1/../../../../arm-none-eabi/lib/thumb/v6-m/nofp/libcr_semihost_nf.a(__sys_close.o)
                0x0000000000002ad6                __sys_close
 .text.__sys_flen
                0x0000000000002ae2        0xc /usr/local/mcuxpressoide-11.7.0_9198/ide/plugins/com.nxp.mcuxpresso.tools.linux_11.7.0.202209140929/tools/bin/../lib/gcc/arm-none-eabi/10.3.1/../../../../arm-none-eabi/lib/thumb/v6-m/nofp/libcr_semihost_nf.a(__sys_flen.o)
                0x0000000000002ae2                __sys_flen
 .text.__sys_istty
                0x0000000000002aee        0xc /usr/local/mcuxpressoide-11.7.0_9198/ide/plugins/com.nxp.mcuxpresso.tools.linux_11.7.0.202209140929/tools/bin/../lib/gcc/arm-none-eabi/10.3.1/../../../../arm-none-eabi/lib/thumb/v6-m/nofp/libcr_semihost_nf.a(__sys_istty.o)
                0x0000000000002aee                __sys_istty
 .text.__sys_remove
                0x0000000000002afa        0xc /usr/local/mcuxpressoide-11.7.0_9198/ide/plugins/com.nxp.mcuxpresso.tools.linux_11.7.0.202209140929/tools/bin/../lib/gcc/arm-none-eabi/10.3.1/../../../../arm-none-eabi/lib/thumb/v6-m/nofp/libcr_semihost_nf.a(__sys_remove.o)
                0x0000000000002afa                __sys_remove
 .text.__sys_seek
                0x0000000000002b06        0xc /usr/local/mcuxpressoide-11.7.0_9198/ide/plugins/com.nxp.mcuxpresso.tools.linux_11.7.0.202209140929/tools/bin/../lib/gcc/arm-none-eabi/10.3.1/../../../../arm-none-eabi/lib/thumb/v6-m/nofp/libcr_semihost_nf.a(__sys_seek.o)
                0x0000000000002b06                __sys_seek
 .text.__sys_tmpnam
                0x0000000000002b12        0xc /usr/local/mcuxpressoide-11.7.0_9198/ide/plugins/com.nxp.mcuxpresso.tools.linux_11.7.0.202209140929/tools/bin/../lib/gcc/arm-none-eabi/10.3.1/../../../../arm-none-eabi/lib/thumb/v6-m/nofp/libcr_semihost_nf.a(__sys_tmpnam.o)
                0x0000000000002b12                __sys_tmpnam
 .text.__sys_write
                0x0000000000002b1e        0xc /usr/local/mcuxpressoide-11.7.0_9198/ide/plugins/com.nxp.mcuxpresso.tools.linux_11.7.0.202209140929/tools/bin/../lib/gcc/arm-none-eabi/10.3.1/../../../../arm-none-eabi/lib/thumb/v6-m/nofp/libcr_semihost_nf.a(__sys_write.o)
                0x0000000000002b1e                __sys_write
 *(SORT_BY_ALIGNMENT(.rodata) SORT_BY_ALIGNMENT(.rodata.*) SORT_BY_ALIGNMENT(.constdata) SORT_BY_ALIGNMENT(.constdata.*))
 *fill*         0x0000000000002b2a        0x2 ff
 .rodata.CLOCK_GetMcgExtClkFreq.str1.4
                0x0000000000002b2c       0x1e ./drivers/fsl_clock.o
 *fill*         0x0000000000002b4a        0x2 ff
 .rodata.CLOCK_GetPll0Freq.str1.4
                0x0000000000002b4c       0x1d ./drivers/fsl_clock.o
 *fill*         0x0000000000002b69        0x3 ff
 .rodata.CLOCK_EnablePll0.str1.4
                0x0000000000002b6c       0x19 ./drivers/fsl_clock.o
 *fill*         0x0000000000002b85        0x3 ff
 .rodata.CLOCK_SetPbeMode.str1.4
                0x0000000000002b88       0x1a ./drivers/fsl_clock.o
 *fill*         0x0000000000002ba2        0x2 ff
 .rodata.CLOCK_BootToPeeMode.str1.4
                0x0000000000002ba4       0x1a ./drivers/fsl_clock.o
 *fill*         0x0000000000002bbe        0x2 ff
 .rodata.fllFactorTable.1
                0x0000000000002bc0       0x10 ./drivers/fsl_clock.o
 .rodata.LPSCI_GetInstance.str1.4
                0x0000000000002bd0       0x36 ./drivers/fsl_lpsci.o
 *fill*         0x0000000000002c06        0x2 ff
 .rodata.LPSCI_Init.str1.4
                0x0000000000002c08       0x43 ./drivers/fsl_lpsci.o
 *fill*         0x0000000000002c4b        0x1 ff
 .rodata.LPSCI_GetDefaultConfig.str1.4
                0x0000000000002c4c       0x19 ./drivers/fsl_lpsci.o
 *fill*         0x0000000000002c65        0x3 ff
 .rodata.LPSCI_WriteBlocking.str1.4
                0x0000000000002c68       0x17 ./drivers/fsl_lpsci.o
 *fill*         0x0000000000002c7f        0x1 ff
 .rodata.LPSCI_ReadBlocking.str1.4
                0x0000000000002c80       0x17 ./drivers/fsl_lpsci.o
 *fill*         0x0000000000002c97        0x1 ff
 .rodata.s_uartBases
                0x0000000000002c98        0xc ./drivers/fsl_uart.o
 .rodata.s_uartClock
                0x0000000000002ca4        0xc ./drivers/fsl_uart.o
 .rodata.UART_GetInstance.str1.4
                0x0000000000002cb0       0x2b ./drivers/fsl_uart.o
 *fill*         0x0000000000002cdb        0x1 ff
 .rodata.UART_Init.str1.4
                0x0000000000002cdc       0x3e ./drivers/fsl_uart.o
 *fill*         0x0000000000002d1a        0x2 ff
 .rodata.UART_GetDefaultConfig.str1.4
                0x0000000000002d1c       0x18 ./drivers/fsl_uart.o
 .rodata.UART_ReadBlocking.str1.4
                0x0000000000002d34       0x16 ./drivers/fsl_uart.o
 *fill*         0x0000000000002d4a        0x2 ff
 .rodata.mcgConfig_BOARD_BootClockRUN
                0x0000000000002d4c        0xa ./board/clock_config.o
                0x0000000000002d4c                mcgConfig_BOARD_BootClockRUN
 *fill*         0x0000000000002d56        0x2 ff
 .rodata.simConfig_BOARD_BootClockRUN
                0x0000000000002d58        0x8 ./board/clock_config.o
                0x0000000000002d58                simConfig_BOARD_BootClockRUN
 .rodata.oscConfig_BOARD_BootClockRUN
                0x0000000000002d60        0x8 ./board/clock_config.o
                0x0000000000002d60                oscConfig_BOARD_BootClockRUN
 .rodata.__num_Ciob_streams
                0x0000000000002d68        0x4 /usr/local/mcuxpressoide-11.7.0_9198/ide/plugins/com.nxp.mcuxpresso.tools.linux_11.7.0.202209140929/tools/bin/../lib/gcc/arm-none-eabi/10.3.1/../../../../arm-none-eabi/lib/thumb/v6-m/nofp/libcr_semihost_nf.a(__ciob.o)
                0x0000000000002d68                __num_Ciob_streams
 .rodata.__assertion_failed.str1.1
                0x0000000000002d6c       0x15 /usr/local/mcuxpressoide-11.7.0_9198/ide/plugins/com.nxp.mcuxpresso.tools.linux_11.7.0.202209140929/tools/bin/../lib/gcc/arm-none-eabi/10.3.1/../../../../arm-none-eabi/lib/thumb/v6-m/nofp/libcr_semihost_nf.a(_cr_assert.o)
 .rodata._Csys_alloc.str1.1
                0x0000000000002d81       0x18 /usr/local/mcuxpressoide-11.7.0_9198/ide/plugins/com.nxp.mcuxpresso.tools.linux_11.7.0.202209140929/tools/bin/../lib/gcc/arm-none-eabi/10.3.1/../../../../arm-none-eabi/lib/thumb/v6-m/nofp/libcr_c.a(alloc.o)
 .rodata._initio.str1.1
                0x0000000000002d99        0x4 /usr/local/mcuxpressoide-11.7.0_9198/ide/plugins/com.nxp.mcuxpresso.tools.linux_11.7.0.202209140929/tools/bin/../lib/gcc/arm-none-eabi/10.3.1/../../../../arm-none-eabi/lib/thumb/v6-m/nofp/libcr_c.a(initio.o)
                0x0000000000002da0                . = ALIGN (0x4)
 *fill*         0x0000000000002d9d        0x3 ff

.glue_7         0x0000000000002da0        0x0
 .glue_7        0x0000000000002da0        0x0 linker stubs

.glue_7t        0x0000000000002da0        0x0
 .glue_7t       0x0000000000002da0        0x0 linker stubs

.vfp11_veneer   0x0000000000002da0        0x0
 .vfp11_veneer  0x0000000000002da0        0x0 linker stubs

.v4_bx          0x0000000000002da0        0x0
 .v4_bx         0x0000000000002da0        0x0 linker stubs

.iplt           0x0000000000002da0        0x0
 .iplt          0x0000000000002da0        0x0 ./utilities/fsl_debug_console.o

.rel.dyn        0x0000000000002da0        0x0
 .rel.iplt      0x0000000000002da0        0x0 ./utilities/fsl_debug_console.o

.ARM.extab
 *(SORT_BY_ALIGNMENT(.ARM.extab*) SORT_BY_ALIGNMENT(.gnu.linkonce.armextab.*))

.ARM.exidx      0x0000000000002da0        0x0
                0x0000000000002da0                __exidx_start = .
 *(SORT_BY_ALIGNMENT(.ARM.exidx*) SORT_BY_ALIGNMENT(.gnu.linkonce.armexidx.*))
                0x0000000000002da0                __exidx_end = .
                0x0000000000002da0                _etext = .

.m_usb_data
 *(SORT_BY_ALIGNMENT(m_usb_bdt))

.mtb_buffer_default
                0x000000001ffff000       0x80
 *(SORT_BY_ALIGNMENT(.mtb*))
 .mtb.$RAM1     0x000000001ffff000       0x80 ./source/mtb.o
                0x000000001ffff000                __mtb_buffer__

.uninit_RESERVED
                0x000000001ffff080        0x0
                0x000000001ffff080                _start_uninit_RESERVED = .
 *(SORT_BY_ALIGNMENT(.bss.$RESERVED*))
                0x000000001ffff080                . = ALIGN (0x4)
                0x000000001ffff080                _end_uninit_RESERVED = .

.data           0x000000001ffff080        0x8 load address 0x0000000000002da0
 FILL mask 0xff
                0x000000001ffff080                _data = .
                [!provide]                        PROVIDE (__start_data_RAM = .)
                [!provide]                        PROVIDE (__start_data_SRAM = .)
 *(SORT_BY_ALIGNMENT(vtable))
 *(SORT_BY_ALIGNMENT(.ramfunc*))
 *(SORT_BY_ALIGNMENT(CodeQuickAccess))
 *(SORT_BY_ALIGNMENT(DataQuickAccess))
 *(SORT_BY_ALIGNMENT(RamFunction))
 *(SORT_BY_ALIGNMENT(.data*))
 .data.s_slowIrcFreq
                0x000000001ffff080        0x4 ./drivers/fsl_clock.o
 .data.SystemCoreClock
                0x000000001ffff084        0x4 ./CMSIS/system_MKL25Z4.o
                0x000000001ffff084                SystemCoreClock
                0x000000001ffff088                . = ALIGN (0x4)
                0x000000001ffff088                _edata = .
                [!provide]                        PROVIDE (__end_data_RAM = .)
                [!provide]                        PROVIDE (__end_data_SRAM = .)

.igot.plt       0x000000001ffff088        0x0 load address 0x0000000000002da8
 .igot.plt      0x000000001ffff088        0x0 ./utilities/fsl_debug_console.o

.bss            0x000000001ffff088       0xec
                0x000000001ffff088                _bss = .
                [!provide]                        PROVIDE (__start_bss_RAM = .)
                [!provide]                        PROVIDE (__start_bss_SRAM = .)
 *(SORT_BY_ALIGNMENT(.bss*))
 .bss.s_debugConsole
                0x000000001ffff088       0x10 ./utilities/fsl_debug_console.o
 .bss.g_xtal0Freq
                0x000000001ffff098        0x4 ./drivers/fsl_clock.o
                0x000000001ffff098                g_xtal0Freq
 .bss.s_lpsciHandle
                0x000000001ffff09c        0x4 ./drivers/fsl_lpsci.o
 .bss.s_lpsciIsr
                0x000000001ffff0a0        0x4 ./drivers/fsl_lpsci.o
 .bss.s_uartHandle
                0x000000001ffff0a4        0xc ./drivers/fsl_uart.o
 .bss.s_uartIsr
                0x000000001ffff0b0        0x4 ./drivers/fsl_uart.o
 .bss.__Ciob    0x000000001ffff0b4       0xb4 /usr/local/mcuxpressoide-11.7.0_9198/ide/plugins/com.nxp.mcuxpresso.tools.linux_11.7.0.202209140929/tools/bin/../lib/gcc/arm-none-eabi/10.3.1/../../../../arm-none-eabi/lib/thumb/v6-m/nofp/libcr_semihost_nf.a(__ciob.o)
                0x000000001ffff0b4                __Ciob
 .bss.__end_of_heap
                0x000000001ffff168        0x4 /usr/local/mcuxpressoide-11.7.0_9198/ide/plugins/com.nxp.mcuxpresso.tools.linux_11.7.0.202209140929/tools/bin/../lib/gcc/arm-none-eabi/10.3.1/../../../../arm-none-eabi/lib/thumb/v6-m/nofp/libcr_c.a(__init_alloc.o)
                0x000000001ffff168                __end_of_heap
 .bss.__heaps   0x000000001ffff16c        0x4 /usr/local/mcuxpressoide-11.7.0_9198/ide/plugins/com.nxp.mcuxpresso.tools.linux_11.7.0.202209140929/tools/bin/../lib/gcc/arm-none-eabi/10.3.1/../../../../arm-none-eabi/lib/thumb/v6-m/nofp/libcr_c.a(__init_alloc.o)
                0x000000001ffff16c                __heaps
 .bss.errno     0x000000001ffff170        0x4 /usr/local/mcuxpressoide-11.7.0_9198/ide/plugins/com.nxp.mcuxpresso.tools.linux_11.7.0.202209140929/tools/bin/../lib/gcc/arm-none-eabi/10.3.1/../../../../arm-none-eabi/lib/thumb/v6-m/nofp/libcr_c.a(errno.o)
                0x000000001ffff170                errno
 *(SORT_BY_ALIGNMENT(COMMON))
                0x000000001ffff174                . = ALIGN (0x4)
                0x000000001ffff174                _ebss = .
                [!provide]                        PROVIDE (__end_bss_RAM = .)
                [!provide]                        PROVIDE (__end_bss_SRAM = .)
                [!provide]                        PROVIDE (end = .)

.noinit         0x000000001ffff174        0x0
                0x000000001ffff174                _noinit = .
                [!provide]                        PROVIDE (__start_noinit_RAM = .)
                [!provide]                        PROVIDE (__start_noinit_SRAM = .)
 *(SORT_BY_ALIGNMENT(.noinit*))
                0x000000001ffff174                . = ALIGN (0x4)
                0x000000001ffff174                _end_noinit = .
                [!provide]                        PROVIDE (__end_noinit_RAM = .)
                [!provide]                        PROVIDE (__end_noinit_SRAM = .)
                0x0000000000000400                _HeapSize = 0x400

.heap           0x000000001ffff174      0x400
                0x000000001ffff174                _pvHeapStart = .
                0x000000001ffff574                . = (. + _HeapSize)
 *fill*         0x000000001ffff174      0x400 
                0x000000001ffff574                . = ALIGN (0x4)
                0x000000001ffff574                _pvHeapLimit = .
                0x0000000000000400                _StackSize = 0x400

.heap2stackfill
                0x000000001ffff574      0x400
                0x000000001ffff974                . = (. + _StackSize)
 *fill*         0x000000001ffff574      0x400 

.stack          0x0000000020002c00        0x0
                0x0000000020002c00                _vStackBase = .
                0x0000000020002c00                . = ALIGN (0x4)
                0x0000000020003000                _vStackTop = (. + _StackSize)
                0x0000000000000000                _image_start = LOADADDR (.text)
                0x0000000000002da8                _image_end = (LOADADDR (.data) + SIZEOF (.data))
                0x0000000000002da8                _image_size = (_image_end - _image_start)
OUTPUT(01-pratica-pwm.axf elf32-littlearm)
LOAD linker stubs

.debug_info     0x0000000000000000     0x6c62
 .debug_info    0x0000000000000000      0x84f ./utilities/fsl_debug_console.o
 .debug_info    0x000000000000084f      0x4eb ./startup/startup_mkl25z4.o
 .debug_info    0x0000000000000d3a      0x4a9 ./source/01-pratica-pwm.o
 .debug_info    0x00000000000011e3       0x53 ./source/mtb.o
 .debug_info    0x0000000000001236       0x3c ./source/semihost_hardfault.o
 .debug_info    0x0000000000001272     0x1a5a ./drivers/fsl_clock.o
 .debug_info    0x0000000000002ccc     0x140d ./drivers/fsl_lpsci.o
 .debug_info    0x00000000000040d9     0x13ae ./drivers/fsl_uart.o
 .debug_info    0x0000000000005487      0x39b ./board/board.o
 .debug_info    0x0000000000005822      0xabc ./board/clock_config.o
 .debug_info    0x00000000000062de       0x3c ./board/peripherals.o
 .debug_info    0x000000000000631a      0x547 ./board/pin_mux.o
 .debug_info    0x0000000000006861      0x401 ./CMSIS/system_MKL25Z4.o

.debug_abbrev   0x0000000000000000     0x145c
 .debug_abbrev  0x0000000000000000      0x1d7 ./utilities/fsl_debug_console.o
 .debug_abbrev  0x00000000000001d7      0x198 ./startup/startup_mkl25z4.o
 .debug_abbrev  0x000000000000036f      0x153 ./source/01-pratica-pwm.o
 .debug_abbrev  0x00000000000004c2       0x46 ./source/mtb.o
 .debug_abbrev  0x0000000000000508       0x31 ./source/semihost_hardfault.o
 .debug_abbrev  0x0000000000000539      0x357 ./drivers/fsl_clock.o
 .debug_abbrev  0x0000000000000890      0x2d7 ./drivers/fsl_lpsci.o
 .debug_abbrev  0x0000000000000b67      0x2f1 ./drivers/fsl_uart.o
 .debug_abbrev  0x0000000000000e58      0x11b ./board/board.o
 .debug_abbrev  0x0000000000000f73      0x201 ./board/clock_config.o
 .debug_abbrev  0x0000000000001174       0x31 ./board/peripherals.o
 .debug_abbrev  0x00000000000011a5      0x189 ./board/pin_mux.o
 .debug_abbrev  0x000000000000132e      0x12e ./CMSIS/system_MKL25Z4.o

.debug_aranges  0x0000000000000000      0x738
 .debug_aranges
                0x0000000000000000       0x48 ./utilities/fsl_debug_console.o
 .debug_aranges
                0x0000000000000048      0x160 ./startup/startup_mkl25z4.o
 .debug_aranges
                0x00000000000001a8       0x38 ./source/01-pratica-pwm.o
 .debug_aranges
                0x00000000000001e0       0x18 ./source/mtb.o
 .debug_aranges
                0x00000000000001f8       0x20 ./source/semihost_hardfault.o
 .debug_aranges
                0x0000000000000218      0x1d8 ./drivers/fsl_clock.o
 .debug_aranges
                0x00000000000003f0      0x118 ./drivers/fsl_lpsci.o
 .debug_aranges
                0x0000000000000508      0x130 ./drivers/fsl_uart.o
 .debug_aranges
                0x0000000000000638       0x28 ./board/board.o
 .debug_aranges
                0x0000000000000660       0x58 ./board/clock_config.o
 .debug_aranges
                0x00000000000006b8       0x20 ./board/peripherals.o
 .debug_aranges
                0x00000000000006d8       0x38 ./board/pin_mux.o
 .debug_aranges
                0x0000000000000710       0x28 ./CMSIS/system_MKL25Z4.o

.debug_ranges   0x0000000000000000      0x660
 .debug_ranges  0x0000000000000000       0x38 ./utilities/fsl_debug_console.o
 .debug_ranges  0x0000000000000038      0x150 ./startup/startup_mkl25z4.o
 .debug_ranges  0x0000000000000188       0x28 ./source/01-pratica-pwm.o
 .debug_ranges  0x00000000000001b0       0x10 ./source/semihost_hardfault.o
 .debug_ranges  0x00000000000001c0      0x1c8 ./drivers/fsl_clock.o
 .debug_ranges  0x0000000000000388      0x108 ./drivers/fsl_lpsci.o
 .debug_ranges  0x0000000000000490      0x120 ./drivers/fsl_uart.o
 .debug_ranges  0x00000000000005b0       0x18 ./board/board.o
 .debug_ranges  0x00000000000005c8       0x48 ./board/clock_config.o
 .debug_ranges  0x0000000000000610       0x10 ./board/peripherals.o
 .debug_ranges  0x0000000000000620       0x28 ./board/pin_mux.o
 .debug_ranges  0x0000000000000648       0x18 ./CMSIS/system_MKL25Z4.o

.debug_macro    0x0000000000000000     0x8be2
 .debug_macro   0x0000000000000000      0x13a ./utilities/fsl_debug_console.o
 .debug_macro   0x000000000000013a      0xa84 ./utilities/fsl_debug_console.o
 .debug_macro   0x0000000000000bbe       0x10 ./utilities/fsl_debug_console.o
 .debug_macro   0x0000000000000bce       0x16 ./utilities/fsl_debug_console.o
 .debug_macro   0x0000000000000be4       0x10 ./utilities/fsl_debug_console.o
 .debug_macro   0x0000000000000bf4      0x12e ./utilities/fsl_debug_console.o
 .debug_macro   0x0000000000000d22       0x28 ./utilities/fsl_debug_console.o
 .debug_macro   0x0000000000000d4a       0xc4 ./utilities/fsl_debug_console.o
 .debug_macro   0x0000000000000e0e       0x16 ./utilities/fsl_debug_console.o
 .debug_macro   0x0000000000000e24       0x22 ./utilities/fsl_debug_console.o
 .debug_macro   0x0000000000000e46      0x5b3 ./utilities/fsl_debug_console.o
 .debug_macro   0x00000000000013f9       0x10 ./utilities/fsl_debug_console.o
 .debug_macro   0x0000000000001409       0x3f ./utilities/fsl_debug_console.o
 .debug_macro   0x0000000000001448       0x3a ./utilities/fsl_debug_console.o
 .debug_macro   0x0000000000001482       0x26 ./utilities/fsl_debug_console.o
 .debug_macro   0x00000000000014a8      0x329 ./utilities/fsl_debug_console.o
 .debug_macro   0x00000000000017d1       0x30 ./utilities/fsl_debug_console.o
 .debug_macro   0x0000000000001801     0x51e2 ./utilities/fsl_debug_console.o
 .debug_macro   0x00000000000069e3     0x1352 ./utilities/fsl_debug_console.o
 .debug_macro   0x0000000000007d35       0x3a ./utilities/fsl_debug_console.o
 .debug_macro   0x0000000000007d6f       0xf4 ./utilities/fsl_debug_console.o
 .debug_macro   0x0000000000007e63       0x35 ./utilities/fsl_debug_console.o
 .debug_macro   0x0000000000007e98       0xd2 ./utilities/fsl_debug_console.o
 .debug_macro   0x0000000000007f6a       0x2e ./utilities/fsl_debug_console.o
 .debug_macro   0x0000000000007f98       0x10 ./utilities/fsl_debug_console.o
 .debug_macro   0x0000000000007fa8       0x10 ./utilities/fsl_debug_console.o
 .debug_macro   0x0000000000007fb8       0x29 ./startup/startup_mkl25z4.o
 .debug_macro   0x0000000000007fe1      0x147 ./source/01-pratica-pwm.o
 .debug_macro   0x0000000000008128       0xd8 ./source/01-pratica-pwm.o
 .debug_macro   0x0000000000008200       0x16 ./source/01-pratica-pwm.o
 .debug_macro   0x0000000000008216       0x10 ./source/01-pratica-pwm.o
 .debug_macro   0x0000000000008226      0x112 ./source/01-pratica-pwm.o
 .debug_macro   0x0000000000008338       0x34 ./source/01-pratica-pwm.o
 .debug_macro   0x000000000000836c       0x2f ./source/mtb.o
 .debug_macro   0x000000000000839b       0x82 ./source/mtb.o
 .debug_macro   0x000000000000841d       0x10 ./source/mtb.o
 .debug_macro   0x000000000000842d       0x11 ./source/semihost_hardfault.o
 .debug_macro   0x000000000000843e      0x196 ./drivers/fsl_clock.o
 .debug_macro   0x00000000000085d4       0x1c ./drivers/fsl_clock.o
 .debug_macro   0x00000000000085f0       0xec ./drivers/fsl_lpsci.o
 .debug_macro   0x00000000000086dc       0xf2 ./drivers/fsl_uart.o
 .debug_macro   0x00000000000087ce      0x12b ./board/board.o
 .debug_macro   0x00000000000088f9      0x123 ./board/clock_config.o
 .debug_macro   0x0000000000008a1c       0x1b ./board/peripherals.o
 .debug_macro   0x0000000000008a37      0x107 ./board/pin_mux.o
 .debug_macro   0x0000000000008b3e       0x10 ./board/pin_mux.o
 .debug_macro   0x0000000000008b4e       0x94 ./CMSIS/system_MKL25Z4.o

.debug_line     0x0000000000000000     0x4912
 .debug_line    0x0000000000000000      0x490 ./utilities/fsl_debug_console.o
 .debug_line    0x0000000000000490      0x1ed ./startup/startup_mkl25z4.o
 .debug_line    0x000000000000067d      0x4c3 ./source/01-pratica-pwm.o
 .debug_line    0x0000000000000b40       0xd5 ./source/mtb.o
 .debug_line    0x0000000000000c15       0x59 ./source/semihost_hardfault.o
 .debug_line    0x0000000000000c6e     0x1300 ./drivers/fsl_clock.o
 .debug_line    0x0000000000001f6e      0xd79 ./drivers/fsl_lpsci.o
 .debug_line    0x0000000000002ce7      0xd68 ./drivers/fsl_uart.o
 .debug_line    0x0000000000003a4f      0x3b3 ./board/board.o
 .debug_line    0x0000000000003e02      0x3f9 ./board/clock_config.o
 .debug_line    0x00000000000041fb       0x5c ./board/peripherals.o
 .debug_line    0x0000000000004257      0x380 ./board/pin_mux.o
 .debug_line    0x00000000000045d7      0x33b ./CMSIS/system_MKL25Z4.o

.debug_str      0x0000000000000000    0x35a39
 .debug_str     0x0000000000000000    0x313e7 ./utilities/fsl_debug_console.o
                                      0x3162a (size before relaxing)
 .debug_str     0x00000000000313e7      0x3cd ./startup/startup_mkl25z4.o
                                       0x30d1 (size before relaxing)
 .debug_str     0x00000000000317b4      0xb96 ./source/01-pratica-pwm.o
                                      0x312a9 (size before relaxing)
 .debug_str     0x000000000003234a      0x532 ./source/mtb.o
                                       0x31f1 (size before relaxing)
 .debug_str     0x000000000003287c       0x1f ./source/semihost_hardfault.o
                                       0x2cde (size before relaxing)
 .debug_str     0x000000000003289b     0x1797 ./drivers/fsl_clock.o
                                      0x321a6 (size before relaxing)
 .debug_str     0x0000000000034032      0xb67 ./drivers/fsl_lpsci.o
                                      0x31795 (size before relaxing)
 .debug_str     0x0000000000034b99      0x832 ./drivers/fsl_uart.o
                                      0x317b8 (size before relaxing)
 .debug_str     0x00000000000353cb       0x4c ./board/board.o
                                      0x31208 (size before relaxing)
 .debug_str     0x0000000000035417      0x3c1 ./board/clock_config.o
                                      0x310d7 (size before relaxing)
 .debug_str     0x00000000000357d8       0x31 ./board/peripherals.o
                                       0x2cef (size before relaxing)
 .debug_str     0x0000000000035809      0x1e1 ./board/pin_mux.o
                                      0x3081e (size before relaxing)
 .debug_str     0x00000000000359ea       0x4f ./CMSIS/system_MKL25Z4.o
                                      0x2fb20 (size before relaxing)

.comment        0x0000000000000000       0x49
 .comment       0x0000000000000000       0x49 ./utilities/fsl_debug_console.o
                                         0x4a (size before relaxing)
 .comment       0x0000000000000049       0x4a ./startup/startup_mkl25z4.o
 .comment       0x0000000000000049       0x4a ./source/01-pratica-pwm.o
 .comment       0x0000000000000049       0x4a ./source/mtb.o
 .comment       0x0000000000000049       0x4a ./source/semihost_hardfault.o
 .comment       0x0000000000000049       0x4a ./drivers/fsl_clock.o
 .comment       0x0000000000000049       0x4a ./drivers/fsl_lpsci.o
 .comment       0x0000000000000049       0x4a ./drivers/fsl_uart.o
 .comment       0x0000000000000049       0x4a ./board/board.o
 .comment       0x0000000000000049       0x4a ./board/clock_config.o
 .comment       0x0000000000000049       0x4a ./board/peripherals.o
 .comment       0x0000000000000049       0x4a ./board/pin_mux.o
 .comment       0x0000000000000049       0x4a ./CMSIS/system_MKL25Z4.o
 .comment       0x0000000000000049       0x4a /usr/local/mcuxpressoide-11.7.0_9198/ide/plugins/com.nxp.mcuxpresso.tools.linux_11.7.0.202209140929/tools/bin/../lib/gcc/arm-none-eabi/10.3.1/../../../../arm-none-eabi/lib/thumb/v6-m/nofp/libcr_semihost_nf.a(_cr__main.o)
 .comment       0x0000000000000049       0x4a /usr/local/mcuxpressoide-11.7.0_9198/ide/plugins/com.nxp.mcuxpresso.tools.linux_11.7.0.202209140929/tools/bin/../lib/gcc/arm-none-eabi/10.3.1/../../../../arm-none-eabi/lib/thumb/v6-m/nofp/libcr_semihost_nf.a(_cr_assert.o)
 .comment       0x0000000000000049       0x4a /usr/local/mcuxpressoide-11.7.0_9198/ide/plugins/com.nxp.mcuxpresso.tools.linux_11.7.0.202209140929/tools/bin/../lib/gcc/arm-none-eabi/10.3.1/../../../../arm-none-eabi/lib/thumb/v6-m/nofp/libcr_semihost_nf.a(__ciob.o)
 .comment       0x0000000000000049       0x4a /usr/local/mcuxpressoide-11.7.0_9198/ide/plugins/com.nxp.mcuxpresso.tools.linux_11.7.0.202209140929/tools/bin/../lib/gcc/arm-none-eabi/10.3.1/../../../../arm-none-eabi/lib/thumb/v6-m/nofp/libcr_c.a(memset.o)
 .comment       0x0000000000000049       0x4a /usr/local/mcuxpressoide-11.7.0_9198/ide/plugins/com.nxp.mcuxpresso.tools.linux_11.7.0.202209140929/tools/bin/../lib/gcc/arm-none-eabi/10.3.1/../../../../arm-none-eabi/lib/thumb/v6-m/nofp/libcr_c.a(_deferredlazyseek.o)
 .comment       0x0000000000000049       0x4a /usr/local/mcuxpressoide-11.7.0_9198/ide/plugins/com.nxp.mcuxpresso.tools.linux_11.7.0.202209140929/tools/bin/../lib/gcc/arm-none-eabi/10.3.1/../../../../arm-none-eabi/lib/thumb/v6-m/nofp/libcr_c.a(_fflush.o)
 .comment       0x0000000000000049       0x4a /usr/local/mcuxpressoide-11.7.0_9198/ide/plugins/com.nxp.mcuxpresso.tools.linux_11.7.0.202209140929/tools/bin/../lib/gcc/arm-none-eabi/10.3.1/../../../../arm-none-eabi/lib/thumb/v6-m/nofp/libcr_c.a(_writebuf.o)
 .comment       0x0000000000000049       0x4a /usr/local/mcuxpressoide-11.7.0_9198/ide/plugins/com.nxp.mcuxpresso.tools.linux_11.7.0.202209140929/tools/bin/../lib/gcc/arm-none-eabi/10.3.1/../../../../arm-none-eabi/lib/thumb/v6-m/nofp/libcr_c.a(alloc.o)
 .comment       0x0000000000000049       0x4a /usr/local/mcuxpressoide-11.7.0_9198/ide/plugins/com.nxp.mcuxpresso.tools.linux_11.7.0.202209140929/tools/bin/../lib/gcc/arm-none-eabi/10.3.1/../../../../arm-none-eabi/lib/thumb/v6-m/nofp/libcr_c.a(fputs.o)
 .comment       0x0000000000000049       0x4a /usr/local/mcuxpressoide-11.7.0_9198/ide/plugins/com.nxp.mcuxpresso.tools.linux_11.7.0.202209140929/tools/bin/../lib/gcc/arm-none-eabi/10.3.1/../../../../arm-none-eabi/lib/thumb/v6-m/nofp/libcr_c.a(fseek.o)
 .comment       0x0000000000000049       0x4a /usr/local/mcuxpressoide-11.7.0_9198/ide/plugins/com.nxp.mcuxpresso.tools.linux_11.7.0.202209140929/tools/bin/../lib/gcc/arm-none-eabi/10.3.1/../../../../arm-none-eabi/lib/thumb/v6-m/nofp/libcr_c.a(ftell.o)
 .comment       0x0000000000000049       0x4a /usr/local/mcuxpressoide-11.7.0_9198/ide/plugins/com.nxp.mcuxpresso.tools.linux_11.7.0.202209140929/tools/bin/../lib/gcc/arm-none-eabi/10.3.1/../../../../arm-none-eabi/lib/thumb/v6-m/nofp/libcr_c.a(initio.o)
 .comment       0x0000000000000049       0x4a /usr/local/mcuxpressoide-11.7.0_9198/ide/plugins/com.nxp.mcuxpresso.tools.linux_11.7.0.202209140929/tools/bin/../lib/gcc/arm-none-eabi/10.3.1/../../../../arm-none-eabi/lib/thumb/v6-m/nofp/libcr_c.a(setvbuf.o)
 .comment       0x0000000000000049       0x4a /usr/local/mcuxpressoide-11.7.0_9198/ide/plugins/com.nxp.mcuxpresso.tools.linux_11.7.0.202209140929/tools/bin/../lib/gcc/arm-none-eabi/10.3.1/../../../../arm-none-eabi/lib/thumb/v6-m/nofp/libcr_c.a(__init_alloc.o)
 .comment       0x0000000000000049       0x4a /usr/local/mcuxpressoide-11.7.0_9198/ide/plugins/com.nxp.mcuxpresso.tools.linux_11.7.0.202209140929/tools/bin/../lib/gcc/arm-none-eabi/10.3.1/../../../../arm-none-eabi/lib/thumb/v6-m/nofp/libcr_c.a(_cr_sbrk.o)
 .comment       0x0000000000000049       0x4a /usr/local/mcuxpressoide-11.7.0_9198/ide/plugins/com.nxp.mcuxpresso.tools.linux_11.7.0.202209140929/tools/bin/../lib/gcc/arm-none-eabi/10.3.1/../../../../arm-none-eabi/lib/thumb/v6-m/nofp/libcr_c.a(_fdopen.o)
 .comment       0x0000000000000049       0x4a /usr/local/mcuxpressoide-11.7.0_9198/ide/plugins/com.nxp.mcuxpresso.tools.linux_11.7.0.202209140929/tools/bin/../lib/gcc/arm-none-eabi/10.3.1/../../../../arm-none-eabi/lib/thumb/v6-m/nofp/libcr_c.a(errno.o)
 .comment       0x0000000000000049       0x4a /usr/local/mcuxpressoide-11.7.0_9198/ide/plugins/com.nxp.mcuxpresso.tools.linux_11.7.0.202209140929/tools/bin/../lib/gcc/arm-none-eabi/10.3.1/../../../../arm-none-eabi/lib/thumb/v6-m/nofp/libcr_c.a(fclose.o)
 .comment       0x0000000000000049       0x4a /usr/local/mcuxpressoide-11.7.0_9198/ide/plugins/com.nxp.mcuxpresso.tools.linux_11.7.0.202209140929/tools/bin/../lib/gcc/arm-none-eabi/10.3.1/../../../../arm-none-eabi/lib/thumb/v6-m/nofp/libcr_c.a(fflush.o)
 .comment       0x0000000000000049       0x4a /usr/local/mcuxpressoide-11.7.0_9198/ide/plugins/com.nxp.mcuxpresso.tools.linux_11.7.0.202209140929/tools/bin/../lib/gcc/arm-none-eabi/10.3.1/../../../../arm-none-eabi/lib/thumb/v6-m/nofp/libcr_c.a(remove.o)
 .comment       0x0000000000000049       0x4a /usr/local/mcuxpressoide-11.7.0_9198/ide/plugins/com.nxp.mcuxpresso.tools.linux_11.7.0.202209140929/tools/bin/../lib/gcc/arm-none-eabi/10.3.1/../../../../arm-none-eabi/lib/thumb/v6-m/nofp/libcr_c.a(strlen.o)
 .comment       0x0000000000000049       0x4a /usr/local/mcuxpressoide-11.7.0_9198/ide/plugins/com.nxp.mcuxpresso.tools.linux_11.7.0.202209140929/tools/bin/../lib/gcc/arm-none-eabi/10.3.1/../../../../arm-none-eabi/lib/thumb/v6-m/nofp/libcr_c.a(_cr_check_heap.o)
 .comment       0x0000000000000049       0x4a /usr/local/mcuxpressoide-11.7.0_9198/ide/plugins/com.nxp.mcuxpresso.tools.linux_11.7.0.202209140929/tools/bin/../lib/gcc/arm-none-eabi/10.3.1/../../../../arm-none-eabi/lib/thumb/v6-m/nofp/libcr_c.a(_do_fflush.o)
 .comment       0x0000000000000049       0x4a /usr/local/mcuxpressoide-11.7.0_9198/ide/plugins/com.nxp.mcuxpresso.tools.linux_11.7.0.202209140929/tools/bin/../lib/gcc/arm-none-eabi/10.3.1/thumb/v6-m/nofp/libcr_eabihelpers.a(double.o)
 .comment       0x0000000000000049       0x4a /usr/local/mcuxpressoide-11.7.0_9198/ide/plugins/com.nxp.mcuxpresso.tools.linux_11.7.0.202209140929/tools/bin/../lib/gcc/arm-none-eabi/10.3.1/thumb/v6-m/nofp/libcr_eabihelpers.a(float.o)

.ARM.attributes
                0x0000000000000000       0x2a
 .ARM.attributes
                0x0000000000000000       0x2c ./utilities/fsl_debug_console.o
 .ARM.attributes
                0x000000000000002c       0x2c ./startup/startup_mkl25z4.o
 .ARM.attributes
                0x0000000000000058       0x2c ./source/01-pratica-pwm.o
 .ARM.attributes
                0x0000000000000084       0x2c ./source/mtb.o
 .ARM.attributes
                0x00000000000000b0       0x2c ./source/semihost_hardfault.o
 .ARM.attributes
                0x00000000000000dc       0x2c ./drivers/fsl_clock.o
 .ARM.attributes
                0x0000000000000108       0x2c ./drivers/fsl_lpsci.o
 .ARM.attributes
                0x0000000000000134       0x2c ./drivers/fsl_uart.o
 .ARM.attributes
                0x0000000000000160       0x2c ./board/board.o
 .ARM.attributes
                0x000000000000018c       0x2c ./board/clock_config.o
 .ARM.attributes
                0x00000000000001b8       0x2c ./board/peripherals.o
 .ARM.attributes
                0x00000000000001e4       0x2c ./board/pin_mux.o
 .ARM.attributes
                0x0000000000000210       0x2c ./CMSIS/system_MKL25Z4.o
 .ARM.attributes
                0x000000000000023c       0x2c /usr/local/mcuxpressoide-11.7.0_9198/ide/plugins/com.nxp.mcuxpresso.tools.linux_11.7.0.202209140929/tools/bin/../lib/gcc/arm-none-eabi/10.3.1/../../../../arm-none-eabi/lib/thumb/v6-m/nofp/libcr_semihost_nf.a(_cr__main.o)
 .ARM.attributes
                0x0000000000000268       0x2c /usr/local/mcuxpressoide-11.7.0_9198/ide/plugins/com.nxp.mcuxpresso.tools.linux_11.7.0.202209140929/tools/bin/../lib/gcc/arm-none-eabi/10.3.1/../../../../arm-none-eabi/lib/thumb/v6-m/nofp/libcr_semihost_nf.a(_cr_assert.o)
 .ARM.attributes
                0x0000000000000294       0x2c /usr/local/mcuxpressoide-11.7.0_9198/ide/plugins/com.nxp.mcuxpresso.tools.linux_11.7.0.202209140929/tools/bin/../lib/gcc/arm-none-eabi/10.3.1/../../../../arm-none-eabi/lib/thumb/v6-m/nofp/libcr_semihost_nf.a(__ciob.o)
 .ARM.attributes
                0x00000000000002c0       0x1c /usr/local/mcuxpressoide-11.7.0_9198/ide/plugins/com.nxp.mcuxpresso.tools.linux_11.7.0.202209140929/tools/bin/../lib/gcc/arm-none-eabi/10.3.1/../../../../arm-none-eabi/lib/thumb/v6-m/nofp/libcr_semihost_nf.a(__sys_appexit.o)
 .ARM.attributes
                0x00000000000002dc       0x2c /usr/local/mcuxpressoide-11.7.0_9198/ide/plugins/com.nxp.mcuxpresso.tools.linux_11.7.0.202209140929/tools/bin/../lib/gcc/arm-none-eabi/10.3.1/../../../../arm-none-eabi/lib/thumb/v6-m/nofp/libcr_c.a(memset.o)
 .ARM.attributes
                0x0000000000000308       0x2c /usr/local/mcuxpressoide-11.7.0_9198/ide/plugins/com.nxp.mcuxpresso.tools.linux_11.7.0.202209140929/tools/bin/../lib/gcc/arm-none-eabi/10.3.1/../../../../arm-none-eabi/lib/thumb/v6-m/nofp/libcr_c.a(_deferredlazyseek.o)
 .ARM.attributes
                0x0000000000000334       0x2c /usr/local/mcuxpressoide-11.7.0_9198/ide/plugins/com.nxp.mcuxpresso.tools.linux_11.7.0.202209140929/tools/bin/../lib/gcc/arm-none-eabi/10.3.1/../../../../arm-none-eabi/lib/thumb/v6-m/nofp/libcr_c.a(_fflush.o)
 .ARM.attributes
                0x0000000000000360       0x2c /usr/local/mcuxpressoide-11.7.0_9198/ide/plugins/com.nxp.mcuxpresso.tools.linux_11.7.0.202209140929/tools/bin/../lib/gcc/arm-none-eabi/10.3.1/../../../../arm-none-eabi/lib/thumb/v6-m/nofp/libcr_c.a(_writebuf.o)
 .ARM.attributes
                0x000000000000038c       0x2c /usr/local/mcuxpressoide-11.7.0_9198/ide/plugins/com.nxp.mcuxpresso.tools.linux_11.7.0.202209140929/tools/bin/../lib/gcc/arm-none-eabi/10.3.1/../../../../arm-none-eabi/lib/thumb/v6-m/nofp/libcr_c.a(alloc.o)
 .ARM.attributes
                0x00000000000003b8       0x2c /usr/local/mcuxpressoide-11.7.0_9198/ide/plugins/com.nxp.mcuxpresso.tools.linux_11.7.0.202209140929/tools/bin/../lib/gcc/arm-none-eabi/10.3.1/../../../../arm-none-eabi/lib/thumb/v6-m/nofp/libcr_c.a(fputs.o)
 .ARM.attributes
                0x00000000000003e4       0x2c /usr/local/mcuxpressoide-11.7.0_9198/ide/plugins/com.nxp.mcuxpresso.tools.linux_11.7.0.202209140929/tools/bin/../lib/gcc/arm-none-eabi/10.3.1/../../../../arm-none-eabi/lib/thumb/v6-m/nofp/libcr_c.a(fseek.o)
 .ARM.attributes
                0x0000000000000410       0x2c /usr/local/mcuxpressoide-11.7.0_9198/ide/plugins/com.nxp.mcuxpresso.tools.linux_11.7.0.202209140929/tools/bin/../lib/gcc/arm-none-eabi/10.3.1/../../../../arm-none-eabi/lib/thumb/v6-m/nofp/libcr_c.a(ftell.o)
 .ARM.attributes
                0x000000000000043c       0x2c /usr/local/mcuxpressoide-11.7.0_9198/ide/plugins/com.nxp.mcuxpresso.tools.linux_11.7.0.202209140929/tools/bin/../lib/gcc/arm-none-eabi/10.3.1/../../../../arm-none-eabi/lib/thumb/v6-m/nofp/libcr_c.a(initio.o)
 .ARM.attributes
                0x0000000000000468       0x2c /usr/local/mcuxpressoide-11.7.0_9198/ide/plugins/com.nxp.mcuxpresso.tools.linux_11.7.0.202209140929/tools/bin/../lib/gcc/arm-none-eabi/10.3.1/../../../../arm-none-eabi/lib/thumb/v6-m/nofp/libcr_c.a(setvbuf.o)
 .ARM.attributes
                0x0000000000000494       0x2c /usr/local/mcuxpressoide-11.7.0_9198/ide/plugins/com.nxp.mcuxpresso.tools.linux_11.7.0.202209140929/tools/bin/../lib/gcc/arm-none-eabi/10.3.1/../../../../arm-none-eabi/lib/thumb/v6-m/nofp/libcr_c.a(__init_alloc.o)
 .ARM.attributes
                0x00000000000004c0       0x2c /usr/local/mcuxpressoide-11.7.0_9198/ide/plugins/com.nxp.mcuxpresso.tools.linux_11.7.0.202209140929/tools/bin/../lib/gcc/arm-none-eabi/10.3.1/../../../../arm-none-eabi/lib/thumb/v6-m/nofp/libcr_c.a(_cr_sbrk.o)
 .ARM.attributes
                0x00000000000004ec       0x2c /usr/local/mcuxpressoide-11.7.0_9198/ide/plugins/com.nxp.mcuxpresso.tools.linux_11.7.0.202209140929/tools/bin/../lib/gcc/arm-none-eabi/10.3.1/../../../../arm-none-eabi/lib/thumb/v6-m/nofp/libcr_c.a(_fdopen.o)
 .ARM.attributes
                0x0000000000000518       0x2c /usr/local/mcuxpressoide-11.7.0_9198/ide/plugins/com.nxp.mcuxpresso.tools.linux_11.7.0.202209140929/tools/bin/../lib/gcc/arm-none-eabi/10.3.1/../../../../arm-none-eabi/lib/thumb/v6-m/nofp/libcr_c.a(errno.o)
 .ARM.attributes
                0x0000000000000544       0x2c /usr/local/mcuxpressoide-11.7.0_9198/ide/plugins/com.nxp.mcuxpresso.tools.linux_11.7.0.202209140929/tools/bin/../lib/gcc/arm-none-eabi/10.3.1/../../../../arm-none-eabi/lib/thumb/v6-m/nofp/libcr_c.a(fclose.o)
 .ARM.attributes
                0x0000000000000570       0x2c /usr/local/mcuxpressoide-11.7.0_9198/ide/plugins/com.nxp.mcuxpresso.tools.linux_11.7.0.202209140929/tools/bin/../lib/gcc/arm-none-eabi/10.3.1/../../../../arm-none-eabi/lib/thumb/v6-m/nofp/libcr_c.a(fflush.o)
 .ARM.attributes
                0x000000000000059c       0x2c /usr/local/mcuxpressoide-11.7.0_9198/ide/plugins/com.nxp.mcuxpresso.tools.linux_11.7.0.202209140929/tools/bin/../lib/gcc/arm-none-eabi/10.3.1/../../../../arm-none-eabi/lib/thumb/v6-m/nofp/libcr_c.a(remove.o)
 .ARM.attributes
                0x00000000000005c8       0x2c /usr/local/mcuxpressoide-11.7.0_9198/ide/plugins/com.nxp.mcuxpresso.tools.linux_11.7.0.202209140929/tools/bin/../lib/gcc/arm-none-eabi/10.3.1/../../../../arm-none-eabi/lib/thumb/v6-m/nofp/libcr_c.a(strlen.o)
 .ARM.attributes
                0x00000000000005f4       0x2c /usr/local/mcuxpressoide-11.7.0_9198/ide/plugins/com.nxp.mcuxpresso.tools.linux_11.7.0.202209140929/tools/bin/../lib/gcc/arm-none-eabi/10.3.1/../../../../arm-none-eabi/lib/thumb/v6-m/nofp/libcr_c.a(_cr_check_heap.o)
 .ARM.attributes
                0x0000000000000620       0x2c /usr/local/mcuxpressoide-11.7.0_9198/ide/plugins/com.nxp.mcuxpresso.tools.linux_11.7.0.202209140929/tools/bin/../lib/gcc/arm-none-eabi/10.3.1/../../../../arm-none-eabi/lib/thumb/v6-m/nofp/libcr_c.a(_do_fflush.o)
 .ARM.attributes
                0x000000000000064c       0x1c /usr/local/mcuxpressoide-11.7.0_9198/ide/plugins/com.nxp.mcuxpresso.tools.linux_11.7.0.202209140929/tools/bin/../lib/gcc/arm-none-eabi/10.3.1/thumb/v6-m/nofp/libcr_eabihelpers.a(division_32.o)
 .ARM.attributes
                0x0000000000000668       0x1c /usr/local/mcuxpressoide-11.7.0_9198/ide/plugins/com.nxp.mcuxpresso.tools.linux_11.7.0.202209140929/tools/bin/../lib/gcc/arm-none-eabi/10.3.1/thumb/v6-m/nofp/libcr_eabihelpers.a(division_idiv0.o)
 .ARM.attributes
                0x0000000000000684       0x2c /usr/local/mcuxpressoide-11.7.0_9198/ide/plugins/com.nxp.mcuxpresso.tools.linux_11.7.0.202209140929/tools/bin/../lib/gcc/arm-none-eabi/10.3.1/thumb/v6-m/nofp/libcr_eabihelpers.a(double.o)
 .ARM.attributes
                0x00000000000006b0       0x2c /usr/local/mcuxpressoide-11.7.0_9198/ide/plugins/com.nxp.mcuxpresso.tools.linux_11.7.0.202209140929/tools/bin/../lib/gcc/arm-none-eabi/10.3.1/thumb/v6-m/nofp/libcr_eabihelpers.a(float.o)
 .ARM.attributes
                0x00000000000006dc       0x1c /usr/local/mcuxpressoide-11.7.0_9198/ide/plugins/com.nxp.mcuxpresso.tools.linux_11.7.0.202209140929/tools/bin/../lib/gcc/arm-none-eabi/10.3.1/thumb/v6-m/nofp/libcr_eabihelpers.a(llong.o)
 .ARM.attributes
                0x00000000000006f8       0x1c /usr/local/mcuxpressoide-11.7.0_9198/ide/plugins/com.nxp.mcuxpresso.tools.linux_11.7.0.202209140929/tools/bin/../lib/gcc/arm-none-eabi/10.3.1/thumb/v6-m/nofp/libcr_eabihelpers.a(memcpy.o)
 .ARM.attributes
                0x0000000000000714       0x1c /usr/local/mcuxpressoide-11.7.0_9198/ide/plugins/com.nxp.mcuxpresso.tools.linux_11.7.0.202209140929/tools/bin/../lib/gcc/arm-none-eabi/10.3.1/../../../../arm-none-eabi/lib/thumb/v6-m/nofp/libcr_semihost_nf.a(__sys_close.o)
 .ARM.attributes
                0x0000000000000730       0x1c /usr/local/mcuxpressoide-11.7.0_9198/ide/plugins/com.nxp.mcuxpresso.tools.linux_11.7.0.202209140929/tools/bin/../lib/gcc/arm-none-eabi/10.3.1/../../../../arm-none-eabi/lib/thumb/v6-m/nofp/libcr_semihost_nf.a(__sys_flen.o)
 .ARM.attributes
                0x000000000000074c       0x1c /usr/local/mcuxpressoide-11.7.0_9198/ide/plugins/com.nxp.mcuxpresso.tools.linux_11.7.0.202209140929/tools/bin/../lib/gcc/arm-none-eabi/10.3.1/../../../../arm-none-eabi/lib/thumb/v6-m/nofp/libcr_semihost_nf.a(__sys_istty.o)
 .ARM.attributes
                0x0000000000000768       0x1c /usr/local/mcuxpressoide-11.7.0_9198/ide/plugins/com.nxp.mcuxpresso.tools.linux_11.7.0.202209140929/tools/bin/../lib/gcc/arm-none-eabi/10.3.1/../../../../arm-none-eabi/lib/thumb/v6-m/nofp/libcr_semihost_nf.a(__sys_remove.o)
 .ARM.attributes
                0x0000000000000784       0x1c /usr/local/mcuxpressoide-11.7.0_9198/ide/plugins/com.nxp.mcuxpresso.tools.linux_11.7.0.202209140929/tools/bin/../lib/gcc/arm-none-eabi/10.3.1/../../../../arm-none-eabi/lib/thumb/v6-m/nofp/libcr_semihost_nf.a(__sys_seek.o)
 .ARM.attributes
                0x00000000000007a0       0x1c /usr/local/mcuxpressoide-11.7.0_9198/ide/plugins/com.nxp.mcuxpresso.tools.linux_11.7.0.202209140929/tools/bin/../lib/gcc/arm-none-eabi/10.3.1/../../../../arm-none-eabi/lib/thumb/v6-m/nofp/libcr_semihost_nf.a(__sys_tmpnam.o)
 .ARM.attributes
                0x00000000000007bc       0x1c /usr/local/mcuxpressoide-11.7.0_9198/ide/plugins/com.nxp.mcuxpresso.tools.linux_11.7.0.202209140929/tools/bin/../lib/gcc/arm-none-eabi/10.3.1/../../../../arm-none-eabi/lib/thumb/v6-m/nofp/libcr_semihost_nf.a(__sys_write.o)

.debug_frame    0x0000000000000000     0x16cc
 .debug_frame   0x0000000000000000       0xcc ./utilities/fsl_debug_console.o
 .debug_frame   0x00000000000000cc      0x3b0 ./startup/startup_mkl25z4.o
 .debug_frame   0x000000000000047c       0x88 ./source/01-pratica-pwm.o
 .debug_frame   0x0000000000000504       0x20 ./source/semihost_hardfault.o
 .debug_frame   0x0000000000000524      0x6e0 ./drivers/fsl_clock.o
 .debug_frame   0x0000000000000c04      0x414 ./drivers/fsl_lpsci.o
 .debug_frame   0x0000000000001018      0x464 ./drivers/fsl_uart.o
 .debug_frame   0x000000000000147c       0x50 ./board/board.o
 .debug_frame   0x00000000000014cc      0x100 ./board/clock_config.o
 .debug_frame   0x00000000000015cc       0x2c ./board/peripherals.o
 .debug_frame   0x00000000000015f8       0x88 ./board/pin_mux.o
 .debug_frame   0x0000000000001680       0x4c ./CMSIS/system_MKL25Z4.o

Cross Reference Table

Symbol                                            File
ADC0_DriverIRQHandler                             ./startup/startup_mkl25z4.o
ADC0_IRQHandler                                   ./startup/startup_mkl25z4.o
BOARD_BootClockRUN                                ./board/clock_config.o
BOARD_BootClockVLPR                               ./board/clock_config.o
BOARD_InitBootClocks                              ./board/clock_config.o
                                                  ./source/01-pratica-pwm.o
BOARD_InitBootPeripherals                         ./board/peripherals.o
                                                  ./source/01-pratica-pwm.o
BOARD_InitBootPins                                ./board/pin_mux.o
                                                  ./source/01-pratica-pwm.o
BOARD_InitDebugConsole                            ./board/board.o
                                                  ./source/01-pratica-pwm.o
BOARD_InitPins                                    ./board/pin_mux.o
CLOCK_BootToBlpeMode                              ./drivers/fsl_clock.o
CLOCK_BootToBlpiMode                              ./drivers/fsl_clock.o
                                                  ./board/clock_config.o
CLOCK_BootToFeeMode                               ./drivers/fsl_clock.o
CLOCK_BootToFeiMode                               ./drivers/fsl_clock.o
CLOCK_BootToPeeMode                               ./drivers/fsl_clock.o
                                                  ./board/clock_config.o
CLOCK_CalcPllDiv                                  ./drivers/fsl_clock.o
CLOCK_ClearStatusFlags                            ./drivers/fsl_clock.o
CLOCK_DeinitOsc0                                  ./drivers/fsl_clock.o
CLOCK_EnablePll0                                  ./drivers/fsl_clock.o
CLOCK_EnableUsbfs0Clock                           ./drivers/fsl_clock.o
CLOCK_ExternalModeToFbeModeQuick                  ./drivers/fsl_clock.o
CLOCK_FllStableDelay                              ./drivers/fsl_clock.o
CLOCK_GetBusClkFreq                               ./drivers/fsl_clock.o
CLOCK_GetCoreSysClkFreq                           ./drivers/fsl_clock.o
CLOCK_GetEr32kClkFreq                             ./drivers/fsl_clock.o
CLOCK_GetFixedFreqClkFreq                         ./drivers/fsl_clock.o
CLOCK_GetFlashClkFreq                             ./drivers/fsl_clock.o
CLOCK_GetFllFreq                                  ./drivers/fsl_clock.o
CLOCK_GetFreq                                     ./drivers/fsl_clock.o
CLOCK_GetInternalRefClkFreq                       ./drivers/fsl_clock.o
CLOCK_GetMode                                     ./drivers/fsl_clock.o
CLOCK_GetOsc0ErClkFreq                            ./drivers/fsl_clock.o
CLOCK_GetOutClkFreq                               ./drivers/fsl_clock.o
CLOCK_GetPlatClkFreq                              ./drivers/fsl_clock.o
CLOCK_GetPll0Freq                                 ./drivers/fsl_clock.o
CLOCK_GetPllFllSelClkFreq                         ./drivers/fsl_clock.o
                                                  ./board/board.o
CLOCK_GetStatusFlags                              ./drivers/fsl_clock.o
CLOCK_InitOsc0                                    ./drivers/fsl_clock.o
                                                  ./board/clock_config.o
CLOCK_InternalModeToFbiModeQuick                  ./drivers/fsl_clock.o
CLOCK_SetBlpeMode                                 ./drivers/fsl_clock.o
CLOCK_SetBlpiMode                                 ./drivers/fsl_clock.o
CLOCK_SetExternalRefClkConfig                     ./drivers/fsl_clock.o
CLOCK_SetFbeMode                                  ./drivers/fsl_clock.o
CLOCK_SetFbiMode                                  ./drivers/fsl_clock.o
CLOCK_SetFeeMode                                  ./drivers/fsl_clock.o
CLOCK_SetFeiMode                                  ./drivers/fsl_clock.o
CLOCK_SetInternalRefClkConfig                     ./drivers/fsl_clock.o
                                                  ./board/clock_config.o
CLOCK_SetMcgConfig                                ./drivers/fsl_clock.o
CLOCK_SetOsc0MonitorMode                          ./drivers/fsl_clock.o
CLOCK_SetPbeMode                                  ./drivers/fsl_clock.o
CLOCK_SetPeeMode                                  ./drivers/fsl_clock.o
CLOCK_SetPll0MonitorMode                          ./drivers/fsl_clock.o
CLOCK_SetSimConfig                                ./drivers/fsl_clock.o
                                                  ./board/clock_config.o
CLOCK_TrimInternalRefClk                          ./drivers/fsl_clock.o
CMP0_DriverIRQHandler                             ./startup/startup_mkl25z4.o
CMP0_IRQHandler                                   ./startup/startup_mkl25z4.o
DAC0_DriverIRQHandler                             ./startup/startup_mkl25z4.o
DAC0_IRQHandler                                   ./startup/startup_mkl25z4.o
DMA0_DriverIRQHandler                             ./startup/startup_mkl25z4.o
DMA0_IRQHandler                                   ./startup/startup_mkl25z4.o
DMA1_DriverIRQHandler                             ./startup/startup_mkl25z4.o
DMA1_IRQHandler                                   ./startup/startup_mkl25z4.o
DMA2_DriverIRQHandler                             ./startup/startup_mkl25z4.o
DMA2_IRQHandler                                   ./startup/startup_mkl25z4.o
DMA3_DriverIRQHandler                             ./startup/startup_mkl25z4.o
DMA3_IRQHandler                                   ./startup/startup_mkl25z4.o
DbgConsole_Deinit                                 ./utilities/fsl_debug_console.o
DbgConsole_Init                                   ./utilities/fsl_debug_console.o
                                                  ./board/board.o
FLASH_Erase                                       ./drivers/fsl_flash.o
FLASH_EraseAll                                    ./drivers/fsl_flash.o
FLASH_EraseAllExecuteOnlySegments                 ./drivers/fsl_flash.o
FLASH_GetProperty                                 ./drivers/fsl_flash.o
FLASH_GetSecurityState                            ./drivers/fsl_flash.o
FLASH_Init                                        ./drivers/fsl_flash.o
FLASH_IsExecuteOnly                               ./drivers/fsl_flash.o
FLASH_IsProtected                                 ./drivers/fsl_flash.o
FLASH_PflashGetPrefetchSpeculation                ./drivers/fsl_flash.o
FLASH_PflashGetProtection                         ./drivers/fsl_flash.o
FLASH_PflashSetPrefetchSpeculation                ./drivers/fsl_flash.o
                                                  ./drivers/fsl_smc.o
FLASH_PflashSetProtection                         ./drivers/fsl_flash.o
FLASH_PrepareExecuteInRamFunctions                ./drivers/fsl_flash.o
FLASH_Program                                     ./drivers/fsl_flash.o
FLASH_ProgramOnce                                 ./drivers/fsl_flash.o
FLASH_ReadOnce                                    ./drivers/fsl_flash.o
FLASH_ReadResource                                ./drivers/fsl_flash.o
FLASH_SecurityBypass                              ./drivers/fsl_flash.o
FLASH_SetCallback                                 ./drivers/fsl_flash.o
FLASH_SetProperty                                 ./drivers/fsl_flash.o
FLASH_VerifyErase                                 ./drivers/fsl_flash.o
FLASH_VerifyEraseAll                              ./drivers/fsl_flash.o
FLASH_VerifyEraseAllExecuteOnlySegments           ./drivers/fsl_flash.o
FLASH_VerifyProgram                               ./drivers/fsl_flash.o
FTFA_DriverIRQHandler                             ./startup/startup_mkl25z4.o
FTFA_IRQHandler                                   ./startup/startup_mkl25z4.o
Flash_Config                                      ./startup/startup_mkl25z4.o
GPIO_ClearPinsInterruptFlags                      ./drivers/fsl_gpio.o
GPIO_GetPinsInterruptFlags                        ./drivers/fsl_gpio.o
GPIO_PinInit                                      ./drivers/fsl_gpio.o
HardFault_Handler                                 ./source/semihost_hardfault.o
                                                  ./startup/startup_mkl25z4.o
I2C0_DriverIRQHandler                             ./startup/startup_mkl25z4.o
I2C0_IRQHandler                                   ./startup/startup_mkl25z4.o
I2C1_DriverIRQHandler                             ./startup/startup_mkl25z4.o
I2C1_IRQHandler                                   ./startup/startup_mkl25z4.o
InstallIRQHandler                                 ./drivers/fsl_common.o
IntDefaultHandler                                 ./startup/startup_mkl25z4.o
LLWU_DriverIRQHandler                             ./startup/startup_mkl25z4.o
LLWU_IRQHandler                                   ./startup/startup_mkl25z4.o
LPSCI_ClearStatusFlags                            ./drivers/fsl_lpsci.o
LPSCI_Deinit                                      ./drivers/fsl_lpsci.o
                                                  ./utilities/fsl_debug_console.o
LPSCI_DisableInterrupts                           ./drivers/fsl_lpsci.o
LPSCI_EnableInterrupts                            ./drivers/fsl_lpsci.o
LPSCI_GetDefaultConfig                            ./drivers/fsl_lpsci.o
                                                  ./utilities/fsl_debug_console.o
LPSCI_GetEnabledInterrupts                        ./drivers/fsl_lpsci.o
LPSCI_GetInstance                                 ./drivers/fsl_lpsci.o
LPSCI_GetStatusFlags                              ./drivers/fsl_lpsci.o
LPSCI_Init                                        ./drivers/fsl_lpsci.o
                                                  ./utilities/fsl_debug_console.o
LPSCI_ReadBlocking                                ./drivers/fsl_lpsci.o
                                                  ./utilities/fsl_debug_console.o
LPSCI_SetBaudRate                                 ./drivers/fsl_lpsci.o
LPSCI_TransferAbortReceive                        ./drivers/fsl_lpsci.o
LPSCI_TransferAbortSend                           ./drivers/fsl_lpsci.o
LPSCI_TransferCreateHandle                        ./drivers/fsl_lpsci.o
LPSCI_TransferGetReceiveCount                     ./drivers/fsl_lpsci.o
LPSCI_TransferGetSendCount                        ./drivers/fsl_lpsci.o
LPSCI_TransferHandleErrorIRQ                      ./drivers/fsl_lpsci.o
LPSCI_TransferHandleIRQ                           ./drivers/fsl_lpsci.o
LPSCI_TransferReceiveNonBlocking                  ./drivers/fsl_lpsci.o
LPSCI_TransferSendNonBlocking                     ./drivers/fsl_lpsci.o
LPSCI_TransferStartRingBuffer                     ./drivers/fsl_lpsci.o
LPSCI_TransferStopRingBuffer                      ./drivers/fsl_lpsci.o
LPSCI_WriteBlocking                               ./drivers/fsl_lpsci.o
                                                  ./utilities/fsl_debug_console.o
LPTMR0_DriverIRQHandler                           ./startup/startup_mkl25z4.o
LPTMR0_IRQHandler                                 ./startup/startup_mkl25z4.o
LVD_LVW_DriverIRQHandler                          ./startup/startup_mkl25z4.o
LVD_LVW_IRQHandler                                ./startup/startup_mkl25z4.o
MCG_DriverIRQHandler                              ./startup/startup_mkl25z4.o
MCG_IRQHandler                                    ./startup/startup_mkl25z4.o
NMI_Handler                                       ./startup/startup_mkl25z4.o
PIT_DriverIRQHandler                              ./startup/startup_mkl25z4.o
PIT_IRQHandler                                    ./startup/startup_mkl25z4.o
PORTA_DriverIRQHandler                            ./startup/startup_mkl25z4.o
PORTA_IRQHandler                                  ./startup/startup_mkl25z4.o
PORTD_DriverIRQHandler                            ./startup/startup_mkl25z4.o
PORTD_IRQHandler                                  ./startup/startup_mkl25z4.o
PendSV_Handler                                    ./startup/startup_mkl25z4.o
RTC_DriverIRQHandler                              ./startup/startup_mkl25z4.o
RTC_IRQHandler                                    ./startup/startup_mkl25z4.o
RTC_Seconds_DriverIRQHandler                      ./startup/startup_mkl25z4.o
RTC_Seconds_IRQHandler                            ./startup/startup_mkl25z4.o
Reserved20_DriverIRQHandler                       ./startup/startup_mkl25z4.o
Reserved20_IRQHandler                             ./startup/startup_mkl25z4.o
Reserved39_DriverIRQHandler                       ./startup/startup_mkl25z4.o
Reserved39_IRQHandler                             ./startup/startup_mkl25z4.o
Reserved45_DriverIRQHandler                       ./startup/startup_mkl25z4.o
Reserved45_IRQHandler                             ./startup/startup_mkl25z4.o
ResetISR                                          ./startup/startup_mkl25z4.o
SMC_PostExitStopModes                             ./drivers/fsl_smc.o
SMC_PreEnterStopModes                             ./drivers/fsl_smc.o
SMC_SetPowerModeLls                               ./drivers/fsl_smc.o
SMC_SetPowerModeRun                               ./drivers/fsl_smc.o
SMC_SetPowerModeStop                              ./drivers/fsl_smc.o
SMC_SetPowerModeVlls                              ./drivers/fsl_smc.o
SMC_SetPowerModeVlpr                              ./drivers/fsl_smc.o
                                                  ./board/clock_config.o
SMC_SetPowerModeVlps                              ./drivers/fsl_smc.o
SMC_SetPowerModeVlpw                              ./drivers/fsl_smc.o
SMC_SetPowerModeWait                              ./drivers/fsl_smc.o
SPI0_DriverIRQHandler                             ./startup/startup_mkl25z4.o
SPI0_IRQHandler                                   ./startup/startup_mkl25z4.o
SPI1_DriverIRQHandler                             ./startup/startup_mkl25z4.o
SPI1_IRQHandler                                   ./startup/startup_mkl25z4.o
SVC_Handler                                       ./startup/startup_mkl25z4.o
SysTick_Handler                                   ./startup/startup_mkl25z4.o
SystemCoreClock                                   ./CMSIS/system_MKL25Z4.o
                                                  ./board/clock_config.o
SystemCoreClockUpdate                             ./CMSIS/system_MKL25Z4.o
SystemInit                                        ./CMSIS/system_MKL25Z4.o
                                                  ./startup/startup_mkl25z4.o
TPM0_DriverIRQHandler                             ./startup/startup_mkl25z4.o
TPM0_IRQHandler                                   ./startup/startup_mkl25z4.o
TPM1_DriverIRQHandler                             ./startup/startup_mkl25z4.o
TPM1_IRQHandler                                   ./startup/startup_mkl25z4.o
TPM2_DriverIRQHandler                             ./startup/startup_mkl25z4.o
TPM2_IRQHandler                                   ./startup/startup_mkl25z4.o
TSI0_DriverIRQHandler                             ./startup/startup_mkl25z4.o
TSI0_IRQHandler                                   ./startup/startup_mkl25z4.o
UART0_DriverIRQHandler                            ./drivers/fsl_lpsci.o
                                                  ./startup/startup_mkl25z4.o
UART0_IRQHandler                                  ./startup/startup_mkl25z4.o
UART1_DriverIRQHandler                            ./drivers/fsl_uart.o
                                                  ./startup/startup_mkl25z4.o
UART1_IRQHandler                                  ./startup/startup_mkl25z4.o
UART1_RX_TX_DriverIRQHandler                      ./drivers/fsl_uart.o
UART2_DriverIRQHandler                            ./drivers/fsl_uart.o
                                                  ./startup/startup_mkl25z4.o
UART2_IRQHandler                                  ./startup/startup_mkl25z4.o
UART2_RX_TX_DriverIRQHandler                      ./drivers/fsl_uart.o
UART_ClearStatusFlags                             ./drivers/fsl_uart.o
UART_Deinit                                       ./drivers/fsl_uart.o
                                                  ./utilities/fsl_debug_console.o
UART_DisableInterrupts                            ./drivers/fsl_uart.o
UART_EnableInterrupts                             ./drivers/fsl_uart.o
UART_GetDefaultConfig                             ./drivers/fsl_uart.o
                                                  ./utilities/fsl_debug_console.o
UART_GetEnabledInterrupts                         ./drivers/fsl_uart.o
UART_GetInstance                                  ./drivers/fsl_uart.o
UART_GetStatusFlags                               ./drivers/fsl_uart.o
UART_Init                                         ./drivers/fsl_uart.o
                                                  ./utilities/fsl_debug_console.o
UART_ReadBlocking                                 ./drivers/fsl_uart.o
                                                  ./utilities/fsl_debug_console.o
UART_SetBaudRate                                  ./drivers/fsl_uart.o
UART_TransferAbortReceive                         ./drivers/fsl_uart.o
UART_TransferAbortSend                            ./drivers/fsl_uart.o
UART_TransferCreateHandle                         ./drivers/fsl_uart.o
UART_TransferGetReceiveCount                      ./drivers/fsl_uart.o
UART_TransferGetSendCount                         ./drivers/fsl_uart.o
UART_TransferHandleErrorIRQ                       ./drivers/fsl_uart.o
UART_TransferHandleIRQ                            ./drivers/fsl_uart.o
UART_TransferReceiveNonBlocking                   ./drivers/fsl_uart.o
UART_TransferSendNonBlocking                      ./drivers/fsl_uart.o
UART_TransferStartRingBuffer                      ./drivers/fsl_uart.o
UART_TransferStopRingBuffer                       ./drivers/fsl_uart.o
UART_WriteBlocking                                ./drivers/fsl_uart.o
                                                  ./utilities/fsl_debug_console.o
USB0_DriverIRQHandler                             ./startup/startup_mkl25z4.o
USB0_IRQHandler                                   ./startup/startup_mkl25z4.o
_Csys_alloc                                       /usr/local/mcuxpressoide-11.7.0_9198/ide/plugins/com.nxp.mcuxpresso.tools.linux_11.7.0.202209140929/tools/bin/../lib/gcc/arm-none-eabi/10.3.1/../../../../arm-none-eabi/lib/thumb/v6-m/nofp/libcr_c.a(alloc.o)
                                                  /usr/local/mcuxpressoide-11.7.0_9198/ide/plugins/com.nxp.mcuxpresso.tools.linux_11.7.0.202209140929/tools/bin/../lib/gcc/arm-none-eabi/10.3.1/../../../../arm-none-eabi/lib/thumb/v6-m/nofp/libcr_c.a(_deferredlazyseek.o)
_Cwritebuf                                        /usr/local/mcuxpressoide-11.7.0_9198/ide/plugins/com.nxp.mcuxpresso.tools.linux_11.7.0.202209140929/tools/bin/../lib/gcc/arm-none-eabi/10.3.1/../../../../arm-none-eabi/lib/thumb/v6-m/nofp/libcr_c.a(_writebuf.o)
                                                  /usr/local/mcuxpressoide-11.7.0_9198/ide/plugins/com.nxp.mcuxpresso.tools.linux_11.7.0.202209140929/tools/bin/../lib/gcc/arm-none-eabi/10.3.1/../../../../arm-none-eabi/lib/thumb/v6-m/nofp/libcr_c.a(_fflush.o)
                                                  /usr/local/mcuxpressoide-11.7.0_9198/ide/plugins/com.nxp.mcuxpresso.tools.linux_11.7.0.202209140929/tools/bin/../lib/gcc/arm-none-eabi/10.3.1/../../../../arm-none-eabi/lib/thumb/v6-m/nofp/libcr_c.a(_deferredlazyseek.o)
__CR_SEMIHOST                                     /usr/local/mcuxpressoide-11.7.0_9198/ide/plugins/com.nxp.mcuxpresso.tools.linux_11.7.0.202209140929/tools/bin/../lib/gcc/arm-none-eabi/10.3.1/../../../../arm-none-eabi/lib/thumb/v6-m/nofp/libcr_semihost_nf.a(_cr__main.o)
__Ciob                                            /usr/local/mcuxpressoide-11.7.0_9198/ide/plugins/com.nxp.mcuxpresso.tools.linux_11.7.0.202209140929/tools/bin/../lib/gcc/arm-none-eabi/10.3.1/../../../../arm-none-eabi/lib/thumb/v6-m/nofp/libcr_semihost_nf.a(__ciob.o)
                                                  /usr/local/mcuxpressoide-11.7.0_9198/ide/plugins/com.nxp.mcuxpresso.tools.linux_11.7.0.202209140929/tools/bin/../lib/gcc/arm-none-eabi/10.3.1/../../../../arm-none-eabi/lib/thumb/v6-m/nofp/libcr_c.a(fflush.o)
                                                  /usr/local/mcuxpressoide-11.7.0_9198/ide/plugins/com.nxp.mcuxpresso.tools.linux_11.7.0.202209140929/tools/bin/../lib/gcc/arm-none-eabi/10.3.1/../../../../arm-none-eabi/lib/thumb/v6-m/nofp/libcr_c.a(initio.o)
                                                  /usr/local/mcuxpressoide-11.7.0_9198/ide/plugins/com.nxp.mcuxpresso.tools.linux_11.7.0.202209140929/tools/bin/../lib/gcc/arm-none-eabi/10.3.1/../../../../arm-none-eabi/lib/thumb/v6-m/nofp/libcr_semihost_nf.a(_cr_assert.o)
__RAM_VECTOR_TABLE_SIZE_BYTES                     ./drivers/fsl_common.o
__VECTOR_RAM                                      ./drivers/fsl_common.o
__VECTOR_TABLE                                    ./drivers/fsl_common.o
__Vectors                                         ./startup/startup_mkl25z4.o
__aeabi_cdcmpeq                                   /usr/local/mcuxpressoide-11.7.0_9198/ide/plugins/com.nxp.mcuxpresso.tools.linux_11.7.0.202209140929/tools/bin/../lib/gcc/arm-none-eabi/10.3.1/thumb/v6-m/nofp/libcr_eabihelpers.a(double.o)